Archive member included to satisfy reference by file (symbol)

C:/ST/STM32CubeIDE_1.19.0/STM32CubeIDE/plugins/com.st.stm32cube.ide.mcu.externaltools.gnu-tools-for-stm32.13.3.rel1.win32_1.0.0.202411081344/tools/bin/../lib/gcc/arm-none-eabi/13.3.1/../../../../arm-none-eabi/lib/thumb/v7e-m+fp/hard\libc_nano.a(libc_a-exit.o)
                              C:/ST/STM32CubeIDE_1.19.0/STM32CubeIDE/plugins/com.st.stm32cube.ide.mcu.externaltools.gnu-tools-for-stm32.13.3.rel1.win32_1.0.0.202411081344/tools/bin/../lib/gcc/arm-none-eabi/13.3.1/../../../../arm-none-eabi/lib/thumb/v7e-m+fp/hard/crt0.o (exit)
C:/ST/STM32CubeIDE_1.19.0/STM32CubeIDE/plugins/com.st.stm32cube.ide.mcu.externaltools.gnu-tools-for-stm32.13.3.rel1.win32_1.0.0.202411081344/tools/bin/../lib/gcc/arm-none-eabi/13.3.1/../../../../arm-none-eabi/lib/thumb/v7e-m+fp/hard\libc_nano.a(libc_a-findfp.o)
                              C:/ST/STM32CubeIDE_1.19.0/STM32CubeIDE/plugins/com.st.stm32cube.ide.mcu.externaltools.gnu-tools-for-stm32.13.3.rel1.win32_1.0.0.202411081344/tools/bin/../lib/gcc/arm-none-eabi/13.3.1/../../../../arm-none-eabi/lib/thumb/v7e-m+fp/hard\libc_nano.a(libc_a-exit.o) (__stdio_exit_handler)
C:/ST/STM32CubeIDE_1.19.0/STM32CubeIDE/plugins/com.st.stm32cube.ide.mcu.externaltools.gnu-tools-for-stm32.13.3.rel1.win32_1.0.0.202411081344/tools/bin/../lib/gcc/arm-none-eabi/13.3.1/../../../../arm-none-eabi/lib/thumb/v7e-m+fp/hard\libc_nano.a(libc_a-fwalk.o)
                              C:/ST/STM32CubeIDE_1.19.0/STM32CubeIDE/plugins/com.st.stm32cube.ide.mcu.externaltools.gnu-tools-for-stm32.13.3.rel1.win32_1.0.0.202411081344/tools/bin/../lib/gcc/arm-none-eabi/13.3.1/../../../../arm-none-eabi/lib/thumb/v7e-m+fp/hard\libc_nano.a(libc_a-findfp.o) (_fwalk_sglue)
C:/ST/STM32CubeIDE_1.19.0/STM32CubeIDE/plugins/com.st.stm32cube.ide.mcu.externaltools.gnu-tools-for-stm32.13.3.rel1.win32_1.0.0.202411081344/tools/bin/../lib/gcc/arm-none-eabi/13.3.1/../../../../arm-none-eabi/lib/thumb/v7e-m+fp/hard\libc_nano.a(libc_a-stdio.o)
                              C:/ST/STM32CubeIDE_1.19.0/STM32CubeIDE/plugins/com.st.stm32cube.ide.mcu.externaltools.gnu-tools-for-stm32.13.3.rel1.win32_1.0.0.202411081344/tools/bin/../lib/gcc/arm-none-eabi/13.3.1/../../../../arm-none-eabi/lib/thumb/v7e-m+fp/hard\libc_nano.a(libc_a-findfp.o) (__sread)
C:/ST/STM32CubeIDE_1.19.0/STM32CubeIDE/plugins/com.st.stm32cube.ide.mcu.externaltools.gnu-tools-for-stm32.13.3.rel1.win32_1.0.0.202411081344/tools/bin/../lib/gcc/arm-none-eabi/13.3.1/../../../../arm-none-eabi/lib/thumb/v7e-m+fp/hard\libc_nano.a(libc_a-memset.o)
                              C:/ST/STM32CubeIDE_1.19.0/STM32CubeIDE/plugins/com.st.stm32cube.ide.mcu.externaltools.gnu-tools-for-stm32.13.3.rel1.win32_1.0.0.202411081344/tools/bin/../lib/gcc/arm-none-eabi/13.3.1/../../../../arm-none-eabi/lib/thumb/v7e-m+fp/hard/crt0.o (memset)
C:/ST/STM32CubeIDE_1.19.0/STM32CubeIDE/plugins/com.st.stm32cube.ide.mcu.externaltools.gnu-tools-for-stm32.13.3.rel1.win32_1.0.0.202411081344/tools/bin/../lib/gcc/arm-none-eabi/13.3.1/../../../../arm-none-eabi/lib/thumb/v7e-m+fp/hard\libc_nano.a(libc_a-closer.o)
                              C:/ST/STM32CubeIDE_1.19.0/STM32CubeIDE/plugins/com.st.stm32cube.ide.mcu.externaltools.gnu-tools-for-stm32.13.3.rel1.win32_1.0.0.202411081344/tools/bin/../lib/gcc/arm-none-eabi/13.3.1/../../../../arm-none-eabi/lib/thumb/v7e-m+fp/hard\libc_nano.a(libc_a-stdio.o) (_close_r)
C:/ST/STM32CubeIDE_1.19.0/STM32CubeIDE/plugins/com.st.stm32cube.ide.mcu.externaltools.gnu-tools-for-stm32.13.3.rel1.win32_1.0.0.202411081344/tools/bin/../lib/gcc/arm-none-eabi/13.3.1/../../../../arm-none-eabi/lib/thumb/v7e-m+fp/hard\libc_nano.a(libc_a-reent.o)
                              C:/ST/STM32CubeIDE_1.19.0/STM32CubeIDE/plugins/com.st.stm32cube.ide.mcu.externaltools.gnu-tools-for-stm32.13.3.rel1.win32_1.0.0.202411081344/tools/bin/../lib/gcc/arm-none-eabi/13.3.1/../../../../arm-none-eabi/lib/thumb/v7e-m+fp/hard\libc_nano.a(libc_a-closer.o) (errno)
C:/ST/STM32CubeIDE_1.19.0/STM32CubeIDE/plugins/com.st.stm32cube.ide.mcu.externaltools.gnu-tools-for-stm32.13.3.rel1.win32_1.0.0.202411081344/tools/bin/../lib/gcc/arm-none-eabi/13.3.1/../../../../arm-none-eabi/lib/thumb/v7e-m+fp/hard\libc_nano.a(libc_a-impure.o)
                              C:/ST/STM32CubeIDE_1.19.0/STM32CubeIDE/plugins/com.st.stm32cube.ide.mcu.externaltools.gnu-tools-for-stm32.13.3.rel1.win32_1.0.0.202411081344/tools/bin/../lib/gcc/arm-none-eabi/13.3.1/../../../../arm-none-eabi/lib/thumb/v7e-m+fp/hard\libc_nano.a(libc_a-reent.o) (_impure_ptr)
C:/ST/STM32CubeIDE_1.19.0/STM32CubeIDE/plugins/com.st.stm32cube.ide.mcu.externaltools.gnu-tools-for-stm32.13.3.rel1.win32_1.0.0.202411081344/tools/bin/../lib/gcc/arm-none-eabi/13.3.1/../../../../arm-none-eabi/lib/thumb/v7e-m+fp/hard\libc_nano.a(libc_a-lseekr.o)
[...]
Memory Configuration

Name             Origin             Length             Attributes
RAM              0x20000000         0x00020000         xrw
FLASH            0x08000000         0x00080000         xr
*default*        0x00000000         0xffffffff

Linker script and memory map

LOAD C:/ST/STM32CubeIDE_1.19.0/STM32CubeIDE/plugins/com.st.stm32cube.ide.mcu.externaltools.gnu-tools-for-stm32.13.3.rel1.win32_1.0.0.202411081344/tools/bin/../lib/gcc/arm-none-eabi/13.3.1/thumb/v7e-m+fp/hard/crti.o
LOAD C:/ST/STM32CubeIDE_1.19.0/STM32CubeIDE/plugins/com.st.stm32cube.ide.mcu.externaltools.gnu-tools-for-stm32.13.3.rel1.win32_1.0.0.202411081344/tools/bin/../lib/gcc/arm-none-eabi/13.3.1/thumb/v7e-m+fp/hard/crtbegin.o
LOAD C:/ST/STM32CubeIDE_1.19.0/STM32CubeIDE/plugins/com.st.stm32cube.ide.mcu.externaltools.gnu-tools-for-stm32.13.3.rel1.win32_1.0.0.202411081344/tools/bin/../lib/gcc/arm-none-eabi/13.3.1/../../../../arm-none-eabi/lib/thumb/v7e-m+fp/hard/crt0.o
LOAD ./Core/Src/app_homeworks.o
LOAD ./Core/Src/image_processing.o
LOAD ./Core/Src/lib_image.o
LOAD ./Core/Src/lib_serialimage.o
LOAD ./Core/Src/main.o
LOAD ./Core/Src/stm32f4xx_hal_msp.o
LOAD ./Core/Src/stm32f4xx_it.o
LOAD ./Core/Src/syscalls.o
LOAD ./Core/Src/sysmem.o
LOAD ./Core/Src/system_stm32f4xx.o
LOAD ./Core/Startup/startup_stm32f446retx.o
LOAD ./Drivers/STM32F4xx_HAL_Driver/Src/stm32f4xx_hal.o
LOAD ./Drivers/STM32F4xx_HAL_Driver/Src/stm32f4xx_hal_cortex.o
LOAD ./Drivers/STM32F4xx_HAL_Driver/Src/stm32f4xx_hal_dma.o
LOAD ./Drivers/STM32F4xx_HAL_Driver/Src/stm32f4xx_hal_dma_ex.o
LOAD ./Drivers/STM32F4xx_HAL_Driver/Src/stm32f4xx_hal_exti.o
LOAD ./Drivers/STM32F4xx_HAL_Driver/Src/stm32f4xx_hal_flash.o
LOAD ./Drivers/STM32F4xx_HAL_Driver/Src/stm32f4xx_hal_flash_ex.o
LOAD ./Drivers/STM32F4xx_HAL_Driver/Src/stm32f4xx_hal_flash_ramfunc.o
LOAD ./Drivers/STM32F4xx_HAL_Driver/Src/stm32f4xx_hal_gpio.o
LOAD ./Drivers/STM32F4xx_HAL_Driver/Src/stm32f4xx_hal_pwr.o
LOAD ./Drivers/STM32F4xx_HAL_Driver/Src/stm32f4xx_hal_pwr_ex.o
LOAD ./Drivers/STM32F4xx_HAL_Driver/Src/stm32f4xx_hal_rcc.o
LOAD ./Drivers/STM32F4xx_HAL_Driver/Src/stm32f4xx_hal_rcc_ex.o
LOAD ./Drivers/STM32F4xx_HAL_Driver/Src/stm32f4xx_hal_uart.o
START GROUP
LOAD C:/ST/STM32CubeIDE_1.19.0/STM32CubeIDE/plugins/com.st.stm32cube.ide.mcu.externaltools.gnu-tools-for-stm32.13.3.rel1.win32_1.0.0.202411081344/tools/bin/../lib/gcc/arm-none-eabi/13.3.1/../../../../arm-none-eabi/lib/thumb/v7e-m+fp/hard\libc_nano.a
LOAD C:/ST/STM32CubeIDE_1.19.0/STM32CubeIDE/plugins/com.st.stm32cube.ide.mcu.externaltools.gnu-tools-for-stm32.13.3.rel1.win32_1.0.0.202411081344/tools/bin/../lib/gcc/arm-none-eabi/13.3.1/../../../../arm-none-eabi/lib/thumb/v7e-m+fp/hard\libm.a
END GROUP
START GROUP
LOAD C:/ST/STM32CubeIDE_1.19.0/STM32CubeIDE/plugins/com.st.stm32cube.ide.mcu.externaltools.gnu-tools-for-stm32.13.3.rel1.win32_1.0.0.202411081344/tools/bin/../lib/gcc/arm-none-eabi/13.3.1/thumb/v7e-m+fp/hard\libgcc.a
LOAD C:/ST/STM32CubeIDE_1.19.0/STM32CubeIDE/plugins/com.st.stm32cube.ide.mcu.externaltools.gnu-tools-for-stm32.13.3.rel1.win32_1.0.0.202411081344/tools/bin/../lib/gcc/arm-none-eabi/13.3.1/../../../../arm-none-eabi/lib/thumb/v7e-m+fp/hard\libc_nano.a
END GROUP
START GROUP
LOAD C:/ST/STM32CubeIDE_1.19.0/STM32CubeIDE/plugins/com.st.stm32cube.ide.mcu.externaltools.gnu-tools-for-stm32.13.3.rel1.win32_1.0.0.202411081344/tools/bin/../lib/gcc/arm-none-eabi/13.3.1/thumb/v7e-m+fp/hard\libgcc.a
LOAD C:/ST/STM32CubeIDE_1.19.0/STM32CubeIDE/plugins/com.st.stm32cube.ide.mcu.externaltools.gnu-tools-for-stm32.13.3.rel1.win32_1.0.0.202411081344/tools/bin/../lib/gcc/arm-none-eabi/13.3.1/../../../../arm-none-eabi/lib/thumb/v7e-m+fp/hard\libc_nano.a
LOAD C:/ST/STM32CubeIDE_1.19.0/STM32CubeIDE/plugins/com.st.stm32cube.ide.mcu.externaltools.gnu-tools-for-stm32.13.3.rel1.win32_1.0.0.202411081344/tools/bin/../lib/gcc/arm-none-eabi/13.3.1/../../../../arm-none-eabi/lib/thumb/v7e-m+fp/hard\libnosys.a
END GROUP
START GROUP
LOAD C:/ST/STM32CubeIDE_1.19.0/STM32CubeIDE/plugins/com.st.stm32cube.ide.mcu.externaltools.gnu-tools-for-stm32.13.3.rel1.win32_1.0.0.202411081344/tools/bin/../lib/gcc/arm-none-eabi/13.3.1/thumb/v7e-m+fp/hard\libgcc.a
LOAD C:/ST/STM32CubeIDE_1.19.0/STM32CubeIDE/plugins/com.st.stm32cube.ide.mcu.externaltools.gnu-tools-for-stm32.13.3.rel1.win32_1.0.0.202411081344/tools/bin/../lib/gcc/arm-none-eabi/13.3.1/../../../../arm-none-eabi/lib/thumb/v7e-m+fp/hard\libc_nano.a
LOAD C:/ST/STM32CubeIDE_1.19.0/STM32CubeIDE/plugins/com.st.stm32cube.ide.mcu.externaltools.gnu-tools-for-stm32.13.3.rel1.win32_1.0.0.202411081344/tools/bin/../lib/gcc/arm-none-eabi/13.3.1/../../../../arm-none-eabi/lib/thumb/v7e-m+fp/hard\libnosys.a
END GROUP
LOAD C:/ST/STM32CubeIDE_1.19.0/STM32CubeIDE/plugins/com.st.stm32cube.ide.mcu.externaltools.gnu-tools-for-stm32.13.3.rel1.win32_1.0.0.202411081344/tools/bin/../lib/gcc/arm-none-eabi/13.3.1/thumb/v7e-m+fp/hard/crtend.o
LOAD C:/ST/STM32CubeIDE_1.19.0/STM32CubeIDE/plugins/com.st.stm32cube.ide.mcu.externaltools.gnu-tools-for-stm32.13.3.rel1.win32_1.0.0.202411081344/tools/bin/../lib/gcc/arm-none-eabi/13.3.1/thumb/v7e-m+fp/hard/crtn.o
                0x20020000                        _estack = (ORIGIN (RAM) + LENGTH (RAM))
                0x00000200                        _Min_Heap_Size = 0x200
                0x00000400                        _Min_Stack_Size = 0x400

.isr_vector     0x08000000      0x1c4
                0x08000000                        . = ALIGN (0x4)
 *(.isr_vector)
 .isr_vector    0x08000000      0x1c4 ./Core/Startup/startup_stm32f446retx.o
                0x08000000                g_pfnVectors
                0x080001c4                        . = ALIGN (0x4)

.text           0x080001c4     0x3b44
                0x080001c4                        . = ALIGN (0x4)
 *(.text)
 .text          0x080001c4       0x40 C:/ST/STM32CubeIDE_1.19.0/STM32CubeIDE/plugins/com.st.stm32cube.ide.mcu.externaltools.gnu-tools-for-stm32.13.3.rel1.win32_1.0.0.202411081344/tools/bin/../lib/gcc/arm-none-eabi/13.3.1/thumb/v7e-m+fp/hard/crtbegin.o
 .text          0x08000204      0x378 C:/ST/STM32CubeIDE_1.19.0/STM32CubeIDE/plugins/com.st.stm32cube.ide.mcu.externaltools.gnu-tools-for-stm32.13.3.rel1.win32_1.0.0.202411081344/tools/bin/../lib/gcc/arm-none-eabi/13.3.1/thumb/v7e-m+fp/hard\libgcc.a(_arm_addsubdf3.o)
                0x08000204                __aeabi_drsub
                0x0800020c                __aeabi_dsub
                0x0800020c                __subdf3
                0x08000210                __aeabi_dadd
                0x08000210                __adddf3
                0x08000488                __floatunsidf
                0x08000488                __aeabi_ui2d
                0x080004a8                __floatsidf
                0x080004a8                __aeabi_i2d
                0x080004cc                __aeabi_f2d
                0x080004cc                __extendsfdf2
                0x08000510                __floatundidf
                0x08000510                __aeabi_ul2d
                0x08000520                __floatdidf
                0x08000520                __aeabi_l2d
 .text          0x0800057c      0x424 C:/ST/STM32CubeIDE_1.19.0/STM32CubeIDE/plugins/com.st.stm32cube.ide.mcu.externaltools.gnu-tools-for-stm32.13.3.rel1.win32_1.0.0.202411081344/tools/bin/../lib/gcc/arm-none-eabi/13.3.1/thumb/v7e-m+fp/hard\libgcc.a(_arm_muldivdf3.o)
                0x0800057c                __aeabi_dmul
                0x0800057c                __muldf3
                0x080007d0                __divdf3
                0x080007d0                __aeabi_ddiv
 .text          0x080009a0      0x110 C:/ST/STM32CubeIDE_1.19.0/STM32CubeIDE/plugins/com.st.stm32cube.ide.mcu.externaltools.gnu-tools-for-stm32.13.3.rel1.win32_1.0.0.202411081344/tools/bin/../lib/gcc/arm-none-eabi/13.3.1/thumb/v7e-m+fp/hard\libgcc.a(_arm_cmpdf2.o)
                0x080009a0                __gtdf2
                0x080009a0                __gedf2
                0x080009a8                __ltdf2
                0x080009a8                __ledf2
                0x080009b0                __nedf2
                0x080009b0                __eqdf2
                0x080009b0                __cmpdf2
                0x08000a2c                __aeabi_cdrcmple
                0x08000a3c                __aeabi_cdcmpeq
                0x08000a3c                __aeabi_cdcmple
                0x08000a4c                __aeabi_dcmpeq
                0x08000a60                __aeabi_dcmplt
                0x08000a74                __aeabi_dcmple
                0x08000a88                __aeabi_dcmpge
                0x08000a9c                __aeabi_dcmpgt
 .text          0x08000ab0       0x30 C:/ST/STM32CubeIDE_1.19.0/STM32CubeIDE/plugins/com.st.stm32cube.ide.mcu.externaltools.gnu-tools-for-stm32.13.3.rel1.win32_1.0.0.202411081344/tools/bin/../lib/gcc/arm-none-eabi/13.3.1/thumb/v7e-m+fp/hard\libgcc.a(_aeabi_uldivmod.o)
                0x08000ab0                __aeabi_uldivmod
 .text          0x08000ae0      0x2f8 C:/ST/STM32CubeIDE_1.19.0/STM32CubeIDE/plugins/com.st.stm32cube.ide.mcu.externaltools.gnu-tools-for-stm32.13.3.rel1.win32_1.0.0.202411081344/tools/bin/../lib/gcc/arm-none-eabi/13.3.1/thumb/v7e-m+fp/hard\libgcc.a(_udivmoddi4.o)
                0x08000ae0                __udivmoddi4
 .text          0x08000dd8        0x4 C:/ST/STM32CubeIDE_1.19.0/STM32CubeIDE/plugins/com.st.stm32cube.ide.mcu.externaltools.gnu-tools-for-stm32.13.3.rel1.win32_1.0.0.202411081344/tools/bin/../lib/gcc/arm-none-eabi/13.3.1/thumb/v7e-m+fp/hard\libgcc.a(_dvmd_tls.o)
                0x08000dd8                __aeabi_idiv0
                0x08000dd8                __aeabi_ldiv0
 *(.text*)
 .text.App_Run_Q1_OtsuGray
                0x08000ddc       0x4e ./Core/Src/app_homeworks.o
                0x08000ddc                App_Run_Q1_OtsuGray
 .text.App_Run_Q2_OtsuColor
                0x08000e2a       0x34 ./Core/Src/app_homeworks.o
                0x08000e2a                App_Run_Q2_OtsuColor
 *fill*         0x08000e5e        0x2 
 .text.App_Run_Q3_Morph
                0x08000e60       0xa4 ./Core/Src/app_homeworks.o
                0x08000e60                App_Run_Q3_Morph
 .text.compute_otsu_threshold
                0x08000f04      0x286 ./Core/Src/image_processing.o
                0x08000f04                compute_otsu_threshold
 .text.apply_otsu_threshold
                0x0800118a       0x54 ./Core/Src/image_processing.o
                0x0800118a                apply_otsu_threshold
 .text.compute_otsu_threshold_gray
                0x080011de      0x286 ./Core/Src/image_processing.o
                0x080011de                compute_otsu_threshold_gray
 .text.apply_otsu_threshold_gray
                0x08001464       0x54 ./Core/Src/image_processing.o
                0x08001464                apply_otsu_threshold_gray
 .text.apply_dilation_gray_3x3
                0x080014b8       0xe0 ./Core/Src/image_processing.o
                0x080014b8                apply_dilation_gray_3x3
 .text.apply_erosion_gray_3x3
                0x08001598       0xe0 ./Core/Src/image_processing.o
                0x08001598                apply_erosion_gray_3x3
 .text.apply_opening_gray_3x3
                0x08001678       0x44 ./Core/Src/image_processing.o
                0x08001678                apply_opening_gray_3x3
 .text.apply_closing_gray_3x3
                0x080016bc       0x44 ./Core/Src/image_processing.o
                0x080016bc                apply_closing_gray_3x3
 .text.Apply_Otsu_On_ColorImage_RGB565
                0x08001700       0x74 ./Core/Src/image_processing.o
                0x08001700                Apply_Otsu_On_ColorImage_RGB565
 .text.Write_Channel_To_RGB565
                0x08001774       0xf4 ./Core/Src/image_processing.o
                0x08001774                Write_Channel_To_RGB565
 .text.Extract_Channel_From_RGB565
                0x08001868       0xa0 ./Core/Src/image_processing.o
                0x08001868                Extract_Channel_From_RGB565
 .text.Convert_Grayscale8bit_To_RGB565
                0x08001908       0x78 ./Core/Src/image_processing.o
                0x08001908                Convert_Grayscale8bit_To_RGB565
 .text.Convert_RGB565_To_Grayscale8bit
                0x08001980       0x8a ./Core/Src/image_processing.o
                0x08001980                Convert_RGB565_To_Grayscale8bit
 .text.LIB_IMAGE_InitStruct
                0x08001a0a       0x92 ./Core/Src/lib_image.o
                0x08001a0a                LIB_IMAGE_InitStruct
 .text.LIB_SERIAL_IMG_Transmit
                0x08001a9c       0xe4 ./Core/Src/lib_serialimage.o
                0x08001a9c                LIB_SERIAL_IMG_Transmit
 .text.LIB_SERIAL_IMG_Receive
                0x08001b80       0xf4 ./Core/Src/lib_serialimage.o
                0x08001b80                LIB_SERIAL_IMG_Receive
 .text.main     0x08001c74       0xec ./Core/Src/main.o
                0x08001c74                main
 .text.SystemClock_Config
                0x08001d60       0xdc ./Core/Src/main.o
                0x08001d60                SystemClock_Config
 .text.MX_USART2_UART_Init
                0x08001e3c       0x54 ./Core/Src/main.o
 .text.MX_GPIO_Init
                0x08001e90       0xdc ./Core/Src/main.o
 .text.Error_Handler
                0x08001f6c        0xc ./Core/Src/main.o
                0x08001f6c                Error_Handler
 .text.HAL_MspInit
                0x08001f78       0x50 ./Core/Src/stm32f4xx_hal_msp.o
                0x08001f78                HAL_MspInit
 .text.HAL_UART_MspInit
                0x08001fc8       0x90 ./Core/Src/stm32f4xx_hal_msp.o
                0x08001fc8                HAL_UART_MspInit
 .text.NMI_Handler
                0x08002058        0x8 ./Core/Src/stm32f4xx_it.o
                0x08002058                NMI_Handler
 .text.HardFault_Handler
                0x08002060        0x8 ./Core/Src/stm32f4xx_it.o
                0x08002060                HardFault_Handler
 .text.MemManage_Handler
                0x08002068        0x8 ./Core/Src/stm32f4xx_it.o
                0x08002068                MemManage_Handler
 .text.BusFault_Handler
                0x08002070        0x8 ./Core/Src/stm32f4xx_it.o
                0x08002070                BusFault_Handler
 .text.UsageFault_Handler
                0x08002078        0x8 ./Core/Src/stm32f4xx_it.o
                0x08002078                UsageFault_Handler
 .text.SVC_Handler
                0x08002080        0xe ./Core/Src/stm32f4xx_it.o
                0x08002080                SVC_Handler
 .text.DebugMon_Handler
                0x0800208e        0xe ./Core/Src/stm32f4xx_it.o
                0x0800208e                DebugMon_Handler
 .text.PendSV_Handler
                0x0800209c        0xe ./Core/Src/stm32f4xx_it.o
                0x0800209c                PendSV_Handler
 .text.SysTick_Handler
                0x080020aa        0xc ./Core/Src/stm32f4xx_it.o
                0x080020aa                SysTick_Handler
 *fill*         0x080020b6        0x2 
 .text.SystemInit
                0x080020b8       0x24 ./Core/Src/system_stm32f4xx.o
                0x080020b8                SystemInit
 .text.Reset_Handler
                0x080020dc       0x50 ./Core/Startup/startup_stm32f446retx.o
                0x080020dc                Reset_Handler
 .text.Default_Handler
                0x0800212c        0x2 ./Core/Startup/startup_stm32f446retx.o
                0x0800212c                RTC_Alarm_IRQHandler
                0x0800212c                EXTI2_IRQHandler
                0x0800212c                TIM8_CC_IRQHandler
                0x0800212c                FMPI2C1_EV_IRQHandler
                0x0800212c                SPI4_IRQHandler
                0x0800212c                TIM1_CC_IRQHandler
                0x0800212c                DMA2_Stream5_IRQHandler
                0x0800212c                DMA1_Stream5_IRQHandler
                0x0800212c                PVD_IRQHandler
                0x0800212c                SDIO_IRQHandler
                0x0800212c                TAMP_STAMP_IRQHandler
                0x0800212c                CAN2_RX1_IRQHandler
                0x0800212c                EXTI3_IRQHandler
                0x0800212c                TIM8_TRG_COM_TIM14_IRQHandler
                0x0800212c                TIM1_UP_TIM10_IRQHandler
                0x0800212c                TIM8_UP_TIM13_IRQHandler
                0x0800212c                I2C3_ER_IRQHandler
                0x0800212c                EXTI0_IRQHandler
                0x0800212c                I2C2_EV_IRQHandler
                0x0800212c                DMA1_Stream2_IRQHandler
                0x0800212c                CAN1_RX0_IRQHandler
                0x0800212c                FPU_IRQHandler
                0x0800212c                OTG_HS_WKUP_IRQHandler
                0x0800212c                CAN2_SCE_IRQHandler
                0x0800212c                DMA2_Stream2_IRQHandler
                0x0800212c                SPI1_IRQHandler
                0x0800212c                TIM6_DAC_IRQHandler
                0x0800212c                TIM1_BRK_TIM9_IRQHandler
                0x0800212c                DCMI_IRQHandler
                0x0800212c                CAN2_RX0_IRQHandler
                0x0800212c                DMA2_Stream3_IRQHandler
                0x0800212c                SAI2_IRQHandler
                0x0800212c                USART6_IRQHandler
                0x0800212c                USART3_IRQHandler
                0x0800212c                CAN1_RX1_IRQHandler
                0x0800212c                UART5_IRQHandler
                0x0800212c                DMA2_Stream0_IRQHandler
                0x0800212c                TIM4_IRQHandler
                0x0800212c                QUADSPI_IRQHandler
                0x0800212c                I2C1_EV_IRQHandler
                0x0800212c                DMA1_Stream6_IRQHandler
                0x0800212c                DMA1_Stream1_IRQHandler
                0x0800212c                UART4_IRQHandler
                0x0800212c                TIM3_IRQHandler
                0x0800212c                RCC_IRQHandler
                0x0800212c                TIM8_BRK_TIM12_IRQHandler
                0x0800212c                Default_Handler
                0x0800212c                CEC_IRQHandler
                0x0800212c                EXTI15_10_IRQHandler
                0x0800212c                ADC_IRQHandler
                0x0800212c                DMA1_Stream7_IRQHandler
                0x0800212c                TIM7_IRQHandler
                0x0800212c                CAN2_TX_IRQHandler
                0x0800212c                TIM5_IRQHandler
                0x0800212c                DMA2_Stream7_IRQHandler
                0x0800212c                I2C3_EV_IRQHandler
                0x0800212c                EXTI9_5_IRQHandler
                0x0800212c                RTC_WKUP_IRQHandler
                0x0800212c                SPDIF_RX_IRQHandler
                0x0800212c                SPI2_IRQHandler
                0x0800212c                OTG_HS_EP1_IN_IRQHandler
                0x0800212c                DMA1_Stream0_IRQHandler
                0x0800212c                CAN1_TX_IRQHandler
                0x0800212c                FMPI2C1_ER_IRQHandler
                0x0800212c                EXTI4_IRQHandler
                0x0800212c                OTG_HS_EP1_OUT_IRQHandler
                0x0800212c                WWDG_IRQHandler
                0x0800212c                TIM2_IRQHandler
                0x0800212c                OTG_FS_WKUP_IRQHandler
                0x0800212c                TIM1_TRG_COM_TIM11_IRQHandler
                0x0800212c                OTG_HS_IRQHandler
                0x0800212c                EXTI1_IRQHandler
                0x0800212c                USART2_IRQHandler
                0x0800212c                I2C2_ER_IRQHandler
                0x0800212c                DMA2_Stream1_IRQHandler
                0x0800212c                CAN1_SCE_IRQHandler
                0x0800212c                FLASH_IRQHandler
                0x0800212c                DMA2_Stream4_IRQHandler
                0x0800212c                USART1_IRQHandler
                0x0800212c                OTG_FS_IRQHandler
                0x0800212c                SPI3_IRQHandler
                0x0800212c                DMA1_Stream4_IRQHandler
                0x0800212c                I2C1_ER_IRQHandler
                0x0800212c                FMC_IRQHandler
                0x0800212c                DMA2_Stream6_IRQHandler
                0x0800212c                SAI1_IRQHandler
                0x0800212c                DMA1_Stream3_IRQHandler
 *fill*         0x0800212e        0x2 
 .text.HAL_Init
                0x08002130       0x44 ./Drivers/STM32F4xx_HAL_Driver/Src/stm32f4xx_hal.o
                0x08002130                HAL_Init
 .text.HAL_InitTick
                0x08002174       0x60 ./Drivers/STM32F4xx_HAL_Driver/Src/stm32f4xx_hal.o
                0x08002174                HAL_InitTick
 .text.HAL_IncTick
                0x080021d4       0x28 ./Drivers/STM32F4xx_HAL_Driver/Src/stm32f4xx_hal.o
                0x080021d4                HAL_IncTick
 .text.HAL_GetTick
                0x080021fc       0x18 ./Drivers/STM32F4xx_HAL_Driver/Src/stm32f4xx_hal.o
                0x080021fc                HAL_GetTick
 .text.HAL_Delay
                0x08002214       0x48 ./Drivers/STM32F4xx_HAL_Driver/Src/stm32f4xx_hal.o
                0x08002214                HAL_Delay
 .text.__NVIC_SetPriorityGrouping
                0x0800225c       0x48 ./Drivers/STM32F4xx_HAL_Driver/Src/stm32f4xx_hal_cortex.o
 .text.__NVIC_GetPriorityGrouping
                0x080022a4       0x1c ./Drivers/STM32F4xx_HAL_Driver/Src/stm32f4xx_hal_cortex.o
 .text.__NVIC_SetPriority
                0x080022c0       0x54 ./Drivers/STM32F4xx_HAL_Driver/Src/stm32f4xx_hal_cortex.o
 .text.NVIC_EncodePriority
                0x08002314       0x66 ./Drivers/STM32F4xx_HAL_Driver/Src/stm32f4xx_hal_cortex.o
 *fill*         0x0800237a        0x2 
 .text.SysTick_Config
                0x0800237c       0x44 ./Drivers/STM32F4xx_HAL_Driver/Src/stm32f4xx_hal_cortex.o
 .text.HAL_NVIC_SetPriorityGrouping
                0x080023c0       0x16 ./Drivers/STM32F4xx_HAL_Driver/Src/stm32f4xx_hal_cortex.o
                0x080023c0                HAL_NVIC_SetPriorityGrouping
 .text.HAL_NVIC_SetPriority
                0x080023d6       0x38 ./Drivers/STM32F4xx_HAL_Driver/Src/stm32f4xx_hal_cortex.o
                0x080023d6                HAL_NVIC_SetPriority
 .text.HAL_SYSTICK_Config
                0x0800240e       0x18 ./Drivers/STM32F4xx_HAL_Driver/Src/stm32f4xx_hal_cortex.o
                0x0800240e                HAL_SYSTICK_Config
 *fill*         0x08002426        0x2 
 .text.HAL_GPIO_Init
                0x08002428      0x328 ./Drivers/STM32F4xx_HAL_Driver/Src/stm32f4xx_hal_gpio.o
                0x08002428                HAL_GPIO_Init
 .text.HAL_GPIO_WritePin
                0x08002750       0x32 ./Drivers/STM32F4xx_HAL_Driver/Src/stm32f4xx_hal_gpio.o
                0x08002750                HAL_GPIO_WritePin
 *fill*         0x08002782        0x2 
 .text.HAL_RCC_ClockConfig
                0x08002784      0x1cc ./Drivers/STM32F4xx_HAL_Driver/Src/stm32f4xx_hal_rcc.o
                0x08002784                HAL_RCC_ClockConfig
 .text.HAL_RCC_GetHCLKFreq
                0x08002950       0x18 ./Drivers/STM32F4xx_HAL_Driver/Src/stm32f4xx_hal_rcc.o
                0x08002950                HAL_RCC_GetHCLKFreq
 .text.HAL_RCC_GetPCLK1Freq
                0x08002968       0x28 ./Drivers/STM32F4xx_HAL_Driver/Src/stm32f4xx_hal_rcc.o
                0x08002968                HAL_RCC_GetPCLK1Freq
 .text.HAL_RCC_GetPCLK2Freq
                0x08002990       0x28 ./Drivers/STM32F4xx_HAL_Driver/Src/stm32f4xx_hal_rcc.o
                0x08002990                HAL_RCC_GetPCLK2Freq
 .text.HAL_RCC_GetSysClockFreq
                0x080029b8      0x460 ./Drivers/STM32F4xx_HAL_Driver/Src/stm32f4xx_hal_rcc_ex.o
                0x080029b8                HAL_RCC_GetSysClockFreq
 .text.HAL_RCC_OscConfig
                0x08002e18      0x53c ./Drivers/STM32F4xx_HAL_Driver/Src/stm32f4xx_hal_rcc_ex.o
                0x08002e18                HAL_RCC_OscConfig
 .text.HAL_UART_Init
                0x08003354       0xa0 ./Drivers/STM32F4xx_HAL_Driver/Src/stm32f4xx_hal_uart.o
                0x08003354                HAL_UART_Init
 .text.HAL_UART_Transmit
                0x080033f4      0x116 ./Drivers/STM32F4xx_HAL_Driver/Src/stm32f4xx_hal_uart.o
                0x080033f4                HAL_UART_Transmit
 .text.HAL_UART_Receive
                0x0800350a      0x12e ./Drivers/STM32F4xx_HAL_Driver/Src/stm32f4xx_hal_uart.o
                0x0800350a                HAL_UART_Receive
 .text.UART_WaitOnFlagUntilTimeout
                0x08003638       0xb2 ./Drivers/STM32F4xx_HAL_Driver/Src/stm32f4xx_hal_uart.o
 .text.UART_EndRxTransfer
                0x080036ea       0xc6 ./Drivers/STM32F4xx_HAL_Driver/Src/stm32f4xx_hal_uart.o
 .text.UART_SetConfig
                0x080037b0      0x4e8 ./Drivers/STM32F4xx_HAL_Driver/Src/stm32f4xx_hal_uart.o
 .text.memset   0x08003c98       0x10 C:/ST/STM32CubeIDE_1.19.0/STM32CubeIDE/plugins/com.st.stm32cube.ide.mcu.externaltools.gnu-tools-for-stm32.13.3.rel1.win32_1.0.0.202411081344/tools/bin/../lib/gcc/arm-none-eabi/13.3.1/../../../../arm-none-eabi/lib/thumb/v7e-m+fp/hard\libc_nano.a(libc_a-memset.o)
                0x08003c98                memset
 .text.__libc_init_array
                0x08003ca8       0x48 C:/ST/STM32CubeIDE_1.19.0/STM32CubeIDE/plugins/com.st.stm32cube.ide.mcu.externaltools.gnu-tools-for-stm32.13.3.rel1.win32_1.0.0.202411081344/tools/bin/../lib/gcc/arm-none-eabi/13.3.1/../../../../arm-none-eabi/lib/thumb/v7e-m+fp/hard\libc_nano.a(libc_a-init.o)
                0x08003ca8                __libc_init_array
 *(.glue_7)
 .glue_7        0x08003cf0        0x0 linker stubs
 *(.glue_7t)
 .glue_7t       0x08003cf0        0x0 linker stubs
 *(.eh_frame)
 .eh_frame      0x08003cf0        0x0 C:/ST/STM32CubeIDE_1.19.0/STM32CubeIDE/plugins/com.st.stm32cube.ide.mcu.externaltools.gnu-tools-for-stm32.13.3.rel1.win32_1.0.0.202411081344/tools/bin/../lib/gcc/arm-none-eabi/13.3.1/thumb/v7e-m+fp/hard/crtbegin.o
 *(.init)
 .init          0x08003cf0        0x4 C:/ST/STM32CubeIDE_1.19.0/STM32CubeIDE/plugins/com.st.stm32cube.ide.mcu.externaltools.gnu-tools-for-stm32.13.3.rel1.win32_1.0.0.202411081344/tools/bin/../lib/gcc/arm-none-eabi/13.3.1/thumb/v7e-m+fp/hard/crti.o
                0x08003cf0                _init
 .init          0x08003cf4        0x8 C:/ST/STM32CubeIDE_1.19.0/STM32CubeIDE/plugins/com.st.stm32cube.ide.mcu.externaltools.gnu-tools-for-stm32.13.3.rel1.win32_1.0.0.202411081344/tools/bin/../lib/gcc/arm-none-eabi/13.3.1/thumb/v7e-m+fp/hard/crtn.o
 *(.fini)
 .fini          0x08003cfc        0x4 C:/ST/STM32CubeIDE_1.19.0/STM32CubeIDE/plugins/com.st.stm32cube.ide.mcu.externaltools.gnu-tools-for-stm32.13.3.rel1.win32_1.0.0.202411081344/tools/bin/../lib/gcc/arm-none-eabi/13.3.1/thumb/v7e-m+fp/hard/crti.o
                0x08003cfc                _fini
 .fini          0x08003d00        0x8 C:/ST/STM32CubeIDE_1.19.0/STM32CubeIDE/plugins/com.st.stm32cube.ide.mcu.externaltools.gnu-tools-for-stm32.13.3.rel1.win32_1.0.0.202411081344/tools/bin/../lib/gcc/arm-none-eabi/13.3.1/thumb/v7e-m+fp/hard/crtn.o
                0x08003d08                        . = ALIGN (0x4)
                0x08003d08                        _etext = .

.vfp11_veneer   0x08003d08        0x0
 .vfp11_veneer  0x08003d08        0x0 linker stubs

.v4_bx          0x08003d08        0x0
 .v4_bx         0x08003d08        0x0 linker stubs

.iplt           0x08003d08        0x0
 .iplt          0x08003d08        0x0 C:/ST/STM32CubeIDE_1.19.0/STM32CubeIDE/plugins/com.st.stm32cube.ide.mcu.externaltools.gnu-tools-for-stm32.13.3.rel1.win32_1.0.0.202411081344/tools/bin/../lib/gcc/arm-none-eabi/13.3.1/thumb/v7e-m+fp/hard/crtbegin.o

.rodata         0x08003d08       0x24
                0x08003d08                        . = ALIGN (0x4)
 *(.rodata)
 .rodata        0x08003d08        0x3 ./Core/Src/image_processing.o
 *fill*         0x08003d0b        0x1 
 .rodata        0x08003d0c        0x7 ./Core/Src/lib_serialimage.o
 *(.rodata*)
 *fill*         0x08003d13        0x1 
 .rodata.AHBPrescTable
                0x08003d14       0x10 ./Core/Src/system_stm32f4xx.o
                0x08003d14                AHBPrescTable
 .rodata.APBPrescTable
                0x08003d24        0x8 ./Core/Src/system_stm32f4xx.o
                0x08003d24                APBPrescTable
                0x08003d2c                        . = ALIGN (0x4)

.ARM.extab      0x08003d2c        0x0
                0x08003d2c                        . = ALIGN (0x4)
 *(.ARM.extab* .gnu.linkonce.armextab.*)
                0x08003d2c                        . = ALIGN (0x4)

.ARM            0x08003d2c        0x8
                0x08003d2c                        . = ALIGN (0x4)
                0x08003d2c                        __exidx_start = .
 *(.ARM.exidx*)
 .ARM.exidx     0x08003d2c        0x8 C:/ST/STM32CubeIDE_1.19.0/STM32CubeIDE/plugins/com.st.stm32cube.ide.mcu.externaltools.gnu-tools-for-stm32.13.3.rel1.win32_1.0.0.202411081344/tools/bin/../lib/gcc/arm-none-eabi/13.3.1/thumb/v7e-m+fp/hard\libgcc.a(_udivmoddi4.o)
                0x08003d34                        __exidx_end = .
                0x08003d34                        . = ALIGN (0x4)

.preinit_array  0x08003d34        0x0
                0x08003d34                        . = ALIGN (0x4)
                0x08003d34                        PROVIDE (__preinit_array_start = .)
 *(.preinit_array*)
                0x08003d34                        PROVIDE (__preinit_array_end = .)
                0x08003d34                        . = ALIGN (0x4)

.init_array     0x08003d34        0x4
                0x08003d34                        . = ALIGN (0x4)
                0x08003d34                        PROVIDE (__init_array_start = .)
 *(SORT_BY_NAME(.init_array.*))
 *(.init_array*)
 .init_array    0x08003d34        0x4 C:/ST/STM32CubeIDE_1.19.0/STM32CubeIDE/plugins/com.st.stm32cube.ide.mcu.externaltools.gnu-tools-for-stm32.13.3.rel1.win32_1.0.0.202411081344/tools/bin/../lib/gcc/arm-none-eabi/13.3.1/thumb/v7e-m+fp/hard/crtbegin.o
                0x08003d38                        PROVIDE (__init_array_end = .)
                0x08003d38                        . = ALIGN (0x4)

.fini_array     0x08003d38        0x4
                0x08003d38                        . = ALIGN (0x4)
                [!provide]                        PROVIDE (__fini_array_start = .)
 *(SORT_BY_NAME(.fini_array.*))
 *(.fini_array*)
 .fini_array    0x08003d38        0x4 C:/ST/STM32CubeIDE_1.19.0/STM32CubeIDE/plugins/com.st.stm32cube.ide.mcu.externaltools.gnu-tools-for-stm32.13.3.rel1.win32_1.0.0.202411081344/tools/bin/../lib/gcc/arm-none-eabi/13.3.1/thumb/v7e-m+fp/hard/crtbegin.o
                [!provide]                        PROVIDE (__fini_array_end = .)
                0x08003d3c                        . = ALIGN (0x4)
                0x08003d3c                        _sidata = LOADADDR (.data)

.rel.dyn        0x08003d3c        0x0
 .rel.iplt      0x08003d3c        0x0 C:/ST/STM32CubeIDE_1.19.0/STM32CubeIDE/plugins/com.st.stm32cube.ide.mcu.externaltools.gnu-tools-for-stm32.13.3.rel1.win32_1.0.0.202411081344/tools/bin/../lib/gcc/arm-none-eabi/13.3.1/thumb/v7e-m+fp/hard/crtbegin.o

.data           0x20000000       0x10 load address 0x08003d3c
                0x20000000                        . = ALIGN (0x4)
                0x20000000                        _sdata = .
 *(.data)
 *(.data*)
 .data.currentMode
                0x20000000        0x1 ./Core/Src/main.o
                0x20000000                currentMode
 *fill*         0x20000001        0x3 
 .data.SystemCoreClock
                0x20000004        0x4 ./Core/Src/system_stm32f4xx.o
                0x20000004                SystemCoreClock
 .data.uwTickPrio
                0x20000008        0x4 ./Drivers/STM32F4xx_HAL_Driver/Src/stm32f4xx_hal.o
                0x20000008                uwTickPrio
 .data.uwTickFreq
                0x2000000c        0x1 ./Drivers/STM32F4xx_HAL_Driver/Src/stm32f4xx_hal.o
                0x2000000c                uwTickFreq
 *(.RamFunc)
 *(.RamFunc*)
                0x20000010                        . = ALIGN (0x4)
 *fill*         0x2000000d        0x3 
                0x20000010                        _edata = .

.igot.plt       0x20000010        0x0 load address 0x08003d4c
 .igot.plt      0x20000010        0x0 C:/ST/STM32CubeIDE_1.19.0/STM32CubeIDE/plugins/com.st.stm32cube.ide.mcu.externaltools.gnu-tools-for-stm32.13.3.rel1.win32_1.0.0.202411081344/tools/bin/../lib/gcc/arm-none-eabi/13.3.1/thumb/v7e-m+fp/hard/crtbegin.o
                0x20000010                        . = ALIGN (0x4)

.bss            0x20000010    0x18078 load address 0x08003d4c
                0x20000010                        _sbss = .
                0x20000010                        __bss_start__ = _sbss
 *(.bss)
 .bss           0x20000010       0x1c C:/ST/STM32CubeIDE_1.19.0/STM32CubeIDE/plugins/com.st.stm32cube.ide.mcu.externaltools.gnu-tools-for-stm32.13.3.rel1.win32_1.0.0.202411081344/tools/bin/../lib/gcc/arm-none-eabi/13.3.1/thumb/v7e-m+fp/hard/crtbegin.o
 *(.bss*)
 .bss.temp.1    0x2000002c     0x4000 ./Core/Src/image_processing.o
 .bss.temp.0    0x2000402c     0x4000 ./Core/Src/image_processing.o
 .bss.huart2    0x2000802c       0x48 ./Core/Src/main.o
                0x2000802c                huart2
 .bss.pImage_RGB565
                0x20008074     0x8000 ./Core/Src/main.o
                0x20008074                pImage_RGB565
 .bss.processed_image
                0x20010074     0x4000 ./Core/Src/main.o
                0x20010074                processed_image
 .bss.original_gray_image
                0x20014074     0x4000 ./Core/Src/main.o
                0x20014074                original_gray_image
 .bss.img       0x20018074       0x10 ./Core/Src/main.o
                0x20018074                img
 .bss.uwTick    0x20018084        0x4 ./Drivers/STM32F4xx_HAL_Driver/Src/stm32f4xx_hal.o
                0x20018084                uwTick
 *(COMMON)
                0x20018088                        . = ALIGN (0x4)
                0x20018088                        _ebss = .
                0x20018088                        __bss_end__ = _ebss

._user_heap_stack
                0x20018088      0x600 load address 0x08003d4c
                0x20018088                        . = ALIGN (0x8)
                [!provide]                        PROVIDE (end = .)
                0x20018088                        PROVIDE (_end = .)
                0x20018288                        . = (. + _Min_Heap_Size)
 *fill*         0x20018088      0x200 
                0x20018688                        . = (. + _Min_Stack_Size)
 *fill*         0x20018288      0x400 
                0x20018688                        . = ALIGN (0x8)

/DISCARD/
 libc.a(*)
 libm.a(*)
 libgcc.a(*)

.ARM.attributes
                0x00000000       0x30
 *(.ARM.attributes)
 .ARM.attributes
                0x00000000       0x22 C:/ST/STM32CubeIDE_1.19.0/STM32CubeIDE/plugins/com.st.stm32cube.ide.mcu.externaltools.gnu-tools-for-stm32.13.3.rel1.win32_1.0.0.202411081344/tools/bin/../lib/gcc/arm-none-eabi/13.3.1/thumb/v7e-m+fp/hard/crti.o
 .ARM.attributes
                0x00000022       0x34 C:/ST/STM32CubeIDE_1.19.0/STM32CubeIDE/plugins/com.st.stm32cube.ide.mcu.externaltools.gnu-tools-for-stm32.13.3.rel1.win32_1.0.0.202411081344/tools/bin/../lib/gcc/arm-none-eabi/13.3.1/thumb/v7e-m+fp/hard/crtbegin.o
 .ARM.attributes
                0x00000056       0x34 ./Core/Src/app_homeworks.o
 .ARM.attributes
                0x0000008a       0x34 ./Core/Src/image_processing.o
 .ARM.attributes
                0x000000be       0x34 ./Core/Src/lib_image.o
 .ARM.attributes
                0x000000f2       0x34 ./Core/Src/lib_serialimage.o
 .ARM.attributes
                0x00000126       0x34 ./Core/Src/main.o
 .ARM.attributes
                0x0000015a       0x34 ./Core/Src/stm32f4xx_hal_msp.o
 .ARM.attributes
                0x0000018e       0x34 ./Core/Src/stm32f4xx_it.o
 .ARM.attributes
                0x000001c2       0x34 ./Core/Src/system_stm32f4xx.o
 .ARM.attributes
                0x000001f6       0x21 ./Core/Startup/startup_stm32f446retx.o
 .ARM.attributes
                0x00000217       0x34 ./Drivers/STM32F4xx_HAL_Driver/Src/stm32f4xx_hal.o
 .ARM.attributes
                0x0000024b       0x34 ./Drivers/STM32F4xx_HAL_Driver/Src/stm32f4xx_hal_cortex.o
 .ARM.attributes
                0x0000027f       0x34 ./Drivers/STM32F4xx_HAL_Driver/Src/stm32f4xx_hal_gpio.o
 .ARM.attributes
                0x000002b3       0x34 ./Drivers/STM32F4xx_HAL_Driver/Src/stm32f4xx_hal_rcc.o
 .ARM.attributes
                0x000002e7       0x34 ./Drivers/STM32F4xx_HAL_Driver/Src/stm32f4xx_hal_rcc_ex.o
 .ARM.attributes
                0x0000031b       0x34 ./Drivers/STM32F4xx_HAL_Driver/Src/stm32f4xx_hal_uart.o
 .ARM.attributes
                0x0000034f       0x34 C:/ST/STM32CubeIDE_1.19.0/STM32CubeIDE/plugins/com.st.stm32cube.ide.mcu.externaltools.gnu-tools-for-stm32.13.3.rel1.win32_1.0.0.202411081344/tools/bin/../lib/gcc/arm-none-eabi/13.3.1/../../../../arm-none-eabi/lib/thumb/v7e-m+fp/hard\libc_nano.a(libc_a-memset.o)
 .ARM.attributes
                0x00000383       0x34 C:/ST/STM32CubeIDE_1.19.0/STM32CubeIDE/plugins/com.st.stm32cube.ide.mcu.externaltools.gnu-tools-for-stm32.13.3.rel1.win32_1.0.0.202411081344/tools/bin/../lib/gcc/arm-none-eabi/13.3.1/../../../../arm-none-eabi/lib/thumb/v7e-m+fp/hard\libc_nano.a(libc_a-init.o)
 .ARM.attributes
                0x000003b7       0x22 C:/ST/STM32CubeIDE_1.19.0/STM32CubeIDE/plugins/com.st.stm32cube.ide.mcu.externaltools.gnu-tools-for-stm32.13.3.rel1.win32_1.0.0.202411081344/tools/bin/../lib/gcc/arm-none-eabi/13.3.1/thumb/v7e-m+fp/hard\libgcc.a(_arm_addsubdf3.o)
 .ARM.attributes
                0x000003d9       0x22 C:/ST/STM32CubeIDE_1.19.0/STM32CubeIDE/plugins/com.st.stm32cube.ide.mcu.externaltools.gnu-tools-for-stm32.13.3.rel1.win32_1.0.0.202411081344/tools/bin/../lib/gcc/arm-none-eabi/13.3.1/thumb/v7e-m+fp/hard\libgcc.a(_arm_muldivdf3.o)
 .ARM.attributes
                0x000003fb       0x22 C:/ST/STM32CubeIDE_1.19.0/STM32CubeIDE/plugins/com.st.stm32cube.ide.mcu.externaltools.gnu-tools-for-stm32.13.3.rel1.win32_1.0.0.202411081344/tools/bin/../lib/gcc/arm-none-eabi/13.3.1/thumb/v7e-m+fp/hard\libgcc.a(_arm_cmpdf2.o)
 .ARM.attributes
                0x0000041d       0x22 C:/ST/STM32CubeIDE_1.19.0/STM32CubeIDE/plugins/com.st.stm32cube.ide.mcu.externaltools.gnu-tools-for-stm32.13.3.rel1.win32_1.0.0.202411081344/tools/bin/../lib/gcc/arm-none-eabi/13.3.1/thumb/v7e-m+fp/hard\libgcc.a(_aeabi_uldivmod.o)
 .ARM.attributes
                0x0000043f       0x34 C:/ST/STM32CubeIDE_1.19.0/STM32CubeIDE/plugins/com.st.stm32cube.ide.mcu.externaltools.gnu-tools-for-stm32.13.3.rel1.win32_1.0.0.202411081344/tools/bin/../lib/gcc/arm-none-eabi/13.3.1/thumb/v7e-m+fp/hard\libgcc.a(_udivmoddi4.o)
 .ARM.attributes
                0x00000473       0x22 C:/ST/STM32CubeIDE_1.19.0/STM32CubeIDE/plugins/com.st.stm32cube.ide.mcu.externaltools.gnu-tools-for-stm32.13.3.rel1.win32_1.0.0.202411081344/tools/bin/../lib/gcc/arm-none-eabi/13.3.1/thumb/v7e-m+fp/hard\libgcc.a(_dvmd_tls.o)
 .ARM.attributes
                0x00000495       0x22 C:/ST/STM32CubeIDE_1.19.0/STM32CubeIDE/plugins/com.st.stm32cube.ide.mcu.externaltools.gnu-tools-for-stm32.13.3.rel1.win32_1.0.0.202411081344/tools/bin/../lib/gcc/arm-none-eabi/13.3.1/thumb/v7e-m+fp/hard/crtn.o
OUTPUT(EE4065_Homework3.elf elf32-littlearm)
LOAD linker stubs
LOAD C:/ST/STM32CubeIDE_1.19.0/STM32CubeIDE/plugins/com.st.stm32cube.ide.mcu.externaltools.gnu-tools-for-stm32.13.3.rel1.win32_1.0.0.202411081344/tools/bin/../lib/gcc/arm-none-eabi/13.3.1/../../../../arm-none-eabi/lib/thumb/v7e-m+fp/hard\libc.a
LOAD C:/ST/STM32CubeIDE_1.19.0/STM32CubeIDE/plugins/com.st.stm32cube.ide.mcu.externaltools.gnu-tools-for-stm32.13.3.rel1.win32_1.0.0.202411081344/tools/bin/../lib/gcc/arm-none-eabi/13.3.1/../../../../arm-none-eabi/lib/thumb/v7e-m+fp/hard\libm.a
LOAD C:/ST/STM32CubeIDE_1.19.0/STM32CubeIDE/plugins/com.st.stm32cube.ide.mcu.externaltools.gnu-tools-for-stm32.13.3.rel1.win32_1.0.0.202411081344/tools/bin/../lib/gcc/arm-none-eabi/13.3.1/thumb/v7e-m+fp/hard\libgcc.a

.debug_info     0x00000000     0x955d
 .debug_info    0x00000000      0x3b3 ./Core/Src/app_homeworks.o
 .debug_info    0x000003b3      0xa76 ./Core/Src/image_processing.o
 .debug_info    0x00000e29      0x1bf ./Core/Src/lib_image.o
 .debug_info    0x00000fe8      0x7ab ./Core/Src/lib_serialimage.o
 .debug_info    0x00001793      0xe15 ./Core/Src/main.o
 .debug_info    0x000025a8      0x92c ./Core/Src/stm32f4xx_hal_msp.o
 .debug_info    0x00002ed4      0x112 ./Core/Src/stm32f4xx_it.o
 .debug_info    0x00002fe6      0x54a ./Core/Src/system_stm32f4xx.o
 .debug_info    0x00003530       0x30 ./Core/Startup/startup_stm32f446retx.o
 .debug_info    0x00003560      0x99a ./Drivers/STM32F4xx_HAL_Driver/Src/stm32f4xx_hal.o
 .debug_info    0x00003efa      0xdaa ./Drivers/STM32F4xx_HAL_Driver/Src/stm32f4xx_hal_cortex.o
 .debug_info    0x00004ca4      0x70b ./Drivers/STM32F4xx_HAL_Driver/Src/stm32f4xx_hal_gpio.o
 .debug_info    0x000053af      0x8ff ./Drivers/STM32F4xx_HAL_Driver/Src/stm32f4xx_hal_rcc.o
 .debug_info    0x00005cae      0x960 ./Drivers/STM32F4xx_HAL_Driver/Src/stm32f4xx_hal_rcc_ex.o
 .debug_info    0x0000660e     0x2f4f ./Drivers/STM32F4xx_HAL_Driver/Src/stm32f4xx_hal_uart.o

.debug_abbrev   0x00000000     0x1a4f
 .debug_abbrev  0x00000000      0x122 ./Core/Src/app_homeworks.o
 .debug_abbrev  0x00000122      0x1bc ./Core/Src/image_processing.o
 .debug_abbrev  0x000002de       0xc3 ./Core/Src/lib_image.o
 .debug_abbrev  0x000003a1      0x1b3 ./Core/Src/lib_serialimage.o
 .debug_abbrev  0x00000554      0x2ad ./Core/Src/main.o
 .debug_abbrev  0x00000801      0x1c2 ./Core/Src/stm32f4xx_hal_msp.o
 .debug_abbrev  0x000009c3       0x73 ./Core/Src/stm32f4xx_it.o
 .debug_abbrev  0x00000a36      0x11a ./Core/Src/system_stm32f4xx.o
 .debug_abbrev  0x00000b50       0x24 ./Core/Startup/startup_stm32f446retx.o
 .debug_abbrev  0x00000b74      0x214 ./Drivers/STM32F4xx_HAL_Driver/Src/stm32f4xx_hal.o
 .debug_abbrev  0x00000d88      0x31d ./Drivers/STM32F4xx_HAL_Driver/Src/stm32f4xx_hal_cortex.o
 .debug_abbrev  0x000010a5      0x1d4 ./Drivers/STM32F4xx_HAL_Driver/Src/stm32f4xx_hal_gpio.o
 .debug_abbrev  0x00001279      0x2b7 ./Drivers/STM32F4xx_HAL_Driver/Src/stm32f4xx_hal_rcc.o
 .debug_abbrev  0x00001530      0x211 ./Drivers/STM32F4xx_HAL_Driver/Src/stm32f4xx_hal_rcc_ex.o
 .debug_abbrev  0x00001741      0x30e ./Drivers/STM32F4xx_HAL_Driver/Src/stm32f4xx_hal_uart.o

.debug_aranges  0x00000000      0x798
 .debug_aranges
                0x00000000       0x30 ./Core/Src/app_homeworks.o
 .debug_aranges
                0x00000030       0x80 ./Core/Src/image_processing.o
 .debug_aranges
                0x000000b0       0x20 ./Core/Src/lib_image.o
 .debug_aranges
                0x000000d0       0x28 ./Core/Src/lib_serialimage.o
 .debug_aranges
                0x000000f8       0x40 ./Core/Src/main.o
 .debug_aranges
                0x00000138       0x30 ./Core/Src/stm32f4xx_hal_msp.o
 .debug_aranges
                0x00000168       0x60 ./Core/Src/stm32f4xx_it.o
 .debug_aranges
                0x000001c8       0x28 ./Core/Src/system_stm32f4xx.o
 .debug_aranges
                0x000001f0       0x28 ./Core/Startup/startup_stm32f446retx.o
 .debug_aranges
                0x00000218       0xf0 ./Drivers/STM32F4xx_HAL_Driver/Src/stm32f4xx_hal.o
 .debug_aranges
                0x00000308      0x130 ./Drivers/STM32F4xx_HAL_Driver/Src/stm32f4xx_hal_cortex.o
 .debug_aranges
                0x00000438       0x58 ./Drivers/STM32F4xx_HAL_Driver/Src/stm32f4xx_hal_gpio.o
 .debug_aranges
                0x00000490       0x88 ./Drivers/STM32F4xx_HAL_Driver/Src/stm32f4xx_hal_rcc.o
 .debug_aranges
                0x00000518       0x78 ./Drivers/STM32F4xx_HAL_Driver/Src/stm32f4xx_hal_rcc_ex.o
 .debug_aranges
                0x00000590      0x208 ./Drivers/STM32F4xx_HAL_Driver/Src/stm32f4xx_hal_uart.o

.debug_rnglists
                0x00000000      0x5e1
 .debug_rnglists
                0x00000000       0x20 ./Core/Src/app_homeworks.o
 .debug_rnglists
                0x00000020       0x80 ./Core/Src/image_processing.o
 .debug_rnglists
                0x000000a0       0x14 ./Core/Src/lib_image.o
 .debug_rnglists
                0x000000b4       0x1b ./Core/Src/lib_serialimage.o
 .debug_rnglists
                0x000000cf       0x2e ./Core/Src/main.o
 .debug_rnglists
                0x000000fd       0x20 ./Core/Src/stm32f4xx_hal_msp.o
 .debug_rnglists
                0x0000011d       0x43 ./Core/Src/stm32f4xx_it.o
 .debug_rnglists
                0x00000160       0x1a ./Core/Src/system_stm32f4xx.o
 .debug_rnglists
                0x0000017a       0x19 ./Core/Startup/startup_stm32f446retx.o
 .debug_rnglists
                0x00000193       0xaf ./Drivers/STM32F4xx_HAL_Driver/Src/stm32f4xx_hal.o
 .debug_rnglists
                0x00000242       0xe0 ./Drivers/STM32F4xx_HAL_Driver/Src/stm32f4xx_hal_cortex.o
 .debug_rnglists
                0x00000322       0x3f ./Drivers/STM32F4xx_HAL_Driver/Src/stm32f4xx_hal_gpio.o
 .debug_rnglists
                0x00000361       0x66 ./Drivers/STM32F4xx_HAL_Driver/Src/stm32f4xx_hal_rcc.o
 .debug_rnglists
                0x000003c7       0x5e ./Drivers/STM32F4xx_HAL_Driver/Src/stm32f4xx_hal_rcc_ex.o
 .debug_rnglists
                0x00000425      0x1bc ./Drivers/STM32F4xx_HAL_Driver/Src/stm32f4xx_hal_uart.o

.debug_macro    0x00000000    0x208c7
 .debug_macro   0x00000000      0x1f5 ./Core/Src/app_homeworks.o
 .debug_macro   0x000001f5      0xad8 ./Core/Src/app_homeworks.o
 .debug_macro   0x00000ccd      0x295 ./Core/Src/app_homeworks.o
 .debug_macro   0x00000f62       0x2e ./Core/Src/app_homeworks.o
 .debug_macro   0x00000f90       0x28 ./Core/Src/app_homeworks.o
 .debug_macro   0x00000fb8       0x22 ./Core/Src/app_homeworks.o
 .debug_macro   0x00000fda       0x8e ./Core/Src/app_homeworks.o
 .debug_macro   0x00001068       0x51 ./Core/Src/app_homeworks.o
 .debug_macro   0x000010b9      0x103 ./Core/Src/app_homeworks.o
 .debug_macro   0x000011bc       0x6a ./Core/Src/app_homeworks.o
 .debug_macro   0x00001226      0x1df ./Core/Src/app_homeworks.o
 .debug_macro   0x00001405       0x1c ./Core/Src/app_homeworks.o
 .debug_macro   0x00001421       0x22 ./Core/Src/app_homeworks.o
 .debug_macro   0x00001443       0xfb ./Core/Src/app_homeworks.o
 .debug_macro   0x0000153e     0x1011 ./Core/Src/app_homeworks.o
 .debug_macro   0x0000254f      0x11f ./Core/Src/app_homeworks.o
 .debug_macro   0x0000266e    0x1675e ./Core/Src/app_homeworks.o
 .debug_macro   0x00018dcc       0x6d ./Core/Src/app_homeworks.o
 .debug_macro   0x00018e39     0x3693 ./Core/Src/app_homeworks.o
 .debug_macro   0x0001c4cc      0x190 ./Core/Src/app_homeworks.o
 .debug_macro   0x0001c65c       0x5c ./Core/Src/app_homeworks.o
 .debug_macro   0x0001c6b8      0xca5 ./Core/Src/app_homeworks.o
 .debug_macro   0x0001d35d      0x9e9 ./Core/Src/app_homeworks.o
 .debug_macro   0x0001dd46      0x115 ./Core/Src/app_homeworks.o
 .debug_macro   0x0001de5b      0x1a0 ./Core/Src/app_homeworks.o
 .debug_macro   0x0001dffb       0xa5 ./Core/Src/app_homeworks.o
 .debug_macro   0x0001e0a0      0x16d ./Core/Src/app_homeworks.o
 .debug_macro   0x0001e20d      0x287 ./Core/Src/app_homeworks.o
 .debug_macro   0x0001e494       0x5f ./Core/Src/app_homeworks.o
 .debug_macro   0x0001e4f3      0x236 ./Core/Src/app_homeworks.o
 .debug_macro   0x0001e729      0x132 ./Core/Src/app_homeworks.o
 .debug_macro   0x0001e85b      0x29c ./Core/Src/app_homeworks.o
 .debug_macro   0x0001eaf7       0x2e ./Core/Src/app_homeworks.o
 .debug_macro   0x0001eb25      0x127 ./Core/Src/app_homeworks.o
 .debug_macro   0x0001ec4c       0xe8 ./Core/Src/app_homeworks.o
 .debug_macro   0x0001ed34       0x89 ./Core/Src/app_homeworks.o
 .debug_macro   0x0001edbd      0x2aa ./Core/Src/app_homeworks.o
 .debug_macro   0x0001f067      0x126 ./Core/Src/app_homeworks.o
 .debug_macro   0x0001f18d       0x58 ./Core/Src/app_homeworks.o
 .debug_macro   0x0001f1e5       0x3a ./Core/Src/app_homeworks.o
 .debug_macro   0x0001f21f       0x16 ./Core/Src/app_homeworks.o
 .debug_macro   0x0001f235       0x6d ./Core/Src/image_processing.o
 .debug_macro   0x0001f2a2      0x1cf ./Core/Src/lib_image.o
 .debug_macro   0x0001f471       0x34 ./Core/Src/lib_image.o
 .debug_macro   0x0001f4a5      0x1d2 ./Core/Src/lib_serialimage.o
 .debug_macro   0x0001f677      0x213 ./Core/Src/main.o
 .debug_macro   0x0001f88a      0x1c9 ./Core/Src/stm32f4xx_hal_msp.o
 .debug_macro   0x0001fa53      0x1d3 ./Core/Src/stm32f4xx_it.o
 .debug_macro   0x0001fc26      0x1ba ./Core/Src/system_stm32f4xx.o
 .debug_macro   0x0001fde0      0x21a ./Drivers/STM32F4xx_HAL_Driver/Src/stm32f4xx_hal.o
 .debug_macro   0x0001fffa      0x1ba ./Drivers/STM32F4xx_HAL_Driver/Src/stm32f4xx_hal_cortex.o
 .debug_macro   0x000201b4      0x1c0 ./Drivers/STM32F4xx_HAL_Driver/Src/stm32f4xx_hal_gpio.o
 .debug_macro   0x00020374      0x1de ./Drivers/STM32F4xx_HAL_Driver/Src/stm32f4xx_hal_rcc.o
 .debug_macro   0x00020552      0x1ba ./Drivers/STM32F4xx_HAL_Driver/Src/stm32f4xx_hal_rcc_ex.o
 .debug_macro   0x0002070c      0x1bb ./Drivers/STM32F4xx_HAL_Driver/Src/stm32f4xx_hal_uart.o

.debug_line     0x00000000     0xaadf
 .debug_line    0x00000000      0x7db ./Core/Src/app_homeworks.o
 .debug_line    0x000007db      0x9b2 ./Core/Src/image_processing.o
 .debug_line    0x0000118d      0x75b ./Core/Src/lib_image.o
 .debug_line    0x000018e8      0x7fa ./Core/Src/lib_serialimage.o
 .debug_line    0x000020e2      0x864 ./Core/Src/main.o
 .debug_line    0x00002946      0x763 ./Core/Src/stm32f4xx_hal_msp.o
 .debug_line    0x000030a9      0x7c4 ./Core/Src/stm32f4xx_it.o
 .debug_line    0x0000386d      0x78b ./Core/Src/system_stm32f4xx.o
 .debug_line    0x00003ff8       0x7a ./Core/Startup/startup_stm32f446retx.o
 .debug_line    0x00004072      0xa07 ./Drivers/STM32F4xx_HAL_Driver/Src/stm32f4xx_hal.o
 .debug_line    0x00004a79      0xcd7 ./Drivers/STM32F4xx_HAL_Driver/Src/stm32f4xx_hal_cortex.o
 .debug_line    0x00005750      0xb4b ./Drivers/STM32F4xx_HAL_Driver/Src/stm32f4xx_hal_gpio.o
 .debug_line    0x0000629b      0xe22 ./Drivers/STM32F4xx_HAL_Driver/Src/stm32f4xx_hal_rcc.o
 .debug_line    0x000070bd     0x14d3 ./Drivers/STM32F4xx_HAL_Driver/Src/stm32f4xx_hal_rcc_ex.o
 .debug_line    0x00008590     0x254f ./Drivers/STM32F4xx_HAL_Driver/Src/stm32f4xx_hal_uart.o

.debug_str      0x00000000    0xc50f3
 .debug_str     0x00000000    0xc50f3 ./Core/Src/app_homeworks.o
                              0xc2aba (size before relaxing)
 .debug_str     0x000c50f3     0x4040 ./Core/Src/image_processing.o
 .debug_str     0x000c50f3    0xc27e0 ./Core/Src/lib_image.o
 .debug_str     0x000c50f3    0xc2cf8 ./Core/Src/lib_serialimage.o
 .debug_str     0x000c50f3    0xc329c ./Core/Src/main.o
 .debug_str     0x000c50f3    0xc2d2a ./Core/Src/stm32f4xx_hal_msp.o
 .debug_str     0x000c50f3    0xc274f ./Core/Src/stm32f4xx_it.o
 .debug_str     0x000c50f3    0xc2778 ./Core/Src/system_stm32f4xx.o
 .debug_str     0x000c50f3       0x8d ./Core/Startup/startup_stm32f446retx.o
 .debug_str     0x000c50f3    0xc333d ./Drivers/STM32F4xx_HAL_Driver/Src/stm32f4xx_hal.o
 .debug_str     0x000c50f3    0xc3094 ./Drivers/STM32F4xx_HAL_Driver/Src/stm32f4xx_hal_cortex.o
 .debug_str     0x000c50f3    0xc28f3 ./Drivers/STM32F4xx_HAL_Driver/Src/stm32f4xx_hal_gpio.o
 .debug_str     0x000c50f3    0xc2bb1 ./Drivers/STM32F4xx_HAL_Driver/Src/stm32f4xx_hal_rcc.o
 .debug_str     0x000c50f3    0xc2be4 ./Drivers/STM32F4xx_HAL_Driver/Src/stm32f4xx_hal_rcc_ex.o
 .debug_str     0x000c50f3    0xc3168 ./Drivers/STM32F4xx_HAL_Driver/Src/stm32f4xx_hal_uart.o

.comment        0x00000000       0x43
 .comment       0x00000000       0x43 ./Core/Src/app_homeworks.o
                                 0x44 (size before relaxing)
 .comment       0x00000043       0x44 ./Core/Src/image_processing.o
 .comment       0x00000043       0x44 ./Core/Src/lib_image.o
 .comment       0x00000043       0x44 ./Core/Src/lib_serialimage.o
 .comment       0x00000043       0x44 ./Core/Src/main.o
 .comment       0x00000043       0x44 ./Core/Src/stm32f4xx_hal_msp.o
 .comment       0x00000043       0x44 ./Core/Src/stm32f4xx_it.o
 .comment       0x00000043       0x44 ./Core/Src/system_stm32f4xx.o
 .comment       0x00000043       0x44 ./Drivers/STM32F4xx_HAL_Driver/Src/stm32f4xx_hal.o
 .comment       0x00000043       0x44 ./Drivers/STM32F4xx_HAL_Driver/Src/stm32f4xx_hal_cortex.o
 .comment       0x00000043       0x44 ./Drivers/STM32F4xx_HAL_Driver/Src/stm32f4xx_hal_gpio.o
 .comment       0x00000043       0x44 ./Drivers/STM32F4xx_HAL_Driver/Src/stm32f4xx_hal_rcc.o
 .comment       0x00000043       0x44 ./Drivers/STM32F4xx_HAL_Driver/Src/stm32f4xx_hal_rcc_ex.o
 .comment       0x00000043       0x44 ./Drivers/STM32F4xx_HAL_Driver/Src/stm32f4xx_hal_uart.o

.debug_frame    0x00000000     0x1f00
 .debug_frame   0x00000000       0x7c ./Core/Src/app_homeworks.o
 .debug_frame   0x0000007c      0x20c ./Core/Src/image_processing.o
 .debug_frame   0x00000288       0x38 ./Core/Src/lib_image.o
 .debug_frame   0x000002c0       0x58 ./Core/Src/lib_serialimage.o
 .debug_frame   0x00000318       0xac ./Core/Src/main.o
 .debug_frame   0x000003c4       0x7c ./Core/Src/stm32f4xx_hal_msp.o
 .debug_frame   0x00000440      0x104 ./Core/Src/stm32f4xx_it.o
 .debug_frame   0x00000544       0x58 ./Core/Src/system_stm32f4xx.o
 .debug_frame   0x0000059c      0x374 ./Drivers/STM32F4xx_HAL_Driver/Src/stm32f4xx_hal.o
 .debug_frame   0x00000910      0x508 ./Drivers/STM32F4xx_HAL_Driver/Src/stm32f4xx_hal_cortex.o
 .debug_frame   0x00000e18      0x14c ./Drivers/STM32F4xx_HAL_Driver/Src/stm32f4xx_hal_gpio.o
 .debug_frame   0x00000f64      0x1f4 ./Drivers/STM32F4xx_HAL_Driver/Src/stm32f4xx_hal_rcc.o
 .debug_frame   0x00001158      0x1e8 ./Drivers/STM32F4xx_HAL_Driver/Src/stm32f4xx_hal_rcc_ex.o
 .debug_frame   0x00001340      0x954 ./Drivers/STM32F4xx_HAL_Driver/Src/stm32f4xx_hal_uart.o
 .debug_frame   0x00001c94       0x20 C:/ST/STM32CubeIDE_1.19.0/STM32CubeIDE/plugins/com.st.stm32cube.ide.mcu.externaltools.gnu-tools-for-stm32.13.3.rel1.win32_1.0.0.202411081344/tools/bin/../lib/gcc/arm-none-eabi/13.3.1/../../../../arm-none-eabi/lib/thumb/v7e-m+fp/hard\libc_nano.a(libc_a-memset.o)
 .debug_frame   0x00001cb4       0x2c C:/ST/STM32CubeIDE_1.19.0/STM32CubeIDE/plugins/com.st.stm32cube.ide.mcu.externaltools.gnu-tools-for-stm32.13.3.rel1.win32_1.0.0.202411081344/tools/bin/../lib/gcc/arm-none-eabi/13.3.1/../../../../arm-none-eabi/lib/thumb/v7e-m+fp/hard\libc_nano.a(libc_a-init.o)
 .debug_frame   0x00001ce0       0xac C:/ST/STM32CubeIDE_1.19.0/STM32CubeIDE/plugins/com.st.stm32cube.ide.mcu.externaltools.gnu-tools-for-stm32.13.3.rel1.win32_1.0.0.202411081344/tools/bin/../lib/gcc/arm-none-eabi/13.3.1/thumb/v7e-m+fp/hard\libgcc.a(_arm_addsubdf3.o)
 .debug_frame   0x00001d8c       0x50 C:/ST/STM32CubeIDE_1.19.0/STM32CubeIDE/plugins/com.st.stm32cube.ide.mcu.externaltools.gnu-tools-for-stm32.13.3.rel1.win32_1.0.0.202411081344/tools/bin/../lib/gcc/arm-none-eabi/13.3.1/thumb/v7e-m+fp/hard\libgcc.a(_arm_muldivdf3.o)
 .debug_frame   0x00001ddc       0xc4 C:/ST/STM32CubeIDE_1.19.0/STM32CubeIDE/plugins/com.st.stm32cube.ide.mcu.externaltools.gnu-tools-for-stm32.13.3.rel1.win32_1.0.0.202411081344/tools/bin/../lib/gcc/arm-none-eabi/13.3.1/thumb/v7e-m+fp/hard\libgcc.a(_arm_cmpdf2.o)
 .debug_frame   0x00001ea0       0x2c C:/ST/STM32CubeIDE_1.19.0/STM32CubeIDE/plugins/com.st.stm32cube.ide.mcu.externaltools.gnu-tools-for-stm32.13.3.rel1.win32_1.0.0.202411081344/tools/bin/../lib/gcc/arm-none-eabi/13.3.1/thumb/v7e-m+fp/hard\libgcc.a(_aeabi_uldivmod.o)
 .debug_frame   0x00001ecc       0x34 C:/ST/STM32CubeIDE_1.19.0/STM32CubeIDE/plugins/com.st.stm32cube.ide.mcu.externaltools.gnu-tools-for-stm32.13.3.rel1.win32_1.0.0.202411081344/tools/bin/../lib/gcc/arm-none-eabi/13.3.1/thumb/v7e-m+fp/hard\libgcc.a(_udivmoddi4.o)

.debug_line_str
                0x00000000       0x71
 .debug_line_str
                0x00000000       0x71 ./Core/Startup/startup_stm32f446retx.o
