Archive member included to satisfy reference by file (symbol)

../Middlewares/ST/AI/Lib\NetworkRuntime1020_CM4_GCC.a(ai_platform.o)
                              ./X-CUBE-AI/App/network.o (ai_buffer_array_item_set_address)
../Middlewares/ST/AI/Lib\NetworkRuntime1020_CM4_GCC.a(ai_platform_interface.o)
                              ./X-CUBE-AI/App/network.o (ai_platform_get_weights_map)
../Middlewares/ST/AI/Lib\NetworkRuntime1020_CM4_GCC.a(core_common.o)
                              ../Middlewares/ST/AI/Lib\NetworkRuntime1020_CM4_GCC.a(ai_platform_interface.o) (core_init)
../Middlewares/ST/AI/Lib\NetworkRuntime1020_CM4_GCC.a(core_mem_manager.o)
                              ../Middlewares/ST/AI/Lib\NetworkRuntime1020_CM4_GCC.a(ai_platform_interface.o) (core_mem_alloc)
../Middlewares/ST/AI/Lib\NetworkRuntime1020_CM4_GCC.a(layers.o)
                              ../Middlewares/ST/AI/Lib\NetworkRuntime1020_CM4_GCC.a(ai_platform_interface.o) (ai_check_custom_types)
../Middlewares/ST/AI/Lib\NetworkRuntime1020_CM4_GCC.a(layers_conv2d_generic_float.o)
                              ./X-CUBE-AI/App/network.o (forward_dense)
../Middlewares/ST/AI/Lib\NetworkRuntime1020_CM4_GCC.a(layers_nl_generic_float.o)
                              ./X-CUBE-AI/App/network.o (forward_relu)
../Middlewares/ST/AI/Lib\NetworkRuntime1020_CM4_GCC.a(layers_conv2d_integer_scratch.o)
                              ../Middlewares/ST/AI/Lib\NetworkRuntime1020_CM4_GCC.a(layers.o) (get_dense_scratch_size_s8)
../Middlewares/ST/AI/Lib\NetworkRuntime1020_CM4_GCC.a(forward_lite_conv2d_if32of32wf32.o)
                              ../Middlewares/ST/AI/Lib\NetworkRuntime1020_CM4_GCC.a(layers_conv2d_generic_float.o) (forward_lite_conv2d_if32of32wf32)
../Middlewares/ST/AI/Lib\NetworkRuntime1020_CM4_GCC.a(lite_nl_softmax_if32of32.o)
                              ../Middlewares/ST/AI/Lib\NetworkRuntime1020_CM4_GCC.a(layers_nl_generic_float.o) (forward_lite_nl_softmax_if32of32_kernel)
../Middlewares/ST/AI/Lib\NetworkRuntime1020_CM4_GCC.a(lite_nl_relu_if32of32.o)
                              ../Middlewares/ST/AI/Lib\NetworkRuntime1020_CM4_GCC.a(layers_nl_generic_float.o) (forward_lite_nl_prelu_if32of32_kernel)
../Middlewares/ST/AI/Lib\NetworkRuntime1020_CM4_GCC.a(lite_dense_if32.o)
                              ../Middlewares/ST/AI/Lib\NetworkRuntime1020_CM4_GCC.a(layers_conv2d_generic_float.o) (lite_decompress_ilutof32)
../Middlewares/ST/AI/Lib\NetworkRuntime1020_CM4_GCC.a(lite_nl_generic_float.o)
                              ../Middlewares/ST/AI/Lib\NetworkRuntime1020_CM4_GCC.a(layers_nl_generic_float.o) (forward_lite_nl_softmax_if32of32)
../Middlewares/ST/AI/Lib\NetworkRuntime1020_CM4_GCC.a(st_int8_fill.o)
                              ../Middlewares/ST/AI/Lib\NetworkRuntime1020_CM4_GCC.a(ai_platform_interface.o) (st_int8_copy)
../Middlewares/ST/AI/Lib\NetworkRuntime1020_CM4_GCC.a(ai_math_helpers.o)
                              ../Middlewares/ST/AI/Lib\NetworkRuntime1020_CM4_GCC.a(layers_nl_generic_float.o) (ai_math_sqrt)
../Middlewares/ST/AI/Lib\NetworkRuntime1020_CM4_GCC.a(ai_datatypes_format.o)
                              ../Middlewares/ST/AI/Lib\NetworkRuntime1020_CM4_GCC.a(ai_platform_interface.o) (ai_array_to_buffer_fmt)
../Middlewares/ST/AI/Lib\NetworkRuntime1020_CM4_GCC.a(ai_datatypes_internal.o)
                              ../Middlewares/ST/AI/Lib\NetworkRuntime1020_CM4_GCC.a(ai_platform_interface.o) (ai_version_get)
../Middlewares/ST/AI/Lib\NetworkRuntime1020_CM4_GCC.a(ai_math_elementwise_mul_int8.o)
                              ../Middlewares/ST/AI/Lib\NetworkRuntime1020_CM4_GCC.a(ai_math_helpers.o) (ai_math_elementwise_mul_int8)
../Middlewares/ST/AI/Lib\NetworkRuntime1020_CM4_GCC.a(ai_math_elementwise_sum_int8.o)
                              ../Middlewares/ST/AI/Lib\NetworkRuntime1020_CM4_GCC.a(ai_math_helpers.o) (ai_math_elementwise_sum_int8)
../Middlewares/ST/AI/Lib\NetworkRuntime1020_CM4_GCC.a(st_align_factor.o)
                              ../Middlewares/ST/AI/Lib\NetworkRuntime1020_CM4_GCC.a(ai_math_helpers.o) (align_factor)
C:/ST/STM32CubeIDE_1.19.0/STM32CubeIDE/plugins/com.st.stm32cube.ide.mcu.externaltools.gnu-tools-for-stm32.13.3.rel1.win32_1.0.0.202411081344/tools/bin/../lib/gcc/arm-none-eabi/13.3.1/../../../../arm-none-eabi/lib/thumb/v7e-m+fp/hard\libc_nano.a(libc_a-exit.o)
                              C:/ST/STM32CubeIDE_1.19.0/STM32CubeIDE/plugins/com.st.stm32cube.ide.mcu.externaltools.gnu-tools-for-stm32.13.3.rel1.win32_1.0.0.202411081344/tools/bin/../lib/gcc/arm-none-eabi/13.3.1/../../../../arm-none-eabi/lib/thumb/v7e-m+fp/hard/crt0.o (exit)
C:/ST/STM32CubeIDE_1.19.0/STM32CubeIDE/plugins/com.st.stm32cube.ide.mcu.externaltools.gnu-tools-for-stm32.13.3.rel1.win32_1.0.0.202411081344/tools/bin/../lib/gcc/arm-none-eabi/13.3.1/../../../../arm-none-eabi/lib/thumb/v7e-m+fp/hard\libc_nano.a(libc_a-malloc.o)
                              ../Middlewares/ST/AI/Lib\NetworkRuntime1020_CM4_GCC.a(core_mem_manager.o) (malloc)
[...]
Memory Configuration

Name             Origin             Length             Attributes
RAM              0x20000000         0x00020000         xrw
FLASH            0x08000000         0x00080000         xr
*default*        0x00000000         0xffffffff

Linker script and memory map

LOAD C:/ST/STM32CubeIDE_1.19.0/STM32CubeIDE/plugins/com.st.stm32cube.ide.mcu.externaltools.gnu-tools-for-stm32.13.3.rel1.win32_1.0.0.202411081344/tools/bin/../lib/gcc/arm-none-eabi/13.3.1/thumb/v7e-m+fp/hard/crti.o
LOAD C:/ST/STM32CubeIDE_1.19.0/STM32CubeIDE/plugins/com.st.stm32cube.ide.mcu.externaltools.gnu-tools-for-stm32.13.3.rel1.win32_1.0.0.202411081344/tools/bin/../lib/gcc/arm-none-eabi/13.3.1/thumb/v7e-m+fp/hard/crtbegin.o
LOAD C:/ST/STM32CubeIDE_1.19.0/STM32CubeIDE/plugins/com.st.stm32cube.ide.mcu.externaltools.gnu-tools-for-stm32.13.3.rel1.win32_1.0.0.202411081344/tools/bin/../lib/gcc/arm-none-eabi/13.3.1/../../../../arm-none-eabi/lib/thumb/v7e-m+fp/hard/crt0.o
LOAD ./Core/Src/hu_moments.o
LOAD ./Core/Src/main.o
LOAD ./Core/Src/manual_img.o
LOAD ./Core/Src/retarget.o
LOAD ./Core/Src/stm32f4xx_hal_msp.o
LOAD ./Core/Src/stm32f4xx_it.o
LOAD ./Core/Src/sysmem.o
LOAD ./Core/Src/system_stm32f4xx.o
LOAD ./Core/Startup/startup_stm32f446retx.o
LOAD ./Drivers/STM32F4xx_HAL_Driver/Src/stm32f4xx_hal.o
LOAD ./Drivers/STM32F4xx_HAL_Driver/Src/stm32f4xx_hal_cortex.o
LOAD ./Drivers/STM32F4xx_HAL_Driver/Src/stm32f4xx_hal_crc.o
LOAD ./Drivers/STM32F4xx_HAL_Driver/Src/stm32f4xx_hal_dma.o
LOAD ./Drivers/STM32F4xx_HAL_Driver/Src/stm32f4xx_hal_dma_ex.o
LOAD ./Drivers/STM32F4xx_HAL_Driver/Src/stm32f4xx_hal_exti.o
LOAD ./Drivers/STM32F4xx_HAL_Driver/Src/stm32f4xx_hal_flash.o
LOAD ./Drivers/STM32F4xx_HAL_Driver/Src/stm32f4xx_hal_flash_ex.o
LOAD ./Drivers/STM32F4xx_HAL_Driver/Src/stm32f4xx_hal_flash_ramfunc.o
LOAD ./Drivers/STM32F4xx_HAL_Driver/Src/stm32f4xx_hal_gpio.o
LOAD ./Drivers/STM32F4xx_HAL_Driver/Src/stm32f4xx_hal_pwr.o
LOAD ./Drivers/STM32F4xx_HAL_Driver/Src/stm32f4xx_hal_pwr_ex.o
LOAD ./Drivers/STM32F4xx_HAL_Driver/Src/stm32f4xx_hal_rcc.o
LOAD ./Drivers/STM32F4xx_HAL_Driver/Src/stm32f4xx_hal_rcc_ex.o
LOAD ./Drivers/STM32F4xx_HAL_Driver/Src/stm32f4xx_hal_uart.o
LOAD ./X-CUBE-AI/App/network.o
LOAD ./X-CUBE-AI/App/network_data.o
LOAD ./X-CUBE-AI/App/network_data_params.o
LOAD ../Middlewares/ST/AI/Lib\NetworkRuntime1020_CM4_GCC.a
START GROUP
LOAD C:/ST/STM32CubeIDE_1.19.0/STM32CubeIDE/plugins/com.st.stm32cube.ide.mcu.externaltools.gnu-tools-for-stm32.13.3.rel1.win32_1.0.0.202411081344/tools/bin/../lib/gcc/arm-none-eabi/13.3.1/../../../../arm-none-eabi/lib/thumb/v7e-m+fp/hard\libc_nano.a
LOAD C:/ST/STM32CubeIDE_1.19.0/STM32CubeIDE/plugins/com.st.stm32cube.ide.mcu.externaltools.gnu-tools-for-stm32.13.3.rel1.win32_1.0.0.202411081344/tools/bin/../lib/gcc/arm-none-eabi/13.3.1/../../../../arm-none-eabi/lib/thumb/v7e-m+fp/hard\libm.a
END GROUP
START GROUP
LOAD C:/ST/STM32CubeIDE_1.19.0/STM32CubeIDE/plugins/com.st.stm32cube.ide.mcu.externaltools.gnu-tools-for-stm32.13.3.rel1.win32_1.0.0.202411081344/tools/bin/../lib/gcc/arm-none-eabi/13.3.1/thumb/v7e-m+fp/hard\libgcc.a
LOAD C:/ST/STM32CubeIDE_1.19.0/STM32CubeIDE/plugins/com.st.stm32cube.ide.mcu.externaltools.gnu-tools-for-stm32.13.3.rel1.win32_1.0.0.202411081344/tools/bin/../lib/gcc/arm-none-eabi/13.3.1/../../../../arm-none-eabi/lib/thumb/v7e-m+fp/hard\libc_nano.a
END GROUP
START GROUP
LOAD C:/ST/STM32CubeIDE_1.19.0/STM32CubeIDE/plugins/com.st.stm32cube.ide.mcu.externaltools.gnu-tools-for-stm32.13.3.rel1.win32_1.0.0.202411081344/tools/bin/../lib/gcc/arm-none-eabi/13.3.1/thumb/v7e-m+fp/hard\libgcc.a
LOAD C:/ST/STM32CubeIDE_1.19.0/STM32CubeIDE/plugins/com.st.stm32cube.ide.mcu.externaltools.gnu-tools-for-stm32.13.3.rel1.win32_1.0.0.202411081344/tools/bin/../lib/gcc/arm-none-eabi/13.3.1/../../../../arm-none-eabi/lib/thumb/v7e-m+fp/hard\libc_nano.a
LOAD C:/ST/STM32CubeIDE_1.19.0/STM32CubeIDE/plugins/com.st.stm32cube.ide.mcu.externaltools.gnu-tools-for-stm32.13.3.rel1.win32_1.0.0.202411081344/tools/bin/../lib/gcc/arm-none-eabi/13.3.1/../../../../arm-none-eabi/lib/thumb/v7e-m+fp/hard\libnosys.a
END GROUP
START GROUP
LOAD C:/ST/STM32CubeIDE_1.19.0/STM32CubeIDE/plugins/com.st.stm32cube.ide.mcu.externaltools.gnu-tools-for-stm32.13.3.rel1.win32_1.0.0.202411081344/tools/bin/../lib/gcc/arm-none-eabi/13.3.1/thumb/v7e-m+fp/hard\libgcc.a
LOAD C:/ST/STM32CubeIDE_1.19.0/STM32CubeIDE/plugins/com.st.stm32cube.ide.mcu.externaltools.gnu-tools-for-stm32.13.3.rel1.win32_1.0.0.202411081344/tools/bin/../lib/gcc/arm-none-eabi/13.3.1/../../../../arm-none-eabi/lib/thumb/v7e-m+fp/hard\libc_nano.a
LOAD C:/ST/STM32CubeIDE_1.19.0/STM32CubeIDE/plugins/com.st.stm32cube.ide.mcu.externaltools.gnu-tools-for-stm32.13.3.rel1.win32_1.0.0.202411081344/tools/bin/../lib/gcc/arm-none-eabi/13.3.1/../../../../arm-none-eabi/lib/thumb/v7e-m+fp/hard\libnosys.a
END GROUP
LOAD C:/ST/STM32CubeIDE_1.19.0/STM32CubeIDE/plugins/com.st.stm32cube.ide.mcu.externaltools.gnu-tools-for-stm32.13.3.rel1.win32_1.0.0.202411081344/tools/bin/../lib/gcc/arm-none-eabi/13.3.1/thumb/v7e-m+fp/hard/crtend.o
LOAD C:/ST/STM32CubeIDE_1.19.0/STM32CubeIDE/plugins/com.st.stm32cube.ide.mcu.externaltools.gnu-tools-for-stm32.13.3.rel1.win32_1.0.0.202411081344/tools/bin/../lib/gcc/arm-none-eabi/13.3.1/thumb/v7e-m+fp/hard/crtn.o
                0x20020000                        _estack = (ORIGIN (RAM) + LENGTH (RAM))
                0x00000800                        _Min_Heap_Size = 0x800
                0x00000800                        _Min_Stack_Size = 0x800

.isr_vector     0x08000000      0x1c4
                0x08000000                        . = ALIGN (0x4)
 *(.isr_vector)
 .isr_vector    0x08000000      0x1c4 ./Core/Startup/startup_stm32f446retx.o
                0x08000000                g_pfnVectors
                0x080001c4                        . = ALIGN (0x4)

.text           0x080001c8     0x6ae0
                0x080001c8                        . = ALIGN (0x4)
 *(.text)
 .text          0x080001c8       0x40 C:/ST/STM32CubeIDE_1.19.0/STM32CubeIDE/plugins/com.st.stm32cube.ide.mcu.externaltools.gnu-tools-for-stm32.13.3.rel1.win32_1.0.0.202411081344/tools/bin/../lib/gcc/arm-none-eabi/13.3.1/thumb/v7e-m+fp/hard/crtbegin.o
 .text          0x08000208      0x378 C:/ST/STM32CubeIDE_1.19.0/STM32CubeIDE/plugins/com.st.stm32cube.ide.mcu.externaltools.gnu-tools-for-stm32.13.3.rel1.win32_1.0.0.202411081344/tools/bin/../lib/gcc/arm-none-eabi/13.3.1/thumb/v7e-m+fp/hard\libgcc.a(_arm_addsubdf3.o)
                0x08000208                __aeabi_drsub
                0x08000210                __aeabi_dsub
                0x08000210                __subdf3
                0x08000214                __aeabi_dadd
                0x08000214                __adddf3
                0x0800048c                __floatunsidf
                0x0800048c                __aeabi_ui2d
                0x080004ac                __floatsidf
                0x080004ac                __aeabi_i2d
                0x080004d0                __aeabi_f2d
                0x080004d0                __extendsfdf2
                0x08000514                __floatundidf
                0x08000514                __aeabi_ul2d
                0x08000524                __floatdidf
                0x08000524                __aeabi_l2d
 .text          0x08000580      0x424 C:/ST/STM32CubeIDE_1.19.0/STM32CubeIDE/plugins/com.st.stm32cube.ide.mcu.externaltools.gnu-tools-for-stm32.13.3.rel1.win32_1.0.0.202411081344/tools/bin/../lib/gcc/arm-none-eabi/13.3.1/thumb/v7e-m+fp/hard\libgcc.a(_arm_muldivdf3.o)
                0x08000580                __aeabi_dmul
                0x08000580                __muldf3
                0x080007d4                __divdf3
                0x080007d4                __aeabi_ddiv
 .text          0x080009a4      0x110 C:/ST/STM32CubeIDE_1.19.0/STM32CubeIDE/plugins/com.st.stm32cube.ide.mcu.externaltools.gnu-tools-for-stm32.13.3.rel1.win32_1.0.0.202411081344/tools/bin/../lib/gcc/arm-none-eabi/13.3.1/thumb/v7e-m+fp/hard\libgcc.a(_arm_cmpdf2.o)
                0x080009a4                __gtdf2
                0x080009a4                __gedf2
                0x080009ac                __ltdf2
                0x080009ac                __ledf2
                0x080009b4                __nedf2
                0x080009b4                __eqdf2
                0x080009b4                __cmpdf2
                0x08000a30                __aeabi_cdrcmple
                0x08000a40                __aeabi_cdcmpeq
                0x08000a40                __aeabi_cdcmple
                0x08000a50                __aeabi_dcmpeq
                0x08000a64                __aeabi_dcmplt
                0x08000a78                __aeabi_dcmple
                0x08000a8c                __aeabi_dcmpge
                0x08000aa0                __aeabi_dcmpgt
 .text          0x08000ab4       0x2c C:/ST/STM32CubeIDE_1.19.0/STM32CubeIDE/plugins/com.st.stm32cube.ide.mcu.externaltools.gnu-tools-for-stm32.13.3.rel1.win32_1.0.0.202411081344/tools/bin/../lib/gcc/arm-none-eabi/13.3.1/thumb/v7e-m+fp/hard\libgcc.a(_arm_unorddf2.o)
                0x08000ab4                __unorddf2
                0x08000ab4                __aeabi_dcmpun
 .text          0x08000ae0       0xa0 C:/ST/STM32CubeIDE_1.19.0/STM32CubeIDE/plugins/com.st.stm32cube.ide.mcu.externaltools.gnu-tools-for-stm32.13.3.rel1.win32_1.0.0.202411081344/tools/bin/../lib/gcc/arm-none-eabi/13.3.1/thumb/v7e-m+fp/hard\libgcc.a(_arm_truncdfsf2.o)
                0x08000ae0                __truncdfsf2
                0x08000ae0                __aeabi_d2f
 .text          0x08000b80       0x30 C:/ST/STM32CubeIDE_1.19.0/STM32CubeIDE/plugins/com.st.stm32cube.ide.mcu.externaltools.gnu-tools-for-stm32.13.3.rel1.win32_1.0.0.202411081344/tools/bin/../lib/gcc/arm-none-eabi/13.3.1/thumb/v7e-m+fp/hard\libgcc.a(_aeabi_uldivmod.o)
                0x08000b80                __aeabi_uldivmod
 .text          0x08000bb0      0x2f8 C:/ST/STM32CubeIDE_1.19.0/STM32CubeIDE/plugins/com.st.stm32cube.ide.mcu.externaltools.gnu-tools-for-stm32.13.3.rel1.win32_1.0.0.202411081344/tools/bin/../lib/gcc/arm-none-eabi/13.3.1/thumb/v7e-m+fp/hard\libgcc.a(_udivmoddi4.o)
                0x08000bb0                __udivmoddi4
 .text          0x08000ea8        0x4 C:/ST/STM32CubeIDE_1.19.0/STM32CubeIDE/plugins/com.st.stm32cube.ide.mcu.externaltools.gnu-tools-for-stm32.13.3.rel1.win32_1.0.0.202411081344/tools/bin/../lib/gcc/arm-none-eabi/13.3.1/thumb/v7e-m+fp/hard\libgcc.a(_dvmd_tls.o)
                0x08000ea8                __aeabi_idiv0
                0x08000ea8                __aeabi_ldiv0
 *(.text*)
 *fill*         0x08000eac        0x4 
 .text.hu_moments_7_from_u8_28x28
                0x08000eb0      0xfa0 ./Core/Src/hu_moments.o
                0x08000eb0                hu_moments_7_from_u8_28x28
 .text.ai_init  0x08001e50       0x70 ./Core/Src/main.o
 .text.ai_run_one
                0x08001ec0       0x70 ./Core/Src/main.o
 .text.main     0x08001f30      0x114 ./Core/Src/main.o
                0x08001f30                main
 .text.SystemClock_Config
                0x08002044       0xdc ./Core/Src/main.o
                0x08002044                SystemClock_Config
 .text.MX_CRC_Init
                0x08002120       0x28 ./Core/Src/main.o
 .text.MX_USART2_UART_Init
                0x08002148       0x54 ./Core/Src/main.o
 .text.MX_GPIO_Init
                0x0800219c       0xdc ./Core/Src/main.o
 .text.Error_Handler
                0x08002278        0xc ./Core/Src/main.o
                0x08002278                Error_Handler
 .text.HAL_MspInit
                0x08002284       0x50 ./Core/Src/stm32f4xx_hal_msp.o
                0x08002284                HAL_MspInit
 .text.HAL_CRC_MspInit
                0x080022d4       0x44 ./Core/Src/stm32f4xx_hal_msp.o
                0x080022d4                HAL_CRC_MspInit
 .text.HAL_UART_MspInit
                0x08002318       0x90 ./Core/Src/stm32f4xx_hal_msp.o
                0x08002318                HAL_UART_MspInit
 .text.NMI_Handler
                0x080023a8        0x8 ./Core/Src/stm32f4xx_it.o
                0x080023a8                NMI_Handler
 .text.HardFault_Handler
                0x080023b0        0x8 ./Core/Src/stm32f4xx_it.o
                0x080023b0                HardFault_Handler
 .text.MemManage_Handler
                0x080023b8        0x8 ./Core/Src/stm32f4xx_it.o
                0x080023b8                MemManage_Handler
 .text.BusFault_Handler
                0x080023c0        0x8 ./Core/Src/stm32f4xx_it.o
                0x080023c0                BusFault_Handler
 .text.UsageFault_Handler
                0x080023c8        0x8 ./Core/Src/stm32f4xx_it.o
                0x080023c8                UsageFault_Handler
 .text.SVC_Handler
                0x080023d0        0xe ./Core/Src/stm32f4xx_it.o
                0x080023d0                SVC_Handler
 .text.DebugMon_Handler
                0x080023de        0xe ./Core/Src/stm32f4xx_it.o
                0x080023de                DebugMon_Handler
 .text.PendSV_Handler
                0x080023ec        0xe ./Core/Src/stm32f4xx_it.o
                0x080023ec                PendSV_Handler
 .text.SysTick_Handler
                0x080023fa        0xc ./Core/Src/stm32f4xx_it.o
                0x080023fa                SysTick_Handler
 *fill*         0x08002406        0x2 
 .text.SystemInit
                0x08002408       0x24 ./Core/Src/system_stm32f4xx.o
                0x08002408                SystemInit
 .text.Reset_Handler
                0x0800242c       0x50 ./Core/Startup/startup_stm32f446retx.o
                0x0800242c                Reset_Handler
 .text.Default_Handler
                0x0800247c        0x2 ./Core/Startup/startup_stm32f446retx.o
                0x0800247c                RTC_Alarm_IRQHandler
                0x0800247c                EXTI2_IRQHandler
                0x0800247c                TIM8_CC_IRQHandler
                0x0800247c                FMPI2C1_EV_IRQHandler
                0x0800247c                SPI4_IRQHandler
                0x0800247c                TIM1_CC_IRQHandler
                0x0800247c                DMA2_Stream5_IRQHandler
                0x0800247c                DMA1_Stream5_IRQHandler
                0x0800247c                PVD_IRQHandler
                0x0800247c                SDIO_IRQHandler
                0x0800247c                TAMP_STAMP_IRQHandler
                0x0800247c                CAN2_RX1_IRQHandler
                0x0800247c                EXTI3_IRQHandler
                0x0800247c                TIM8_TRG_COM_TIM14_IRQHandler
                0x0800247c                TIM1_UP_TIM10_IRQHandler
                0x0800247c                TIM8_UP_TIM13_IRQHandler
                0x0800247c                I2C3_ER_IRQHandler
                0x0800247c                EXTI0_IRQHandler
                0x0800247c                I2C2_EV_IRQHandler
                0x0800247c                DMA1_Stream2_IRQHandler
                0x0800247c                CAN1_RX0_IRQHandler
                0x0800247c                FPU_IRQHandler
                0x0800247c                OTG_HS_WKUP_IRQHandler
                0x0800247c                CAN2_SCE_IRQHandler
                0x0800247c                DMA2_Stream2_IRQHandler
                0x0800247c                SPI1_IRQHandler
                0x0800247c                TIM6_DAC_IRQHandler
                0x0800247c                TIM1_BRK_TIM9_IRQHandler
                0x0800247c                DCMI_IRQHandler
                0x0800247c                CAN2_RX0_IRQHandler
                0x0800247c                DMA2_Stream3_IRQHandler
                0x0800247c                SAI2_IRQHandler
                0x0800247c                USART6_IRQHandler
                0x0800247c                USART3_IRQHandler
                0x0800247c                CAN1_RX1_IRQHandler
                0x0800247c                UART5_IRQHandler
                0x0800247c                DMA2_Stream0_IRQHandler
                0x0800247c                TIM4_IRQHandler
                0x0800247c                QUADSPI_IRQHandler
                0x0800247c                I2C1_EV_IRQHandler
                0x0800247c                DMA1_Stream6_IRQHandler
                0x0800247c                DMA1_Stream1_IRQHandler
                0x0800247c                UART4_IRQHandler
                0x0800247c                TIM3_IRQHandler
                0x0800247c                RCC_IRQHandler
                0x0800247c                TIM8_BRK_TIM12_IRQHandler
                0x0800247c                Default_Handler
                0x0800247c                CEC_IRQHandler
                0x0800247c                EXTI15_10_IRQHandler
                0x0800247c                ADC_IRQHandler
                0x0800247c                DMA1_Stream7_IRQHandler
                0x0800247c                TIM7_IRQHandler
                0x0800247c                CAN2_TX_IRQHandler
                0x0800247c                TIM5_IRQHandler
                0x0800247c                DMA2_Stream7_IRQHandler
                0x0800247c                I2C3_EV_IRQHandler
                0x0800247c                EXTI9_5_IRQHandler
                0x0800247c                RTC_WKUP_IRQHandler
                0x0800247c                SPDIF_RX_IRQHandler
                0x0800247c                SPI2_IRQHandler
                0x0800247c                OTG_HS_EP1_IN_IRQHandler
                0x0800247c                DMA1_Stream0_IRQHandler
                0x0800247c                CAN1_TX_IRQHandler
                0x0800247c                FMPI2C1_ER_IRQHandler
                0x0800247c                EXTI4_IRQHandler
                0x0800247c                OTG_HS_EP1_OUT_IRQHandler
                0x0800247c                WWDG_IRQHandler
                0x0800247c                TIM2_IRQHandler
                0x0800247c                OTG_FS_WKUP_IRQHandler
                0x0800247c                TIM1_TRG_COM_TIM11_IRQHandler
                0x0800247c                OTG_HS_IRQHandler
                0x0800247c                EXTI1_IRQHandler
                0x0800247c                USART2_IRQHandler
                0x0800247c                I2C2_ER_IRQHandler
                0x0800247c                DMA2_Stream1_IRQHandler
                0x0800247c                CAN1_SCE_IRQHandler
                0x0800247c                FLASH_IRQHandler
                0x0800247c                DMA2_Stream4_IRQHandler
                0x0800247c                USART1_IRQHandler
                0x0800247c                OTG_FS_IRQHandler
                0x0800247c                SPI3_IRQHandler
                0x0800247c                DMA1_Stream4_IRQHandler
                0x0800247c                I2C1_ER_IRQHandler
                0x0800247c                FMC_IRQHandler
                0x0800247c                DMA2_Stream6_IRQHandler
                0x0800247c                SAI1_IRQHandler
                0x0800247c                DMA1_Stream3_IRQHandler
 *fill*         0x0800247e        0x2 
 .text.HAL_Init
                0x08002480       0x44 ./Drivers/STM32F4xx_HAL_Driver/Src/stm32f4xx_hal.o
                0x08002480                HAL_Init
 .text.HAL_InitTick
                0x080024c4       0x60 ./Drivers/STM32F4xx_HAL_Driver/Src/stm32f4xx_hal.o
                0x080024c4                HAL_InitTick
 .text.HAL_IncTick
                0x08002524       0x28 ./Drivers/STM32F4xx_HAL_Driver/Src/stm32f4xx_hal.o
                0x08002524                HAL_IncTick
 .text.HAL_GetTick
                0x0800254c       0x18 ./Drivers/STM32F4xx_HAL_Driver/Src/stm32f4xx_hal.o
                0x0800254c                HAL_GetTick
 .text.HAL_Delay
                0x08002564       0x48 ./Drivers/STM32F4xx_HAL_Driver/Src/stm32f4xx_hal.o
                0x08002564                HAL_Delay
 .text.__NVIC_SetPriorityGrouping
                0x080025ac       0x48 ./Drivers/STM32F4xx_HAL_Driver/Src/stm32f4xx_hal_cortex.o
 .text.__NVIC_GetPriorityGrouping
                0x080025f4       0x1c ./Drivers/STM32F4xx_HAL_Driver/Src/stm32f4xx_hal_cortex.o
 .text.__NVIC_SetPriority
                0x08002610       0x54 ./Drivers/STM32F4xx_HAL_Driver/Src/stm32f4xx_hal_cortex.o
 .text.NVIC_EncodePriority
                0x08002664       0x66 ./Drivers/STM32F4xx_HAL_Driver/Src/stm32f4xx_hal_cortex.o
 *fill*         0x080026ca        0x2 
 .text.SysTick_Config
                0x080026cc       0x44 ./Drivers/STM32F4xx_HAL_Driver/Src/stm32f4xx_hal_cortex.o
 .text.HAL_NVIC_SetPriorityGrouping
                0x08002710       0x16 ./Drivers/STM32F4xx_HAL_Driver/Src/stm32f4xx_hal_cortex.o
                0x08002710                HAL_NVIC_SetPriorityGrouping
 .text.HAL_NVIC_SetPriority
                0x08002726       0x38 ./Drivers/STM32F4xx_HAL_Driver/Src/stm32f4xx_hal_cortex.o
                0x08002726                HAL_NVIC_SetPriority
 .text.HAL_SYSTICK_Config
                0x0800275e       0x18 ./Drivers/STM32F4xx_HAL_Driver/Src/stm32f4xx_hal_cortex.o
                0x0800275e                HAL_SYSTICK_Config
 .text.HAL_CRC_Init
                0x08002776       0x38 ./Drivers/STM32F4xx_HAL_Driver/Src/stm32f4xx_hal_crc.o
                0x08002776                HAL_CRC_Init
 *fill*         0x080027ae        0x2 
 .text.HAL_GPIO_Init
                0x080027b0      0x328 ./Drivers/STM32F4xx_HAL_Driver/Src/stm32f4xx_hal_gpio.o
                0x080027b0                HAL_GPIO_Init
 .text.HAL_GPIO_WritePin
                0x08002ad8       0x32 ./Drivers/STM32F4xx_HAL_Driver/Src/stm32f4xx_hal_gpio.o
                0x08002ad8                HAL_GPIO_WritePin
 *fill*         0x08002b0a        0x2 
 .text.HAL_RCC_ClockConfig
                0x08002b0c      0x1cc ./Drivers/STM32F4xx_HAL_Driver/Src/stm32f4xx_hal_rcc.o
                0x08002b0c                HAL_RCC_ClockConfig
 .text.HAL_RCC_GetHCLKFreq
                0x08002cd8       0x18 ./Drivers/STM32F4xx_HAL_Driver/Src/stm32f4xx_hal_rcc.o
                0x08002cd8                HAL_RCC_GetHCLKFreq
 .text.HAL_RCC_GetPCLK1Freq
                0x08002cf0       0x28 ./Drivers/STM32F4xx_HAL_Driver/Src/stm32f4xx_hal_rcc.o
                0x08002cf0                HAL_RCC_GetPCLK1Freq
 .text.HAL_RCC_GetPCLK2Freq
                0x08002d18       0x28 ./Drivers/STM32F4xx_HAL_Driver/Src/stm32f4xx_hal_rcc.o
                0x08002d18                HAL_RCC_GetPCLK2Freq
 .text.HAL_RCC_GetSysClockFreq
                0x08002d40      0x460 ./Drivers/STM32F4xx_HAL_Driver/Src/stm32f4xx_hal_rcc_ex.o
                0x08002d40                HAL_RCC_GetSysClockFreq
 .text.HAL_RCC_OscConfig
                0x080031a0      0x53c ./Drivers/STM32F4xx_HAL_Driver/Src/stm32f4xx_hal_rcc_ex.o
                0x080031a0                HAL_RCC_OscConfig
 .text.HAL_UART_Init
                0x080036dc       0xa0 ./Drivers/STM32F4xx_HAL_Driver/Src/stm32f4xx_hal_uart.o
                0x080036dc                HAL_UART_Init
 .text.UART_SetConfig
                0x0800377c      0x4e8 ./Drivers/STM32F4xx_HAL_Driver/Src/stm32f4xx_hal_uart.o
 .text.network_configure_activations
                0x08003c64       0xe8 ./X-CUBE-AI/App/network.o
 .text.network_configure_weights
                0x08003d4c      0x12c ./X-CUBE-AI/App/network.o
 .text.ai_network_create
                0x08003e78       0x2c ./X-CUBE-AI/App/network.o
                0x08003e78                ai_network_create
 .text.ai_network_inputs_get
                0x08003ea4       0x34 ./X-CUBE-AI/App/network.o
                0x08003ea4                ai_network_inputs_get
 .text.ai_network_outputs_get
                0x08003ed8       0x34 ./X-CUBE-AI/App/network.o
                0x08003ed8                ai_network_outputs_get
 .text.ai_network_init
                0x08003f0c       0x78 ./X-CUBE-AI/App/network.o
                0x08003f0c                ai_network_init
 .text.ai_network_run
                0x08003f84       0x20 ./X-CUBE-AI/App/network.o
                0x08003f84                ai_network_run
 .text.ai_network_data_activations_buffer_get
                0x08003fa4       0x68 ./X-CUBE-AI/App/network_data.o
                0x08003fa4                ai_network_data_activations_buffer_get
 .text.ai_network_data_weights_buffer_get
                0x0800400c       0x68 ./X-CUBE-AI/App/network_data.o
                0x0800400c                ai_network_data_weights_buffer_get
 .text.ai_network_data_weights_get
                0x08004074       0x14 ./X-CUBE-AI/App/network_data.o
                0x08004074                ai_network_data_weights_get
 .text.ai_buffer_get_size
                0x08004088       0x64 ../Middlewares/ST/AI/Lib\NetworkRuntime1020_CM4_GCC.a(ai_platform.o)
                0x08004088                ai_buffer_get_size
 .text.ai_buffer_array_sane
                0x080040ec       0x14 ../Middlewares/ST/AI/Lib\NetworkRuntime1020_CM4_GCC.a(ai_platform.o)
                0x080040ec                ai_buffer_array_sane
 .text.ai_platform_get_weights_map
                0x08004100       0xa4 ../Middlewares/ST/AI/Lib\NetworkRuntime1020_CM4_GCC.a(ai_platform_interface.o)
                0x08004100                ai_platform_get_weights_map
 .text.ai_platform_get_activations_map
                0x080041a4       0xa8 ../Middlewares/ST/AI/Lib\NetworkRuntime1020_CM4_GCC.a(ai_platform_interface.o)
                0x080041a4                ai_platform_get_activations_map
 .text.ai_platform_network_set_error
                0x0800424c        0xc ../Middlewares/ST/AI/Lib\NetworkRuntime1020_CM4_GCC.a(ai_platform_interface.o)
                0x0800424c                ai_platform_network_set_error
 .text.ai_platform_inputs_get
                0x08004258       0xec ../Middlewares/ST/AI/Lib\NetworkRuntime1020_CM4_GCC.a(ai_platform_interface.o)
                0x08004258                ai_platform_inputs_get
 .text.ai_platform_outputs_get
                0x08004344       0xe4 ../Middlewares/ST/AI/Lib\NetworkRuntime1020_CM4_GCC.a(ai_platform_interface.o)
                0x08004344                ai_platform_outputs_get
 .text.ai_platform_network_create
                0x08004428       0x84 ../Middlewares/ST/AI/Lib\NetworkRuntime1020_CM4_GCC.a(ai_platform_interface.o)
                0x08004428                ai_platform_network_create
 .text.ai_platform_network_init
                0x080044ac      0x130 ../Middlewares/ST/AI/Lib\NetworkRuntime1020_CM4_GCC.a(ai_platform_interface.o)
                0x080044ac                ai_platform_network_init
 .text.ai_platform_network_post_init
                0x080045dc       0x5c ../Middlewares/ST/AI/Lib\NetworkRuntime1020_CM4_GCC.a(ai_platform_interface.o)
                0x080045dc                ai_platform_network_post_init
 .text.ai_platform_network_process
                0x08004638      0x438 ../Middlewares/ST/AI/Lib\NetworkRuntime1020_CM4_GCC.a(ai_platform_interface.o)
                0x08004638                ai_platform_network_process
 .text.core_init
                0x08004a70        0x4 ../Middlewares/ST/AI/Lib\NetworkRuntime1020_CM4_GCC.a(core_common.o)
                0x08004a70                core_init
 .text.core_set_error
                0x08004a74       0x18 ../Middlewares/ST/AI/Lib\NetworkRuntime1020_CM4_GCC.a(core_common.o)
                0x08004a74                core_set_error
 .text.ai_check_custom_types
                0x08004a8c       0x54 ../Middlewares/ST/AI/Lib\NetworkRuntime1020_CM4_GCC.a(layers.o)
                0x08004a8c                ai_check_custom_types
 .text.ai_layers_init_all
                0x08004ae0       0x20 ../Middlewares/ST/AI/Lib\NetworkRuntime1020_CM4_GCC.a(layers.o)
                0x08004ae0                ai_layers_init_all
 .text.ai_layers_post_init_all
                0x08004b00       0x3c ../Middlewares/ST/AI/Lib\NetworkRuntime1020_CM4_GCC.a(layers.o)
                0x08004b00                ai_layers_post_init_all
 .text.ai_layers_forward_all
                0x08004b3c       0x90 ../Middlewares/ST/AI/Lib\NetworkRuntime1020_CM4_GCC.a(layers.o)
                0x08004b3c                ai_layers_forward_all
 .text.forward_dense
                0x08004bcc      0x100 ../Middlewares/ST/AI/Lib\NetworkRuntime1020_CM4_GCC.a(layers_conv2d_generic_float.o)
                0x08004bcc                forward_dense
 .text.forward_relu
                0x08004ccc      0x134 ../Middlewares/ST/AI/Lib\NetworkRuntime1020_CM4_GCC.a(layers_nl_generic_float.o)
                0x08004ccc                forward_relu
 .text.forward_sm
                0x08004e00       0x84 ../Middlewares/ST/AI/Lib\NetworkRuntime1020_CM4_GCC.a(layers_nl_generic_float.o)
                0x08004e00                forward_sm
 .text.forward_lite_nl_softmax_if32of32_kernel
                0x08004e84       0xf0 ../Middlewares/ST/AI/Lib\NetworkRuntime1020_CM4_GCC.a(lite_nl_softmax_if32of32.o)
                0x08004e84                forward_lite_nl_softmax_if32of32_kernel
 .text.forward_lite_nl_relu_generic_if32of32_kernel
                0x08004f74       0xf0 ../Middlewares/ST/AI/Lib\NetworkRuntime1020_CM4_GCC.a(lite_nl_relu_if32of32.o)
                0x08004f74                forward_lite_nl_relu_generic_if32of32_kernel
 .text.forward_lite_dense_if32of32wf32
                0x08005064      0x2ac ../Middlewares/ST/AI/Lib\NetworkRuntime1020_CM4_GCC.a(lite_dense_if32.o)
                0x08005064                forward_lite_dense_if32of32wf32
 .text.forward_lite_dense_if32of32wf32_lut4
                0x08005310      0x288 ../Middlewares/ST/AI/Lib\NetworkRuntime1020_CM4_GCC.a(lite_dense_if32.o)
                0x08005310                forward_lite_dense_if32of32wf32_lut4
 .text.forward_lite_dense_if32of32wf32_lut8
                0x08005598      0x298 ../Middlewares/ST/AI/Lib\NetworkRuntime1020_CM4_GCC.a(lite_dense_if32.o)
                0x08005598                forward_lite_dense_if32of32wf32_lut8
 .text.forward_lite_nl_softmax_if32of32
                0x08005830       0x64 ../Middlewares/ST/AI/Lib\NetworkRuntime1020_CM4_GCC.a(lite_nl_generic_float.o)
                0x08005830                forward_lite_nl_softmax_if32of32
 .text.st_int8_copy
                0x08005894      0x13c ../Middlewares/ST/AI/Lib\NetworkRuntime1020_CM4_GCC.a(st_int8_fill.o)
                0x08005894                st_int8_copy
 .text.ai_array_to_buffer_fmt
                0x080059d0       0xe0 ../Middlewares/ST/AI/Lib\NetworkRuntime1020_CM4_GCC.a(ai_datatypes_format.o)
                0x080059d0                ai_array_to_buffer_fmt
 .text.ai_array_get_data_byte_size
                0x08005ab0       0x24 ../Middlewares/ST/AI/Lib\NetworkRuntime1020_CM4_GCC.a(ai_datatypes_format.o)
                0x08005ab0                ai_array_get_data_byte_size
 .text.ai_version_get
                0x08005ad4        0xc ../Middlewares/ST/AI/Lib\NetworkRuntime1020_CM4_GCC.a(ai_datatypes_internal.o)
                0x08005ad4                ai_version_get
 .text.get_tensor_byte_size
                0x08005ae0       0x30 ../Middlewares/ST/AI/Lib\NetworkRuntime1020_CM4_GCC.a(ai_datatypes_internal.o)
                0x08005ae0                get_tensor_byte_size
 .text.memset   0x08005b10       0x10 C:/ST/STM32CubeIDE_1.19.0/STM32CubeIDE/plugins/com.st.stm32cube.ide.mcu.externaltools.gnu-tools-for-stm32.13.3.rel1.win32_1.0.0.202411081344/tools/bin/../lib/gcc/arm-none-eabi/13.3.1/../../../../arm-none-eabi/lib/thumb/v7e-m+fp/hard\libc_nano.a(libc_a-memset.o)
                0x08005b10                memset
 .text.__errno  0x08005b20        0xc C:/ST/STM32CubeIDE_1.19.0/STM32CubeIDE/plugins/com.st.stm32cube.ide.mcu.externaltools.gnu-tools-for-stm32.13.3.rel1.win32_1.0.0.202411081344/tools/bin/../lib/gcc/arm-none-eabi/13.3.1/../../../../arm-none-eabi/lib/thumb/v7e-m+fp/hard\libc_nano.a(libc_a-errno.o)
                0x08005b20                __errno
 .text.__libc_init_array
                0x08005b2c       0x48 C:/ST/STM32CubeIDE_1.19.0/STM32CubeIDE/plugins/com.st.stm32cube.ide.mcu.externaltools.gnu-tools-for-stm32.13.3.rel1.win32_1.0.0.202411081344/tools/bin/../lib/gcc/arm-none-eabi/13.3.1/../../../../arm-none-eabi/lib/thumb/v7e-m+fp/hard\libc_nano.a(libc_a-init.o)
                0x08005b2c                __libc_init_array
 .text.pow      0x08005b74       0xe0 C:/ST/STM32CubeIDE_1.19.0/STM32CubeIDE/plugins/com.st.stm32cube.ide.mcu.externaltools.gnu-tools-for-stm32.13.3.rel1.win32_1.0.0.202411081344/tools/bin/../lib/gcc/arm-none-eabi/13.3.1/../../../../arm-none-eabi/lib/thumb/v7e-m+fp/hard\libm.a(libm_a-w_pow.o)
                0x08005b74                pow
 .text.expf     0x08005c54       0x6c C:/ST/STM32CubeIDE_1.19.0/STM32CubeIDE/plugins/com.st.stm32cube.ide.mcu.externaltools.gnu-tools-for-stm32.13.3.rel1.win32_1.0.0.202411081344/tools/bin/../lib/gcc/arm-none-eabi/13.3.1/../../../../arm-none-eabi/lib/thumb/v7e-m+fp/hard\libm.a(libm_a-wf_exp.o)
                0x08005c54                expf
 .text.finite   0x08005cc0       0x16 C:/ST/STM32CubeIDE_1.19.0/STM32CubeIDE/plugins/com.st.stm32cube.ide.mcu.externaltools.gnu-tools-for-stm32.13.3.rel1.win32_1.0.0.202411081344/tools/bin/../lib/gcc/arm-none-eabi/13.3.1/../../../../arm-none-eabi/lib/thumb/v7e-m+fp/hard\libm.a(libm_a-s_finite.o)
                0x08005cc0                finite
 .text.with_errno
                0x08005cd6       0x24 C:/ST/STM32CubeIDE_1.19.0/STM32CubeIDE/plugins/com.st.stm32cube.ide.mcu.externaltools.gnu-tools-for-stm32.13.3.rel1.win32_1.0.0.202411081344/tools/bin/../lib/gcc/arm-none-eabi/13.3.1/../../../../arm-none-eabi/lib/thumb/v7e-m+fp/hard\libm.a(libm_a-math_err.o)
 .text.xflow    0x08005cfa       0x32 C:/ST/STM32CubeIDE_1.19.0/STM32CubeIDE/plugins/com.st.stm32cube.ide.mcu.externaltools.gnu-tools-for-stm32.13.3.rel1.win32_1.0.0.202411081344/tools/bin/../lib/gcc/arm-none-eabi/13.3.1/../../../../arm-none-eabi/lib/thumb/v7e-m+fp/hard\libm.a(libm_a-math_err.o)
 *fill*         0x08005d2c        0x4 
 .text.__math_uflow
                0x08005d30       0x10 C:/ST/STM32CubeIDE_1.19.0/STM32CubeIDE/plugins/com.st.stm32cube.ide.mcu.externaltools.gnu-tools-for-stm32.13.3.rel1.win32_1.0.0.202411081344/tools/bin/../lib/gcc/arm-none-eabi/13.3.1/../../../../arm-none-eabi/lib/thumb/v7e-m+fp/hard\libm.a(libm_a-math_err.o)
                0x08005d30                __math_uflow
 .text.__math_oflow
                0x08005d40       0x10 C:/ST/STM32CubeIDE_1.19.0/STM32CubeIDE/plugins/com.st.stm32cube.ide.mcu.externaltools.gnu-tools-for-stm32.13.3.rel1.win32_1.0.0.202411081344/tools/bin/../lib/gcc/arm-none-eabi/13.3.1/../../../../arm-none-eabi/lib/thumb/v7e-m+fp/hard\libm.a(libm_a-math_err.o)
                0x08005d40                __math_oflow
 .text.finitef  0x08005d50       0x14 C:/ST/STM32CubeIDE_1.19.0/STM32CubeIDE/plugins/com.st.stm32cube.ide.mcu.externaltools.gnu-tools-for-stm32.13.3.rel1.win32_1.0.0.202411081344/tools/bin/../lib/gcc/arm-none-eabi/13.3.1/../../../../arm-none-eabi/lib/thumb/v7e-m+fp/hard\libm.a(libm_a-sf_finite.o)
                0x08005d50                finitef
 .text.with_errnof
                0x08005d64       0x1c C:/ST/STM32CubeIDE_1.19.0/STM32CubeIDE/plugins/com.st.stm32cube.ide.mcu.externaltools.gnu-tools-for-stm32.13.3.rel1.win32_1.0.0.202411081344/tools/bin/../lib/gcc/arm-none-eabi/13.3.1/../../../../arm-none-eabi/lib/thumb/v7e-m+fp/hard\libm.a(libm_a-math_errf.o)
 .text.xflowf   0x08005d80       0x16 C:/ST/STM32CubeIDE_1.19.0/STM32CubeIDE/plugins/com.st.stm32cube.ide.mcu.externaltools.gnu-tools-for-stm32.13.3.rel1.win32_1.0.0.202411081344/tools/bin/../lib/gcc/arm-none-eabi/13.3.1/../../../../arm-none-eabi/lib/thumb/v7e-m+fp/hard\libm.a(libm_a-math_errf.o)
 *fill*         0x08005d96        0x2 
 .text.__math_uflowf
                0x08005d98        0xc C:/ST/STM32CubeIDE_1.19.0/STM32CubeIDE/plugins/com.st.stm32cube.ide.mcu.externaltools.gnu-tools-for-stm32.13.3.rel1.win32_1.0.0.202411081344/tools/bin/../lib/gcc/arm-none-eabi/13.3.1/../../../../arm-none-eabi/lib/thumb/v7e-m+fp/hard\libm.a(libm_a-math_errf.o)
                0x08005d98                __math_uflowf
 .text.__math_oflowf
                0x08005da4        0xc C:/ST/STM32CubeIDE_1.19.0/STM32CubeIDE/plugins/com.st.stm32cube.ide.mcu.externaltools.gnu-tools-for-stm32.13.3.rel1.win32_1.0.0.202411081344/tools/bin/../lib/gcc/arm-none-eabi/13.3.1/../../../../arm-none-eabi/lib/thumb/v7e-m+fp/hard\libm.a(libm_a-math_errf.o)
                0x08005da4                __math_oflowf
 .text.__ieee754_pow
                0x08005db0      0xa94 C:/ST/STM32CubeIDE_1.19.0/STM32CubeIDE/plugins/com.st.stm32cube.ide.mcu.externaltools.gnu-tools-for-stm32.13.3.rel1.win32_1.0.0.202411081344/tools/bin/../lib/gcc/arm-none-eabi/13.3.1/../../../../arm-none-eabi/lib/thumb/v7e-m+fp/hard\libm.a(libm_a-e_pow.o)
                0x08005db0                __ieee754_pow
 .text.fabs     0x08006844       0x10 C:/ST/STM32CubeIDE_1.19.0/STM32CubeIDE/plugins/com.st.stm32cube.ide.mcu.externaltools.gnu-tools-for-stm32.13.3.rel1.win32_1.0.0.202411081344/tools/bin/../lib/gcc/arm-none-eabi/13.3.1/../../../../arm-none-eabi/lib/thumb/v7e-m+fp/hard\libm.a(libm_a-s_fabs.o)
                0x08006844                fabs
 .text.__ieee754_expf
                0x08006854      0x19c C:/ST/STM32CubeIDE_1.19.0/STM32CubeIDE/plugins/com.st.stm32cube.ide.mcu.externaltools.gnu-tools-for-stm32.13.3.rel1.win32_1.0.0.202411081344/tools/bin/../lib/gcc/arm-none-eabi/13.3.1/../../../../arm-none-eabi/lib/thumb/v7e-m+fp/hard\libm.a(libm_a-ef_exp.o)
                0x08006854                __ieee754_expf
 .text.scalbn   0x080069f0       0xf4 C:/ST/STM32CubeIDE_1.19.0/STM32CubeIDE/plugins/com.st.stm32cube.ide.mcu.externaltools.gnu-tools-for-stm32.13.3.rel1.win32_1.0.0.202411081344/tools/bin/../lib/gcc/arm-none-eabi/13.3.1/../../../../arm-none-eabi/lib/thumb/v7e-m+fp/hard\libm.a(libm_a-s_scalbn.o)
                0x080069f0                scalbn
 .text.__ieee754_sqrt
                0x08006ae4      0x1ac C:/ST/STM32CubeIDE_1.19.0/STM32CubeIDE/plugins/com.st.stm32cube.ide.mcu.externaltools.gnu-tools-for-stm32.13.3.rel1.win32_1.0.0.202411081344/tools/bin/../lib/gcc/arm-none-eabi/13.3.1/../../../../arm-none-eabi/lib/thumb/v7e-m+fp/hard\libm.a(libm_a-e_sqrt.o)
                0x08006ae4                __ieee754_sqrt
 *(.glue_7)
 .glue_7        0x08006c90        0x0 linker stubs
 *(.glue_7t)
 .glue_7t       0x08006c90        0x0 linker stubs
 *(.eh_frame)
 .eh_frame      0x08006c90        0x0 C:/ST/STM32CubeIDE_1.19.0/STM32CubeIDE/plugins/com.st.stm32cube.ide.mcu.externaltools.gnu-tools-for-stm32.13.3.rel1.win32_1.0.0.202411081344/tools/bin/../lib/gcc/arm-none-eabi/13.3.1/thumb/v7e-m+fp/hard/crtbegin.o
 *(.init)
 .init          0x08006c90        0x4 C:/ST/STM32CubeIDE_1.19.0/STM32CubeIDE/plugins/com.st.stm32cube.ide.mcu.externaltools.gnu-tools-for-stm32.13.3.rel1.win32_1.0.0.202411081344/tools/bin/../lib/gcc/arm-none-eabi/13.3.1/thumb/v7e-m+fp/hard/crti.o
                0x08006c90                _init
 .init          0x08006c94        0x8 C:/ST/STM32CubeIDE_1.19.0/STM32CubeIDE/plugins/com.st.stm32cube.ide.mcu.externaltools.gnu-tools-for-stm32.13.3.rel1.win32_1.0.0.202411081344/tools/bin/../lib/gcc/arm-none-eabi/13.3.1/thumb/v7e-m+fp/hard/crtn.o
 *(.fini)
 .fini          0x08006c9c        0x4 C:/ST/STM32CubeIDE_1.19.0/STM32CubeIDE/plugins/com.st.stm32cube.ide.mcu.externaltools.gnu-tools-for-stm32.13.3.rel1.win32_1.0.0.202411081344/tools/bin/../lib/gcc/arm-none-eabi/13.3.1/thumb/v7e-m+fp/hard/crti.o
                0x08006c9c                _fini
 .fini          0x08006ca0        0x8 C:/ST/STM32CubeIDE_1.19.0/STM32CubeIDE/plugins/com.st.stm32cube.ide.mcu.externaltools.gnu-tools-for-stm32.13.3.rel1.win32_1.0.0.202411081344/tools/bin/../lib/gcc/arm-none-eabi/13.3.1/thumb/v7e-m+fp/hard/crtn.o
                0x08006ca8                        . = ALIGN (0x4)
                0x08006ca8                        _etext = .

.vfp11_veneer   0x08006ca8        0x0
 .vfp11_veneer  0x08006ca8        0x0 linker stubs

.v4_bx          0x08006ca8        0x0
 .v4_bx         0x08006ca8        0x0 linker stubs

.iplt           0x08006ca8        0x0
 .iplt          0x08006ca8        0x0 C:/ST/STM32CubeIDE_1.19.0/STM32CubeIDE/plugins/com.st.stm32cube.ide.mcu.externaltools.gnu-tools-for-stm32.13.3.rel1.win32_1.0.0.202411081344/tools/bin/../lib/gcc/arm-none-eabi/13.3.1/thumb/v7e-m+fp/hard/crtbegin.o

.rodata         0x08006cc0     0xbe30
                0x08006cc0                        . = ALIGN (0x4)
 *(.rodata)
 .rodata        0x08006cc0       0x30 ./X-CUBE-AI/App/network_data.o
 *(.rodata*)
 .rodata.HU_MEAN
                0x08006cf0       0x1c ./Core/Src/main.o
 .rodata.HU_STD
                0x08006d0c       0x1c ./Core/Src/main.o
 .rodata.img2_28x28
                0x08006d28      0x310 ./Core/Src/manual_img.o
                0x08006d28                img2_28x28
 .rodata.AHBPrescTable
                0x08007038       0x10 ./Core/Src/system_stm32f4xx.o
                0x08007038                AHBPrescTable
 .rodata.APBPrescTable
                0x08007048        0x8 ./Core/Src/system_stm32f4xx.o
                0x08007048                APBPrescTable
 .rodata.dense_2_chain
                0x08007050        0x8 ./X-CUBE-AI/App/network.o
 .rodata.dense_2_dense_chain
                0x08007058        0x8 ./X-CUBE-AI/App/network.o
 .rodata.dense_1_chain
                0x08007060        0x8 ./X-CUBE-AI/App/network.o
 .rodata.dense_1_dense_chain
                0x08007068        0x8 ./X-CUBE-AI/App/network.o
 .rodata.dense_chain
                0x08007070        0x8 ./X-CUBE-AI/App/network.o
 .rodata.dense_dense_chain
                0x08007078        0x8 ./X-CUBE-AI/App/network.o
 .rodata.s_network_weights_array_u64
                0x08007080     0xba18 ./X-CUBE-AI/App/network_data_params.o
                0x08007080                s_network_weights_array_u64
 .rodata.dp_l   0x08012a98       0x10 C:/ST/STM32CubeIDE_1.19.0/STM32CubeIDE/plugins/com.st.stm32cube.ide.mcu.externaltools.gnu-tools-for-stm32.13.3.rel1.win32_1.0.0.202411081344/tools/bin/../lib/gcc/arm-none-eabi/13.3.1/../../../../arm-none-eabi/lib/thumb/v7e-m+fp/hard\libm.a(libm_a-e_pow.o)
 .rodata.dp_h   0x08012aa8       0x10 C:/ST/STM32CubeIDE_1.19.0/STM32CubeIDE/plugins/com.st.stm32cube.ide.mcu.externaltools.gnu-tools-for-stm32.13.3.rel1.win32_1.0.0.202411081344/tools/bin/../lib/gcc/arm-none-eabi/13.3.1/../../../../arm-none-eabi/lib/thumb/v7e-m+fp/hard\libm.a(libm_a-e_pow.o)
 .rodata.bp     0x08012ab8       0x10 C:/ST/STM32CubeIDE_1.19.0/STM32CubeIDE/plugins/com.st.stm32cube.ide.mcu.externaltools.gnu-tools-for-stm32.13.3.rel1.win32_1.0.0.202411081344/tools/bin/../lib/gcc/arm-none-eabi/13.3.1/../../../../arm-none-eabi/lib/thumb/v7e-m+fp/hard\libm.a(libm_a-e_pow.o)
 .rodata.ln2LO  0x08012ac8        0x8 C:/ST/STM32CubeIDE_1.19.0/STM32CubeIDE/plugins/com.st.stm32cube.ide.mcu.externaltools.gnu-tools-for-stm32.13.3.rel1.win32_1.0.0.202411081344/tools/bin/../lib/gcc/arm-none-eabi/13.3.1/../../../../arm-none-eabi/lib/thumb/v7e-m+fp/hard\libm.a(libm_a-ef_exp.o)
 .rodata.ln2HI  0x08012ad0        0x8 C:/ST/STM32CubeIDE_1.19.0/STM32CubeIDE/plugins/com.st.stm32cube.ide.mcu.externaltools.gnu-tools-for-stm32.13.3.rel1.win32_1.0.0.202411081344/tools/bin/../lib/gcc/arm-none-eabi/13.3.1/../../../../arm-none-eabi/lib/thumb/v7e-m+fp/hard\libm.a(libm_a-ef_exp.o)
 .rodata.halF   0x08012ad8        0x8 C:/ST/STM32CubeIDE_1.19.0/STM32CubeIDE/plugins/com.st.stm32cube.ide.mcu.externaltools.gnu-tools-for-stm32.13.3.rel1.win32_1.0.0.202411081344/tools/bin/../lib/gcc/arm-none-eabi/13.3.1/../../../../arm-none-eabi/lib/thumb/v7e-m+fp/hard\libm.a(libm_a-ef_exp.o)
 .rodata.tiny   0x08012ae0        0x8 C:/ST/STM32CubeIDE_1.19.0/STM32CubeIDE/plugins/com.st.stm32cube.ide.mcu.externaltools.gnu-tools-for-stm32.13.3.rel1.win32_1.0.0.202411081344/tools/bin/../lib/gcc/arm-none-eabi/13.3.1/../../../../arm-none-eabi/lib/thumb/v7e-m+fp/hard\libm.a(libm_a-e_sqrt.o)
 .rodata.one    0x08012ae8        0x8 C:/ST/STM32CubeIDE_1.19.0/STM32CubeIDE/plugins/com.st.stm32cube.ide.mcu.externaltools.gnu-tools-for-stm32.13.3.rel1.win32_1.0.0.202411081344/tools/bin/../lib/gcc/arm-none-eabi/13.3.1/../../../../arm-none-eabi/lib/thumb/v7e-m+fp/hard\libm.a(libm_a-e_sqrt.o)
                0x08012af0                        . = ALIGN (0x4)

.ARM.extab      0x08012af0        0x0
                0x08012af0                        . = ALIGN (0x4)
 *(.ARM.extab* .gnu.linkonce.armextab.*)
                0x08012af0                        . = ALIGN (0x4)

.ARM            0x08012af0        0x8
                0x08012af0                        . = ALIGN (0x4)
                0x08012af0                        __exidx_start = .
 *(.ARM.exidx*)
 .ARM.exidx     0x08012af0        0x8 C:/ST/STM32CubeIDE_1.19.0/STM32CubeIDE/plugins/com.st.stm32cube.ide.mcu.externaltools.gnu-tools-for-stm32.13.3.rel1.win32_1.0.0.202411081344/tools/bin/../lib/gcc/arm-none-eabi/13.3.1/thumb/v7e-m+fp/hard\libgcc.a(_udivmoddi4.o)
                0x08012af8                        __exidx_end = .
                0x08012af8                        . = ALIGN (0x4)

.preinit_array  0x08012af8        0x0
                0x08012af8                        . = ALIGN (0x4)
                0x08012af8                        PROVIDE (__preinit_array_start = .)
 *(.preinit_array*)
                0x08012af8                        PROVIDE (__preinit_array_end = .)
                0x08012af8                        . = ALIGN (0x4)

.init_array     0x08012af8        0x4
                0x08012af8                        . = ALIGN (0x4)
                0x08012af8                        PROVIDE (__init_array_start = .)
 *(SORT_BY_NAME(.init_array.*))
 *(.init_array*)
 .init_array    0x08012af8        0x4 C:/ST/STM32CubeIDE_1.19.0/STM32CubeIDE/plugins/com.st.stm32cube.ide.mcu.externaltools.gnu-tools-for-stm32.13.3.rel1.win32_1.0.0.202411081344/tools/bin/../lib/gcc/arm-none-eabi/13.3.1/thumb/v7e-m+fp/hard/crtbegin.o
                0x08012afc                        PROVIDE (__init_array_end = .)
                0x08012afc                        . = ALIGN (0x4)

.fini_array     0x08012afc        0x4
                0x08012afc                        . = ALIGN (0x4)
                [!provide]                        PROVIDE (__fini_array_start = .)
 *(SORT_BY_NAME(.fini_array.*))
 *(.fini_array*)
 .fini_array    0x08012afc        0x4 C:/ST/STM32CubeIDE_1.19.0/STM32CubeIDE/plugins/com.st.stm32cube.ide.mcu.externaltools.gnu-tools-for-stm32.13.3.rel1.win32_1.0.0.202411081344/tools/bin/../lib/gcc/arm-none-eabi/13.3.1/thumb/v7e-m+fp/hard/crtbegin.o
                [!provide]                        PROVIDE (__fini_array_end = .)
                0x08012b00                        . = ALIGN (0x4)
                0x08012b00                        _sidata = LOADADDR (.data)

.rel.dyn        0x08012b00        0x0
 .rel.iplt      0x08012b00        0x0 C:/ST/STM32CubeIDE_1.19.0/STM32CubeIDE/plugins/com.st.stm32cube.ide.mcu.externaltools.gnu-tools-for-stm32.13.3.rel1.win32_1.0.0.202411081344/tools/bin/../lib/gcc/arm-none-eabi/13.3.1/thumb/v7e-m+fp/hard/crtbegin.o

.data           0x20000000      0x798 load address 0x08012b00
                0x20000000                        . = ALIGN (0x4)
                0x20000000                        _sdata = .
 *(.data)
 *(.data*)
 .data.SystemCoreClock
                0x20000000        0x4 ./Core/Src/system_stm32f4xx.o
                0x20000000                SystemCoreClock
 .data.uwTickPrio
                0x20000004        0x4 ./Drivers/STM32F4xx_HAL_Driver/Src/stm32f4xx_hal.o
                0x20000004                uwTickPrio
 .data.uwTickFreq
                0x20000008        0x1 ./Drivers/STM32F4xx_HAL_Driver/Src/stm32f4xx_hal.o
                0x20000008                uwTickFreq
 *fill*         0x20000009        0x3 
 .data.input_0_output_array
                0x2000000c       0x10 ./X-CUBE-AI/App/network.o
 .data.dense_dense_output_array
                0x2000001c       0x10 ./X-CUBE-AI/App/network.o
 .data.dense_output_array
                0x2000002c       0x10 ./X-CUBE-AI/App/network.o
 .data.dense_1_dense_output_array
                0x2000003c       0x10 ./X-CUBE-AI/App/network.o
 .data.dense_1_output_array
                0x2000004c       0x10 ./X-CUBE-AI/App/network.o
 .data.dense_2_dense_output_array
                0x2000005c       0x10 ./X-CUBE-AI/App/network.o
 .data.dense_2_output_array
                0x2000006c       0x10 ./X-CUBE-AI/App/network.o
 .data.dense_dense_weights_array
                0x2000007c       0x10 ./X-CUBE-AI/App/network.o
 .data.dense_dense_bias_array
                0x2000008c       0x10 ./X-CUBE-AI/App/network.o
 .data.dense_1_dense_weights_array
                0x2000009c       0x10 ./X-CUBE-AI/App/network.o
 .data.dense_1_dense_bias_array
                0x200000ac       0x10 ./X-CUBE-AI/App/network.o
 .data.dense_2_dense_weights_array
                0x200000bc       0x10 ./X-CUBE-AI/App/network.o
 .data.dense_2_dense_bias_array
                0x200000cc       0x10 ./X-CUBE-AI/App/network.o
 .data.__compound_literal.0
                0x200000dc       0x10 ./X-CUBE-AI/App/network.o
 .data.__compound_literal.1
                0x200000ec       0x10 ./X-CUBE-AI/App/network.o
 .data.dense_1_dense_bias
                0x200000fc       0x1c ./X-CUBE-AI/App/network.o
 .data.__compound_literal.2
                0x20000118       0x10 ./X-CUBE-AI/App/network.o
 .data.__compound_literal.3
                0x20000128       0x10 ./X-CUBE-AI/App/network.o
 .data.dense_1_dense_output
                0x20000138       0x1c ./X-CUBE-AI/App/network.o
 .data.__compound_literal.4
                0x20000154       0x10 ./X-CUBE-AI/App/network.o
 .data.__compound_literal.5
                0x20000164       0x10 ./X-CUBE-AI/App/network.o
 .data.dense_1_dense_weights
                0x20000174       0x1c ./X-CUBE-AI/App/network.o
 .data.__compound_literal.6
                0x20000190       0x10 ./X-CUBE-AI/App/network.o
 .data.__compound_literal.7
                0x200001a0       0x10 ./X-CUBE-AI/App/network.o
 .data.dense_1_output
                0x200001b0       0x1c ./X-CUBE-AI/App/network.o
 .data.__compound_literal.8
                0x200001cc       0x10 ./X-CUBE-AI/App/network.o
 .data.__compound_literal.9
                0x200001dc       0x10 ./X-CUBE-AI/App/network.o
 .data.dense_2_dense_bias
                0x200001ec       0x1c ./X-CUBE-AI/App/network.o
 .data.__compound_literal.10
                0x20000208       0x10 ./X-CUBE-AI/App/network.o
 .data.__compound_literal.11
                0x20000218       0x10 ./X-CUBE-AI/App/network.o
 .data.dense_2_dense_output
                0x20000228       0x1c ./X-CUBE-AI/App/network.o
 .data.__compound_literal.12
                0x20000244       0x10 ./X-CUBE-AI/App/network.o
 .data.__compound_literal.13
                0x20000254       0x10 ./X-CUBE-AI/App/network.o
 .data.dense_2_dense_weights
                0x20000264       0x1c ./X-CUBE-AI/App/network.o
 .data.__compound_literal.14
                0x20000280       0x10 ./X-CUBE-AI/App/network.o
 .data.__compound_literal.15
                0x20000290       0x10 ./X-CUBE-AI/App/network.o
 .data.dense_2_output
                0x200002a0       0x1c ./X-CUBE-AI/App/network.o
 .data.__compound_literal.16
                0x200002bc       0x10 ./X-CUBE-AI/App/network.o
 .data.__compound_literal.17
                0x200002cc       0x10 ./X-CUBE-AI/App/network.o
 .data.dense_dense_bias
                0x200002dc       0x1c ./X-CUBE-AI/App/network.o
 .data.__compound_literal.18
                0x200002f8       0x10 ./X-CUBE-AI/App/network.o
 .data.__compound_literal.19
                0x20000308       0x10 ./X-CUBE-AI/App/network.o
 .data.dense_dense_output
                0x20000318       0x1c ./X-CUBE-AI/App/network.o
 .data.__compound_literal.20
                0x20000334       0x10 ./X-CUBE-AI/App/network.o
 .data.__compound_literal.21
                0x20000344       0x10 ./X-CUBE-AI/App/network.o
 .data.dense_dense_weights
                0x20000354       0x1c ./X-CUBE-AI/App/network.o
 .data.__compound_literal.22
                0x20000370       0x10 ./X-CUBE-AI/App/network.o
 .data.__compound_literal.23
                0x20000380       0x10 ./X-CUBE-AI/App/network.o
 .data.dense_output
                0x20000390       0x1c ./X-CUBE-AI/App/network.o
 .data.__compound_literal.24
                0x200003ac       0x10 ./X-CUBE-AI/App/network.o
 .data.__compound_literal.25
                0x200003bc       0x10 ./X-CUBE-AI/App/network.o
 .data.input_0_output
                0x200003cc       0x1c ./X-CUBE-AI/App/network.o
 .data.__compound_literal.26
                0x200003e8        0x4 ./X-CUBE-AI/App/network.o
 .data.__compound_literal.27
                0x200003ec        0x4 ./X-CUBE-AI/App/network.o
 .data.__compound_literal.30
                0x200003f0       0x30 ./X-CUBE-AI/App/network.o
 .data.dense_2_layer
                0x20000420       0x24 ./X-CUBE-AI/App/network.o
 .data.__compound_literal.31
                0x20000444        0x4 ./X-CUBE-AI/App/network.o
 .data.__compound_literal.32
                0x20000448        0x4 ./X-CUBE-AI/App/network.o
 .data.__compound_literal.33
                0x2000044c        0x8 ./X-CUBE-AI/App/network.o
 .data.__compound_literal.35
                0x20000454       0x30 ./X-CUBE-AI/App/network.o
 .data.dense_2_dense_layer
                0x20000484       0x1c ./X-CUBE-AI/App/network.o
 .data.__compound_literal.36
                0x200004a0        0x4 ./X-CUBE-AI/App/network.o
 .data.__compound_literal.37
                0x200004a4        0x4 ./X-CUBE-AI/App/network.o
 .data.__compound_literal.40
                0x200004a8       0x30 ./X-CUBE-AI/App/network.o
 .data.dense_1_layer
                0x200004d8       0x20 ./X-CUBE-AI/App/network.o
 .data.__compound_literal.41
                0x200004f8        0x4 ./X-CUBE-AI/App/network.o
 .data.__compound_literal.42
                0x200004fc        0x4 ./X-CUBE-AI/App/network.o
 .data.__compound_literal.43
                0x20000500        0x8 ./X-CUBE-AI/App/network.o
 .data.__compound_literal.45
                0x20000508       0x30 ./X-CUBE-AI/App/network.o
 .data.dense_1_dense_layer
                0x20000538       0x1c ./X-CUBE-AI/App/network.o
 .data.__compound_literal.46
                0x20000554        0x4 ./X-CUBE-AI/App/network.o
 .data.__compound_literal.47
                0x20000558        0x4 ./X-CUBE-AI/App/network.o
 .data.__compound_literal.50
                0x2000055c       0x30 ./X-CUBE-AI/App/network.o
 .data.dense_layer
                0x2000058c       0x20 ./X-CUBE-AI/App/network.o
 .data.__compound_literal.51
                0x200005ac        0x4 ./X-CUBE-AI/App/network.o
 .data.__compound_literal.52
                0x200005b0        0x4 ./X-CUBE-AI/App/network.o
 .data.__compound_literal.53
                0x200005b4        0x8 ./X-CUBE-AI/App/network.o
 .data.__compound_literal.55
                0x200005bc       0x30 ./X-CUBE-AI/App/network.o
 .data.dense_dense_layer
                0x200005ec       0x1c ./X-CUBE-AI/App/network.o
 .data.__compound_literal.56
                0x20000608       0x10 ./X-CUBE-AI/App/network.o
 .data.__compound_literal.57
                0x20000618       0x1c ./X-CUBE-AI/App/network.o
 .data.__compound_literal.58
                0x20000634       0x10 ./X-CUBE-AI/App/network.o
 .data.__compound_literal.59
                0x20000644       0x1c ./X-CUBE-AI/App/network.o
 .data.__compound_literal.60
                0x20000660        0x4 ./X-CUBE-AI/App/network.o
 .data.__compound_literal.64
                0x20000664        0xc ./X-CUBE-AI/App/network.o
 .data.__compound_literal.65
                0x20000670        0x4 ./X-CUBE-AI/App/network.o
 .data.__compound_literal.69
                0x20000674        0xc ./X-CUBE-AI/App/network.o
 .data.__compound_literal.70
                0x20000680       0x18 ./X-CUBE-AI/App/network.o
 .data.g_network
                0x20000698       0x4c ./X-CUBE-AI/App/network.o
 .data.__compound_literal.0
                0x200006e4       0x10 ./X-CUBE-AI/App/network_data.o
 .data.g_network_data_map_activations
                0x200006f4       0x1c ./X-CUBE-AI/App/network_data.o
                0x200006f4                g_network_data_map_activations
 .data.__compound_literal.1
                0x20000710       0x10 ./X-CUBE-AI/App/network_data.o
 .data.g_network_data_map_weights
                0x20000720       0x1c ./X-CUBE-AI/App/network_data.o
                0x20000720                g_network_data_map_weights
 .data.g_network_weights_table
                0x2000073c        0xc ./X-CUBE-AI/App/network_data_params.o
                0x2000073c                g_network_weights_table
 .data._impure_ptr
                0x20000748        0x4 C:/ST/STM32CubeIDE_1.19.0/STM32CubeIDE/plugins/com.st.stm32cube.ide.mcu.externaltools.gnu-tools-for-stm32.13.3.rel1.win32_1.0.0.202411081344/tools/bin/../lib/gcc/arm-none-eabi/13.3.1/../../../../arm-none-eabi/lib/thumb/v7e-m+fp/hard\libc_nano.a(libc_a-impure.o)
                0x20000748                _impure_ptr
 .data._impure_data
                0x2000074c       0x4c C:/ST/STM32CubeIDE_1.19.0/STM32CubeIDE/plugins/com.st.stm32cube.ide.mcu.externaltools.gnu-tools-for-stm32.13.3.rel1.win32_1.0.0.202411081344/tools/bin/../lib/gcc/arm-none-eabi/13.3.1/../../../../arm-none-eabi/lib/thumb/v7e-m+fp/hard\libc_nano.a(libc_a-impure.o)
                0x2000074c                _impure_data
 *(.RamFunc)
 *(.RamFunc*)
                0x20000798                        . = ALIGN (0x4)
                0x20000798                        _edata = .

.igot.plt       0x20000798        0x0 load address 0x08013298
 .igot.plt      0x20000798        0x0 C:/ST/STM32CubeIDE_1.19.0/STM32CubeIDE/plugins/com.st.stm32cube.ide.mcu.externaltools.gnu-tools-for-stm32.13.3.rel1.win32_1.0.0.202411081344/tools/bin/../lib/gcc/arm-none-eabi/13.3.1/thumb/v7e-m+fp/hard/crtbegin.o
                0x20000798                        . = ALIGN (0x4)

.bss            0x20000798      0x5a4 load address 0x08013298
                0x20000798                        _sbss = .
                0x20000798                        __bss_start__ = _sbss
 *(.bss)
 .bss           0x20000798       0x1c C:/ST/STM32CubeIDE_1.19.0/STM32CubeIDE/plugins/com.st.stm32cube.ide.mcu.externaltools.gnu-tools-for-stm32.13.3.rel1.win32_1.0.0.202411081344/tools/bin/../lib/gcc/arm-none-eabi/13.3.1/thumb/v7e-m+fp/hard/crtbegin.o
 *(.bss*)
 .bss.hcrc      0x200007b4        0x8 ./Core/Src/main.o
                0x200007b4                hcrc
 .bss.huart2    0x200007bc       0x48 ./Core/Src/main.o
                0x200007bc                huart2
 .bss.network   0x20000804        0x4 ./Core/Src/main.o
 .bss.activations
                0x20000808      0x320 ./Core/Src/main.o
 .bss.in_data   0x20000b28       0x1c ./Core/Src/main.o
 .bss.out_data  0x20000b44       0x28 ./Core/Src/main.o
 .bss.uwTick    0x20000b6c        0x4 ./Drivers/STM32F4xx_HAL_Driver/Src/stm32f4xx_hal.o
                0x20000b6c                uwTick
 .bss.g_network_activations_map
                0x20000b70        0x4 ./X-CUBE-AI/App/network.o
 .bss.g_network_weights_map
                0x20000b74        0x4 ./X-CUBE-AI/App/network.o
 .bss.__compound_literal.28
                0x20000b78        0x4 ./X-CUBE-AI/App/network.o
 .bss.__compound_literal.29
                0x20000b7c        0x4 ./X-CUBE-AI/App/network.o
 .bss.__compound_literal.34
                0x20000b80        0x4 ./X-CUBE-AI/App/network.o
 .bss.__compound_literal.38
                0x20000b84        0x4 ./X-CUBE-AI/App/network.o
 .bss.__compound_literal.39
                0x20000b88        0x4 ./X-CUBE-AI/App/network.o
 .bss.__compound_literal.44
                0x20000b8c        0x4 ./X-CUBE-AI/App/network.o
 .bss.__compound_literal.48
                0x20000b90        0x4 ./X-CUBE-AI/App/network.o
 .bss.__compound_literal.49
                0x20000b94        0x4 ./X-CUBE-AI/App/network.o
 .bss.__compound_literal.54
                0x20000b98        0x4 ./X-CUBE-AI/App/network.o
 .bss.__compound_literal.61
                0x20000b9c       0x1c ./X-CUBE-AI/App/network.o
 .bss.__compound_literal.62
                0x20000bb8       0x10 ./X-CUBE-AI/App/network.o
 .bss.__compound_literal.63
                0x20000bc8        0x8 ./X-CUBE-AI/App/network.o
 .bss.__compound_literal.66
                0x20000bd0       0x1c ./X-CUBE-AI/App/network.o
 .bss.__compound_literal.67
                0x20000bec       0x10 ./X-CUBE-AI/App/network.o
 .bss.__compound_literal.68
                0x20000bfc        0x8 ./X-CUBE-AI/App/network.o
 .bss.__sf      0x20000c04      0x138 C:/ST/STM32CubeIDE_1.19.0/STM32CubeIDE/plugins/com.st.stm32cube.ide.mcu.externaltools.gnu-tools-for-stm32.13.3.rel1.win32_1.0.0.202411081344/tools/bin/../lib/gcc/arm-none-eabi/13.3.1/../../../../arm-none-eabi/lib/thumb/v7e-m+fp/hard\libc_nano.a(libc_a-findfp.o)
                0x20000c04                __sf
 *(COMMON)
                0x20000d3c                        . = ALIGN (0x4)
                0x20000d3c                        _ebss = .
                0x20000d3c                        __bss_end__ = _ebss

._user_heap_stack
                0x20000d3c     0x1004 load address 0x08013298
                0x20000d40                        . = ALIGN (0x8)
 *fill*         0x20000d3c        0x4 
                [!provide]                        PROVIDE (end = .)
                0x20000d40                        PROVIDE (_end = .)
                0x20001540                        . = (. + _Min_Heap_Size)
 *fill*         0x20000d40      0x800 
                0x20001d40                        . = (. + _Min_Stack_Size)
 *fill*         0x20001540      0x800 
                0x20001d40                        . = ALIGN (0x8)

/DISCARD/
 libc.a(*)
 libm.a(*)
 libgcc.a(*)

.ARM.attributes
                0x00000000       0x30
 *(.ARM.attributes)
 .ARM.attributes
                0x00000000       0x22 C:/ST/STM32CubeIDE_1.19.0/STM32CubeIDE/plugins/com.st.stm32cube.ide.mcu.externaltools.gnu-tools-for-stm32.13.3.rel1.win32_1.0.0.202411081344/tools/bin/../lib/gcc/arm-none-eabi/13.3.1/thumb/v7e-m+fp/hard/crti.o
 .ARM.attributes
                0x00000022       0x34 C:/ST/STM32CubeIDE_1.19.0/STM32CubeIDE/plugins/com.st.stm32cube.ide.mcu.externaltools.gnu-tools-for-stm32.13.3.rel1.win32_1.0.0.202411081344/tools/bin/../lib/gcc/arm-none-eabi/13.3.1/thumb/v7e-m+fp/hard/crtbegin.o
 .ARM.attributes
                0x00000056       0x34 ./Core/Src/hu_moments.o
 .ARM.attributes
                0x0000008a       0x34 ./Core/Src/main.o
 .ARM.attributes
                0x000000be       0x34 ./Core/Src/manual_img.o
 .ARM.attributes
                0x000000f2       0x34 ./Core/Src/stm32f4xx_hal_msp.o
 .ARM.attributes
                0x00000126       0x34 ./Core/Src/stm32f4xx_it.o
 .ARM.attributes
                0x0000015a       0x34 ./Core/Src/system_stm32f4xx.o
 .ARM.attributes
                0x0000018e       0x21 ./Core/Startup/startup_stm32f446retx.o
 .ARM.attributes
                0x000001af       0x34 ./Drivers/STM32F4xx_HAL_Driver/Src/stm32f4xx_hal.o
 .ARM.attributes
                0x000001e3       0x34 ./Drivers/STM32F4xx_HAL_Driver/Src/stm32f4xx_hal_cortex.o
 .ARM.attributes
                0x00000217       0x34 ./Drivers/STM32F4xx_HAL_Driver/Src/stm32f4xx_hal_crc.o
 .ARM.attributes
                0x0000024b       0x34 ./Drivers/STM32F4xx_HAL_Driver/Src/stm32f4xx_hal_gpio.o
 .ARM.attributes
                0x0000027f       0x34 ./Drivers/STM32F4xx_HAL_Driver/Src/stm32f4xx_hal_rcc.o
 .ARM.attributes
                0x000002b3       0x34 ./Drivers/STM32F4xx_HAL_Driver/Src/stm32f4xx_hal_rcc_ex.o
 .ARM.attributes
                0x000002e7       0x34 ./Drivers/STM32F4xx_HAL_Driver/Src/stm32f4xx_hal_uart.o
 .ARM.attributes
                0x0000031b       0x34 ./X-CUBE-AI/App/network.o
 .ARM.attributes
                0x0000034f       0x34 ./X-CUBE-AI/App/network_data.o
 .ARM.attributes
                0x00000383       0x34 ./X-CUBE-AI/App/network_data_params.o
 .ARM.attributes
                0x000003b7       0x30 ../Middlewares/ST/AI/Lib\NetworkRuntime1020_CM4_GCC.a(ai_platform.o)
 .ARM.attributes
                0x000003e7       0x30 ../Middlewares/ST/AI/Lib\NetworkRuntime1020_CM4_GCC.a(ai_platform_interface.o)
 .ARM.attributes
                0x00000417       0x30 ../Middlewares/ST/AI/Lib\NetworkRuntime1020_CM4_GCC.a(core_common.o)
 .ARM.attributes
                0x00000447       0x30 ../Middlewares/ST/AI/Lib\NetworkRuntime1020_CM4_GCC.a(layers.o)
 .ARM.attributes
                0x00000477       0x30 ../Middlewares/ST/AI/Lib\NetworkRuntime1020_CM4_GCC.a(layers_conv2d_generic_float.o)
 .ARM.attributes
                0x000004a7       0x30 ../Middlewares/ST/AI/Lib\NetworkRuntime1020_CM4_GCC.a(layers_nl_generic_float.o)
 .ARM.attributes
                0x000004d7       0x30 ../Middlewares/ST/AI/Lib\NetworkRuntime1020_CM4_GCC.a(lite_nl_softmax_if32of32.o)
 .ARM.attributes
                0x00000507       0x30 ../Middlewares/ST/AI/Lib\NetworkRuntime1020_CM4_GCC.a(lite_nl_relu_if32of32.o)
 .ARM.attributes
                0x00000537       0x30 ../Middlewares/ST/AI/Lib\NetworkRuntime1020_CM4_GCC.a(lite_dense_if32.o)
 .ARM.attributes
                0x00000567       0x30 ../Middlewares/ST/AI/Lib\NetworkRuntime1020_CM4_GCC.a(lite_nl_generic_float.o)
 .ARM.attributes
                0x00000597       0x30 ../Middlewares/ST/AI/Lib\NetworkRuntime1020_CM4_GCC.a(st_int8_fill.o)
 .ARM.attributes
                0x000005c7       0x30 ../Middlewares/ST/AI/Lib\NetworkRuntime1020_CM4_GCC.a(ai_datatypes_format.o)
 .ARM.attributes
                0x000005f7       0x30 ../Middlewares/ST/AI/Lib\NetworkRuntime1020_CM4_GCC.a(ai_datatypes_internal.o)
 .ARM.attributes
                0x00000627       0x34 C:/ST/STM32CubeIDE_1.19.0/STM32CubeIDE/plugins/com.st.stm32cube.ide.mcu.externaltools.gnu-tools-for-stm32.13.3.rel1.win32_1.0.0.202411081344/tools/bin/../lib/gcc/arm-none-eabi/13.3.1/../../../../arm-none-eabi/lib/thumb/v7e-m+fp/hard\libc_nano.a(libc_a-findfp.o)
 .ARM.attributes
                0x0000065b       0x34 C:/ST/STM32CubeIDE_1.19.0/STM32CubeIDE/plugins/com.st.stm32cube.ide.mcu.externaltools.gnu-tools-for-stm32.13.3.rel1.win32_1.0.0.202411081344/tools/bin/../lib/gcc/arm-none-eabi/13.3.1/../../../../arm-none-eabi/lib/thumb/v7e-m+fp/hard\libc_nano.a(libc_a-memset.o)
 .ARM.attributes
                0x0000068f       0x34 C:/ST/STM32CubeIDE_1.19.0/STM32CubeIDE/plugins/com.st.stm32cube.ide.mcu.externaltools.gnu-tools-for-stm32.13.3.rel1.win32_1.0.0.202411081344/tools/bin/../lib/gcc/arm-none-eabi/13.3.1/../../../../arm-none-eabi/lib/thumb/v7e-m+fp/hard\libc_nano.a(libc_a-impure.o)
 .ARM.attributes
                0x000006c3       0x34 C:/ST/STM32CubeIDE_1.19.0/STM32CubeIDE/plugins/com.st.stm32cube.ide.mcu.externaltools.gnu-tools-for-stm32.13.3.rel1.win32_1.0.0.202411081344/tools/bin/../lib/gcc/arm-none-eabi/13.3.1/../../../../arm-none-eabi/lib/thumb/v7e-m+fp/hard\libc_nano.a(libc_a-errno.o)
 .ARM.attributes
                0x000006f7       0x34 C:/ST/STM32CubeIDE_1.19.0/STM32CubeIDE/plugins/com.st.stm32cube.ide.mcu.externaltools.gnu-tools-for-stm32.13.3.rel1.win32_1.0.0.202411081344/tools/bin/../lib/gcc/arm-none-eabi/13.3.1/../../../../arm-none-eabi/lib/thumb/v7e-m+fp/hard\libc_nano.a(libc_a-init.o)
 .ARM.attributes
                0x0000072b       0x34 C:/ST/STM32CubeIDE_1.19.0/STM32CubeIDE/plugins/com.st.stm32cube.ide.mcu.externaltools.gnu-tools-for-stm32.13.3.rel1.win32_1.0.0.202411081344/tools/bin/../lib/gcc/arm-none-eabi/13.3.1/../../../../arm-none-eabi/lib/thumb/v7e-m+fp/hard\libm.a(libm_a-w_pow.o)
 .ARM.attributes
                0x0000075f       0x34 C:/ST/STM32CubeIDE_1.19.0/STM32CubeIDE/plugins/com.st.stm32cube.ide.mcu.externaltools.gnu-tools-for-stm32.13.3.rel1.win32_1.0.0.202411081344/tools/bin/../lib/gcc/arm-none-eabi/13.3.1/../../../../arm-none-eabi/lib/thumb/v7e-m+fp/hard\libm.a(libm_a-wf_exp.o)
 .ARM.attributes
                0x00000793       0x34 C:/ST/STM32CubeIDE_1.19.0/STM32CubeIDE/plugins/com.st.stm32cube.ide.mcu.externaltools.gnu-tools-for-stm32.13.3.rel1.win32_1.0.0.202411081344/tools/bin/../lib/gcc/arm-none-eabi/13.3.1/../../../../arm-none-eabi/lib/thumb/v7e-m+fp/hard\libm.a(libm_a-s_finite.o)
 .ARM.attributes
                0x000007c7       0x34 C:/ST/STM32CubeIDE_1.19.0/STM32CubeIDE/plugins/com.st.stm32cube.ide.mcu.externaltools.gnu-tools-for-stm32.13.3.rel1.win32_1.0.0.202411081344/tools/bin/../lib/gcc/arm-none-eabi/13.3.1/../../../../arm-none-eabi/lib/thumb/v7e-m+fp/hard\libm.a(libm_a-math_err.o)
 .ARM.attributes
                0x000007fb       0x34 C:/ST/STM32CubeIDE_1.19.0/STM32CubeIDE/plugins/com.st.stm32cube.ide.mcu.externaltools.gnu-tools-for-stm32.13.3.rel1.win32_1.0.0.202411081344/tools/bin/../lib/gcc/arm-none-eabi/13.3.1/../../../../arm-none-eabi/lib/thumb/v7e-m+fp/hard\libm.a(libm_a-sf_finite.o)
 .ARM.attributes
                0x0000082f       0x34 C:/ST/STM32CubeIDE_1.19.0/STM32CubeIDE/plugins/com.st.stm32cube.ide.mcu.externaltools.gnu-tools-for-stm32.13.3.rel1.win32_1.0.0.202411081344/tools/bin/../lib/gcc/arm-none-eabi/13.3.1/../../../../arm-none-eabi/lib/thumb/v7e-m+fp/hard\libm.a(libm_a-math_errf.o)
 .ARM.attributes
                0x00000863       0x34 C:/ST/STM32CubeIDE_1.19.0/STM32CubeIDE/plugins/com.st.stm32cube.ide.mcu.externaltools.gnu-tools-for-stm32.13.3.rel1.win32_1.0.0.202411081344/tools/bin/../lib/gcc/arm-none-eabi/13.3.1/../../../../arm-none-eabi/lib/thumb/v7e-m+fp/hard\libm.a(libm_a-e_pow.o)
 .ARM.attributes
                0x00000897       0x34 C:/ST/STM32CubeIDE_1.19.0/STM32CubeIDE/plugins/com.st.stm32cube.ide.mcu.externaltools.gnu-tools-for-stm32.13.3.rel1.win32_1.0.0.202411081344/tools/bin/../lib/gcc/arm-none-eabi/13.3.1/../../../../arm-none-eabi/lib/thumb/v7e-m+fp/hard\libm.a(libm_a-s_fabs.o)
 .ARM.attributes
                0x000008cb       0x34 C:/ST/STM32CubeIDE_1.19.0/STM32CubeIDE/plugins/com.st.stm32cube.ide.mcu.externaltools.gnu-tools-for-stm32.13.3.rel1.win32_1.0.0.202411081344/tools/bin/../lib/gcc/arm-none-eabi/13.3.1/../../../../arm-none-eabi/lib/thumb/v7e-m+fp/hard\libm.a(libm_a-ef_exp.o)
 .ARM.attributes
                0x000008ff       0x34 C:/ST/STM32CubeIDE_1.19.0/STM32CubeIDE/plugins/com.st.stm32cube.ide.mcu.externaltools.gnu-tools-for-stm32.13.3.rel1.win32_1.0.0.202411081344/tools/bin/../lib/gcc/arm-none-eabi/13.3.1/../../../../arm-none-eabi/lib/thumb/v7e-m+fp/hard\libm.a(libm_a-s_scalbn.o)
 .ARM.attributes
                0x00000933       0x34 C:/ST/STM32CubeIDE_1.19.0/STM32CubeIDE/plugins/com.st.stm32cube.ide.mcu.externaltools.gnu-tools-for-stm32.13.3.rel1.win32_1.0.0.202411081344/tools/bin/../lib/gcc/arm-none-eabi/13.3.1/../../../../arm-none-eabi/lib/thumb/v7e-m+fp/hard\libm.a(libm_a-e_sqrt.o)
 .ARM.attributes
                0x00000967       0x22 C:/ST/STM32CubeIDE_1.19.0/STM32CubeIDE/plugins/com.st.stm32cube.ide.mcu.externaltools.gnu-tools-for-stm32.13.3.rel1.win32_1.0.0.202411081344/tools/bin/../lib/gcc/arm-none-eabi/13.3.1/thumb/v7e-m+fp/hard\libgcc.a(_arm_addsubdf3.o)
 .ARM.attributes
                0x00000989       0x22 C:/ST/STM32CubeIDE_1.19.0/STM32CubeIDE/plugins/com.st.stm32cube.ide.mcu.externaltools.gnu-tools-for-stm32.13.3.rel1.win32_1.0.0.202411081344/tools/bin/../lib/gcc/arm-none-eabi/13.3.1/thumb/v7e-m+fp/hard\libgcc.a(_arm_muldivdf3.o)
 .ARM.attributes
                0x000009ab       0x22 C:/ST/STM32CubeIDE_1.19.0/STM32CubeIDE/plugins/com.st.stm32cube.ide.mcu.externaltools.gnu-tools-for-stm32.13.3.rel1.win32_1.0.0.202411081344/tools/bin/../lib/gcc/arm-none-eabi/13.3.1/thumb/v7e-m+fp/hard\libgcc.a(_arm_cmpdf2.o)
 .ARM.attributes
                0x000009cd       0x22 C:/ST/STM32CubeIDE_1.19.0/STM32CubeIDE/plugins/com.st.stm32cube.ide.mcu.externaltools.gnu-tools-for-stm32.13.3.rel1.win32_1.0.0.202411081344/tools/bin/../lib/gcc/arm-none-eabi/13.3.1/thumb/v7e-m+fp/hard\libgcc.a(_arm_unorddf2.o)
 .ARM.attributes
                0x000009ef       0x22 C:/ST/STM32CubeIDE_1.19.0/STM32CubeIDE/plugins/com.st.stm32cube.ide.mcu.externaltools.gnu-tools-for-stm32.13.3.rel1.win32_1.0.0.202411081344/tools/bin/../lib/gcc/arm-none-eabi/13.3.1/thumb/v7e-m+fp/hard\libgcc.a(_arm_truncdfsf2.o)
 .ARM.attributes
                0x00000a11       0x22 C:/ST/STM32CubeIDE_1.19.0/STM32CubeIDE/plugins/com.st.stm32cube.ide.mcu.externaltools.gnu-tools-for-stm32.13.3.rel1.win32_1.0.0.202411081344/tools/bin/../lib/gcc/arm-none-eabi/13.3.1/thumb/v7e-m+fp/hard\libgcc.a(_aeabi_uldivmod.o)
 .ARM.attributes
                0x00000a33       0x34 C:/ST/STM32CubeIDE_1.19.0/STM32CubeIDE/plugins/com.st.stm32cube.ide.mcu.externaltools.gnu-tools-for-stm32.13.3.rel1.win32_1.0.0.202411081344/tools/bin/../lib/gcc/arm-none-eabi/13.3.1/thumb/v7e-m+fp/hard\libgcc.a(_udivmoddi4.o)
 .ARM.attributes
                0x00000a67       0x22 C:/ST/STM32CubeIDE_1.19.0/STM32CubeIDE/plugins/com.st.stm32cube.ide.mcu.externaltools.gnu-tools-for-stm32.13.3.rel1.win32_1.0.0.202411081344/tools/bin/../lib/gcc/arm-none-eabi/13.3.1/thumb/v7e-m+fp/hard\libgcc.a(_dvmd_tls.o)
 .ARM.attributes
                0x00000a89       0x22 C:/ST/STM32CubeIDE_1.19.0/STM32CubeIDE/plugins/com.st.stm32cube.ide.mcu.externaltools.gnu-tools-for-stm32.13.3.rel1.win32_1.0.0.202411081344/tools/bin/../lib/gcc/arm-none-eabi/13.3.1/thumb/v7e-m+fp/hard/crtn.o
OUTPUT(HW5_RealQ2.elf elf32-littlearm)
LOAD linker stubs
LOAD C:/ST/STM32CubeIDE_1.19.0/STM32CubeIDE/plugins/com.st.stm32cube.ide.mcu.externaltools.gnu-tools-for-stm32.13.3.rel1.win32_1.0.0.202411081344/tools/bin/../lib/gcc/arm-none-eabi/13.3.1/../../../../arm-none-eabi/lib/thumb/v7e-m+fp/hard\libc.a
LOAD C:/ST/STM32CubeIDE_1.19.0/STM32CubeIDE/plugins/com.st.stm32cube.ide.mcu.externaltools.gnu-tools-for-stm32.13.3.rel1.win32_1.0.0.202411081344/tools/bin/../lib/gcc/arm-none-eabi/13.3.1/../../../../arm-none-eabi/lib/thumb/v7e-m+fp/hard\libm.a
LOAD C:/ST/STM32CubeIDE_1.19.0/STM32CubeIDE/plugins/com.st.stm32cube.ide.mcu.externaltools.gnu-tools-for-stm32.13.3.rel1.win32_1.0.0.202411081344/tools/bin/../lib/gcc/arm-none-eabi/13.3.1/thumb/v7e-m+fp/hard\libgcc.a

.debug_info     0x00000000     0xafa0
 .debug_info    0x00000000      0x405 ./Core/Src/hu_moments.o
 .debug_info    0x00000405     0x144a ./Core/Src/main.o
 .debug_info    0x0000184f       0xb9 ./Core/Src/manual_img.o
 .debug_info    0x00001908      0xa5e ./Core/Src/stm32f4xx_hal_msp.o
 .debug_info    0x00002366      0x112 ./Core/Src/stm32f4xx_it.o
 .debug_info    0x00002478      0x54a ./Core/Src/system_stm32f4xx.o
 .debug_info    0x000029c2       0x30 ./Core/Startup/startup_stm32f446retx.o
 .debug_info    0x000029f2      0x99a ./Drivers/STM32F4xx_HAL_Driver/Src/stm32f4xx_hal.o
 .debug_info    0x0000338c      0xdaa ./Drivers/STM32F4xx_HAL_Driver/Src/stm32f4xx_hal_cortex.o
 .debug_info    0x00004136      0x37f ./Drivers/STM32F4xx_HAL_Driver/Src/stm32f4xx_hal_crc.o
 .debug_info    0x000044b5      0x70b ./Drivers/STM32F4xx_HAL_Driver/Src/stm32f4xx_hal_gpio.o
 .debug_info    0x00004bc0      0x8ff ./Drivers/STM32F4xx_HAL_Driver/Src/stm32f4xx_hal_rcc.o
 .debug_info    0x000054bf      0x960 ./Drivers/STM32F4xx_HAL_Driver/Src/stm32f4xx_hal_rcc_ex.o
 .debug_info    0x00005e1f     0x2f4f ./Drivers/STM32F4xx_HAL_Driver/Src/stm32f4xx_hal_uart.o
 .debug_info    0x00008d6e     0x1ae0 ./X-CUBE-AI/App/network.o
 .debug_info    0x0000a84e      0x601 ./X-CUBE-AI/App/network_data.o
 .debug_info    0x0000ae4f      0x151 ./X-CUBE-AI/App/network_data_params.o

.debug_abbrev   0x00000000     0x1ee6
 .debug_abbrev  0x00000000       0xe2 ./Core/Src/hu_moments.o
 .debug_abbrev  0x000000e2      0x34f ./Core/Src/main.o
 .debug_abbrev  0x00000431       0x73 ./Core/Src/manual_img.o
 .debug_abbrev  0x000004a4      0x1df ./Core/Src/stm32f4xx_hal_msp.o
 .debug_abbrev  0x00000683       0x73 ./Core/Src/stm32f4xx_it.o
 .debug_abbrev  0x000006f6      0x11a ./Core/Src/system_stm32f4xx.o
 .debug_abbrev  0x00000810       0x24 ./Core/Startup/startup_stm32f446retx.o
 .debug_abbrev  0x00000834      0x214 ./Drivers/STM32F4xx_HAL_Driver/Src/stm32f4xx_hal.o
 .debug_abbrev  0x00000a48      0x31d ./Drivers/STM32F4xx_HAL_Driver/Src/stm32f4xx_hal_cortex.o
 .debug_abbrev  0x00000d65      0x1b1 ./Drivers/STM32F4xx_HAL_Driver/Src/stm32f4xx_hal_crc.o
 .debug_abbrev  0x00000f16      0x1d4 ./Drivers/STM32F4xx_HAL_Driver/Src/stm32f4xx_hal_gpio.o
 .debug_abbrev  0x000010ea      0x2b7 ./Drivers/STM32F4xx_HAL_Driver/Src/stm32f4xx_hal_rcc.o
 .debug_abbrev  0x000013a1      0x211 ./Drivers/STM32F4xx_HAL_Driver/Src/stm32f4xx_hal_rcc_ex.o
 .debug_abbrev  0x000015b2      0x30e ./Drivers/STM32F4xx_HAL_Driver/Src/stm32f4xx_hal_uart.o
 .debug_abbrev  0x000018c0      0x35f ./X-CUBE-AI/App/network.o
 .debug_abbrev  0x00001c1f      0x20e ./X-CUBE-AI/App/network_data.o
 .debug_abbrev  0x00001e2d       0xb9 ./X-CUBE-AI/App/network_data_params.o

.debug_aranges  0x00000000      0x820
 .debug_aranges
                0x00000000       0x20 ./Core/Src/hu_moments.o
 .debug_aranges
                0x00000020       0x58 ./Core/Src/main.o
 .debug_aranges
                0x00000078       0x18 ./Core/Src/manual_img.o
 .debug_aranges
                0x00000090       0x40 ./Core/Src/stm32f4xx_hal_msp.o
 .debug_aranges
                0x000000d0       0x60 ./Core/Src/stm32f4xx_it.o
 .debug_aranges
                0x00000130       0x28 ./Core/Src/system_stm32f4xx.o
 .debug_aranges
                0x00000158       0x28 ./Core/Startup/startup_stm32f446retx.o
 .debug_aranges
                0x00000180       0xf0 ./Drivers/STM32F4xx_HAL_Driver/Src/stm32f4xx_hal.o
 .debug_aranges
                0x00000270      0x130 ./Drivers/STM32F4xx_HAL_Driver/Src/stm32f4xx_hal_cortex.o
 .debug_aranges
                0x000003a0       0x50 ./Drivers/STM32F4xx_HAL_Driver/Src/stm32f4xx_hal_crc.o
 .debug_aranges
                0x000003f0       0x58 ./Drivers/STM32F4xx_HAL_Driver/Src/stm32f4xx_hal_gpio.o
 .debug_aranges
                0x00000448       0x88 ./Drivers/STM32F4xx_HAL_Driver/Src/stm32f4xx_hal_rcc.o
 .debug_aranges
                0x000004d0       0x78 ./Drivers/STM32F4xx_HAL_Driver/Src/stm32f4xx_hal_rcc_ex.o
 .debug_aranges
                0x00000548      0x208 ./Drivers/STM32F4xx_HAL_Driver/Src/stm32f4xx_hal_uart.o
 .debug_aranges
                0x00000750       0x80 ./X-CUBE-AI/App/network.o
 .debug_aranges
                0x000007d0       0x38 ./X-CUBE-AI/App/network_data.o
 .debug_aranges
                0x00000808       0x18 ./X-CUBE-AI/App/network_data_params.o

.debug_rnglists
                0x00000000      0x600
 .debug_rnglists
                0x00000000       0x14 ./Core/Src/hu_moments.o
 .debug_rnglists
                0x00000014       0x40 ./Core/Src/main.o
 .debug_rnglists
                0x00000054       0x2c ./Core/Src/stm32f4xx_hal_msp.o
 .debug_rnglists
                0x00000080       0x43 ./Core/Src/stm32f4xx_it.o
 .debug_rnglists
                0x000000c3       0x1a ./Core/Src/system_stm32f4xx.o
 .debug_rnglists
                0x000000dd       0x19 ./Core/Startup/startup_stm32f446retx.o
 .debug_rnglists
                0x000000f6       0xaf ./Drivers/STM32F4xx_HAL_Driver/Src/stm32f4xx_hal.o
 .debug_rnglists
                0x000001a5       0xe0 ./Drivers/STM32F4xx_HAL_Driver/Src/stm32f4xx_hal_cortex.o
 .debug_rnglists
                0x00000285       0x37 ./Drivers/STM32F4xx_HAL_Driver/Src/stm32f4xx_hal_crc.o
 .debug_rnglists
                0x000002bc       0x3f ./Drivers/STM32F4xx_HAL_Driver/Src/stm32f4xx_hal_gpio.o
 .debug_rnglists
                0x000002fb       0x66 ./Drivers/STM32F4xx_HAL_Driver/Src/stm32f4xx_hal_rcc.o
 .debug_rnglists
                0x00000361       0x5e ./Drivers/STM32F4xx_HAL_Driver/Src/stm32f4xx_hal_rcc_ex.o
 .debug_rnglists
                0x000003bf      0x1bc ./Drivers/STM32F4xx_HAL_Driver/Src/stm32f4xx_hal_uart.o
 .debug_rnglists
                0x0000057b       0x60 ./X-CUBE-AI/App/network.o
 .debug_rnglists
                0x000005db       0x25 ./X-CUBE-AI/App/network_data.o

.debug_macro    0x00000000    0x22f48
 .debug_macro   0x00000000      0x11d ./Core/Src/hu_moments.o
 .debug_macro   0x0000011d      0xad8 ./Core/Src/hu_moments.o
 .debug_macro   0x00000bf5       0x22 ./Core/Src/hu_moments.o
 .debug_macro   0x00000c17       0x8e ./Core/Src/hu_moments.o
 .debug_macro   0x00000ca5       0x51 ./Core/Src/hu_moments.o
 .debug_macro   0x00000cf6      0x103 ./Core/Src/hu_moments.o
 .debug_macro   0x00000df9       0x6a ./Core/Src/hu_moments.o
 .debug_macro   0x00000e63      0x1df ./Core/Src/hu_moments.o
 .debug_macro   0x00001042       0x61 ./Core/Src/hu_moments.o
 .debug_macro   0x000010a3       0x2a ./Core/Src/hu_moments.o
 .debug_macro   0x000010cd       0x43 ./Core/Src/hu_moments.o
 .debug_macro   0x00001110       0x34 ./Core/Src/hu_moments.o
 .debug_macro   0x00001144      0x190 ./Core/Src/hu_moments.o
 .debug_macro   0x000012d4      0x370 ./Core/Src/hu_moments.o
 .debug_macro   0x00001644       0x16 ./Core/Src/hu_moments.o
 .debug_macro   0x0000165a       0x4a ./Core/Src/hu_moments.o
 .debug_macro   0x000016a4       0x34 ./Core/Src/hu_moments.o
 .debug_macro   0x000016d8       0x10 ./Core/Src/hu_moments.o
 .debug_macro   0x000016e8       0x58 ./Core/Src/hu_moments.o
 .debug_macro   0x00001740       0x8e ./Core/Src/hu_moments.o
 .debug_macro   0x000017ce       0x1c ./Core/Src/hu_moments.o
 .debug_macro   0x000017ea      0x185 ./Core/Src/hu_moments.o
 .debug_macro   0x0000196f      0x19b ./Core/Src/hu_moments.o
 .debug_macro   0x00001b0a      0x28f ./Core/Src/main.o
 .debug_macro   0x00001d99      0x29b ./Core/Src/main.o
 .debug_macro   0x00002034       0x2e ./Core/Src/main.o
 .debug_macro   0x00002062       0x28 ./Core/Src/main.o
 .debug_macro   0x0000208a       0x1c ./Core/Src/main.o
 .debug_macro   0x000020a6       0x22 ./Core/Src/main.o
 .debug_macro   0x000020c8       0xfb ./Core/Src/main.o
 .debug_macro   0x000021c3     0x1011 ./Core/Src/main.o
 .debug_macro   0x000031d4      0x11f ./Core/Src/main.o
 .debug_macro   0x000032f3    0x1675e ./Core/Src/main.o
 .debug_macro   0x00019a51       0x6d ./Core/Src/main.o
 .debug_macro   0x00019abe     0x3693 ./Core/Src/main.o
 .debug_macro   0x0001d151       0x5c ./Core/Src/main.o
 .debug_macro   0x0001d1ad      0xca5 ./Core/Src/main.o
 .debug_macro   0x0001de52      0x9e9 ./Core/Src/main.o
 .debug_macro   0x0001e83b      0x115 ./Core/Src/main.o
 .debug_macro   0x0001e950      0x1a0 ./Core/Src/main.o
 .debug_macro   0x0001eaf0       0xa5 ./Core/Src/main.o
 .debug_macro   0x0001eb95      0x16d ./Core/Src/main.o
 .debug_macro   0x0001ed02      0x287 ./Core/Src/main.o
 .debug_macro   0x0001ef89       0x5f ./Core/Src/main.o
 .debug_macro   0x0001efe8      0x236 ./Core/Src/main.o
 .debug_macro   0x0001f21e       0x22 ./Core/Src/main.o
 .debug_macro   0x0001f240      0x132 ./Core/Src/main.o
 .debug_macro   0x0001f372      0x29c ./Core/Src/main.o
 .debug_macro   0x0001f60e       0x2e ./Core/Src/main.o
 .debug_macro   0x0001f63c      0x127 ./Core/Src/main.o
 .debug_macro   0x0001f763       0xe8 ./Core/Src/main.o
 .debug_macro   0x0001f84b       0x89 ./Core/Src/main.o
 .debug_macro   0x0001f8d4      0x2aa ./Core/Src/main.o
 .debug_macro   0x0001fb7e      0x126 ./Core/Src/main.o
 .debug_macro   0x0001fca4       0x58 ./Core/Src/main.o
 .debug_macro   0x0001fcfc       0x7c ./Core/Src/main.o
 .debug_macro   0x0001fd78       0x3a ./Core/Src/main.o
 .debug_macro   0x0001fdb2       0x3c ./Core/Src/main.o
 .debug_macro   0x0001fdee      0x460 ./Core/Src/main.o
 .debug_macro   0x0002024e       0x22 ./Core/Src/main.o
 .debug_macro   0x00020270       0x22 ./Core/Src/main.o
 .debug_macro   0x00020292      0x342 ./Core/Src/main.o
 .debug_macro   0x000205d4       0x88 ./Core/Src/main.o
 .debug_macro   0x0002065c       0x4c ./Core/Src/main.o
 .debug_macro   0x000206a8       0x10 ./Core/Src/main.o
 .debug_macro   0x000206b8       0x16 ./Core/Src/main.o
 .debug_macro   0x000206ce       0x72 ./Core/Src/manual_img.o
 .debug_macro   0x00020740       0x10 ./Core/Src/manual_img.o
 .debug_macro   0x00020750      0x1d3 ./Core/Src/stm32f4xx_hal_msp.o
 .debug_macro   0x00020923      0x1dd ./Core/Src/stm32f4xx_it.o
 .debug_macro   0x00020b00      0x1c4 ./Core/Src/system_stm32f4xx.o
 .debug_macro   0x00020cc4      0x224 ./Drivers/STM32F4xx_HAL_Driver/Src/stm32f4xx_hal.o
 .debug_macro   0x00020ee8      0x1c4 ./Drivers/STM32F4xx_HAL_Driver/Src/stm32f4xx_hal_cortex.o
 .debug_macro   0x000210ac      0x1c4 ./Drivers/STM32F4xx_HAL_Driver/Src/stm32f4xx_hal_crc.o
 .debug_macro   0x00021270      0x1ca ./Drivers/STM32F4xx_HAL_Driver/Src/stm32f4xx_hal_gpio.o
 .debug_macro   0x0002143a      0x1e8 ./Drivers/STM32F4xx_HAL_Driver/Src/stm32f4xx_hal_rcc.o
 .debug_macro   0x00021622      0x1c4 ./Drivers/STM32F4xx_HAL_Driver/Src/stm32f4xx_hal_rcc_ex.o
 .debug_macro   0x000217e6      0x1c5 ./Drivers/STM32F4xx_HAL_Driver/Src/stm32f4xx_hal_uart.o
 .debug_macro   0x000219ab      0x4b0 ./X-CUBE-AI/App/network.o
 .debug_macro   0x00021e5b       0x16 ./X-CUBE-AI/App/network.o
 .debug_macro   0x00021e71       0x10 ./X-CUBE-AI/App/network.o
 .debug_macro   0x00021e81       0x20 ./X-CUBE-AI/App/network.o
 .debug_macro   0x00021ea1       0x22 ./X-CUBE-AI/App/network.o
 .debug_macro   0x00021ec3       0x10 ./X-CUBE-AI/App/network.o
 .debug_macro   0x00021ed3       0xc0 ./X-CUBE-AI/App/network.o
 .debug_macro   0x00021f93      0x229 ./X-CUBE-AI/App/network.o
 .debug_macro   0x000221bc       0x2e ./X-CUBE-AI/App/network.o
 .debug_macro   0x000221ea       0xcf ./X-CUBE-AI/App/network.o
 .debug_macro   0x000222b9      0x1ed ./X-CUBE-AI/App/network.o
 .debug_macro   0x000224a6       0x7c ./X-CUBE-AI/App/network.o
 .debug_macro   0x00022522       0x17 ./X-CUBE-AI/App/network.o
 .debug_macro   0x00022539      0x118 ./X-CUBE-AI/App/network.o
 .debug_macro   0x00022651      0x202 ./X-CUBE-AI/App/network.o
 .debug_macro   0x00022853       0x3a ./X-CUBE-AI/App/network.o
 .debug_macro   0x0002288d       0x2e ./X-CUBE-AI/App/network.o
 .debug_macro   0x000228bb       0xdc ./X-CUBE-AI/App/network.o
 .debug_macro   0x00022997       0x16 ./X-CUBE-AI/App/network.o
 .debug_macro   0x000229ad       0x4d ./X-CUBE-AI/App/network.o
 .debug_macro   0x000229fa       0x25 ./X-CUBE-AI/App/network.o
 .debug_macro   0x00022a1f       0x6d ./X-CUBE-AI/App/network.o
 .debug_macro   0x00022a8c       0x16 ./X-CUBE-AI/App/network.o
 .debug_macro   0x00022aa2       0x7c ./X-CUBE-AI/App/network.o
 .debug_macro   0x00022b1e       0x22 ./X-CUBE-AI/App/network.o
 .debug_macro   0x00022b40       0x10 ./X-CUBE-AI/App/network.o
 .debug_macro   0x00022b50       0x11 ./X-CUBE-AI/App/network.o
 .debug_macro   0x00022b61       0x2e ./X-CUBE-AI/App/network.o
 .debug_macro   0x00022b8f       0x2e ./X-CUBE-AI/App/network.o
 .debug_macro   0x00022bbd      0x20f ./X-CUBE-AI/App/network_data.o
 .debug_macro   0x00022dcc       0x46 ./X-CUBE-AI/App/network_data.o
 .debug_macro   0x00022e12       0xf0 ./X-CUBE-AI/App/network_data_params.o
 .debug_macro   0x00022f02       0x46 ./X-CUBE-AI/App/network_data_params.o

.debug_line     0x00000000     0xbd17
 .debug_line    0x00000000      0x880 ./Core/Src/hu_moments.o
 .debug_line    0x00000880      0xb1a ./Core/Src/main.o
 .debug_line    0x0000139a      0x414 ./Core/Src/manual_img.o
 .debug_line    0x000017ae      0x7b2 ./Core/Src/stm32f4xx_hal_msp.o
 .debug_line    0x00001f60      0x7db ./Core/Src/stm32f4xx_it.o
 .debug_line    0x0000273b      0x7a2 ./Core/Src/system_stm32f4xx.o
 .debug_line    0x00002edd       0x7a ./Core/Startup/startup_stm32f446retx.o
 .debug_line    0x00002f57      0xa1e ./Drivers/STM32F4xx_HAL_Driver/Src/stm32f4xx_hal.o
 .debug_line    0x00003975      0xcee ./Drivers/STM32F4xx_HAL_Driver/Src/stm32f4xx_hal_cortex.o
 .debug_line    0x00004663      0x853 ./Drivers/STM32F4xx_HAL_Driver/Src/stm32f4xx_hal_crc.o
 .debug_line    0x00004eb6      0xb62 ./Drivers/STM32F4xx_HAL_Driver/Src/stm32f4xx_hal_gpio.o
 .debug_line    0x00005a18      0xe39 ./Drivers/STM32F4xx_HAL_Driver/Src/stm32f4xx_hal_rcc.o
 .debug_line    0x00006851     0x14ea ./Drivers/STM32F4xx_HAL_Driver/Src/stm32f4xx_hal_rcc_ex.o
 .debug_line    0x00007d3b     0x2566 ./Drivers/STM32F4xx_HAL_Driver/Src/stm32f4xx_hal_uart.o
 .debug_line    0x0000a2a1      0xdf7 ./X-CUBE-AI/App/network.o
 .debug_line    0x0000b098      0x717 ./X-CUBE-AI/App/network_data.o
 .debug_line    0x0000b7af      0x568 ./X-CUBE-AI/App/network_data_params.o

.debug_str      0x00000000    0xd516e
 .debug_str     0x00000000    0xd516e ./Core/Src/hu_moments.o
                               0x7b51 (size before relaxing)
 .debug_str     0x000d516e    0xc7523 ./Core/Src/main.o
 .debug_str     0x000d516e     0x3dd7 ./Core/Src/manual_img.o
 .debug_str     0x000d516e    0xc2f56 ./Core/Src/stm32f4xx_hal_msp.o
 .debug_str     0x000d516e    0xc28bc ./Core/Src/stm32f4xx_it.o
 .debug_str     0x000d516e    0xc28e5 ./Core/Src/system_stm32f4xx.o
 .debug_str     0x000d516e       0x82 ./Core/Startup/startup_stm32f446retx.o
 .debug_str     0x000d516e    0xc34aa ./Drivers/STM32F4xx_HAL_Driver/Src/stm32f4xx_hal.o
 .debug_str     0x000d516e    0xc3201 ./Drivers/STM32F4xx_HAL_Driver/Src/stm32f4xx_hal_cortex.o
 .debug_str     0x000d516e    0xc28ee ./Drivers/STM32F4xx_HAL_Driver/Src/stm32f4xx_hal_crc.o
 .debug_str     0x000d516e    0xc2a60 ./Drivers/STM32F4xx_HAL_Driver/Src/stm32f4xx_hal_gpio.o
 .debug_str     0x000d516e    0xc2d1e ./Drivers/STM32F4xx_HAL_Driver/Src/stm32f4xx_hal_rcc.o
 .debug_str     0x000d516e    0xc2d51 ./Drivers/STM32F4xx_HAL_Driver/Src/stm32f4xx_hal_rcc_ex.o
 .debug_str     0x000d516e    0xc32d5 ./Drivers/STM32F4xx_HAL_Driver/Src/stm32f4xx_hal_uart.o
 .debug_str     0x000d516e    0x1459f ./X-CUBE-AI/App/network.o
 .debug_str     0x000d516e     0xefe3 ./X-CUBE-AI/App/network_data.o
 .debug_str     0x000d516e     0x7b0a ./X-CUBE-AI/App/network_data_params.o

.comment        0x00000000       0x86
 .comment       0x00000000       0x86 ./Core/Src/hu_moments.o
                                 0x44 (size before relaxing)
 .comment       0x00000086       0x44 ./Core/Src/main.o
 .comment       0x00000086       0x44 ./Core/Src/manual_img.o
 .comment       0x00000086       0x44 ./Core/Src/stm32f4xx_hal_msp.o
 .comment       0x00000086       0x44 ./Core/Src/stm32f4xx_it.o
 .comment       0x00000086       0x44 ./Core/Src/system_stm32f4xx.o
 .comment       0x00000086       0x44 ./Drivers/STM32F4xx_HAL_Driver/Src/stm32f4xx_hal.o
 .comment       0x00000086       0x44 ./Drivers/STM32F4xx_HAL_Driver/Src/stm32f4xx_hal_cortex.o
 .comment       0x00000086       0x44 ./Drivers/STM32F4xx_HAL_Driver/Src/stm32f4xx_hal_crc.o
 .comment       0x00000086       0x44 ./Drivers/STM32F4xx_HAL_Driver/Src/stm32f4xx_hal_gpio.o
 .comment       0x00000086       0x44 ./Drivers/STM32F4xx_HAL_Driver/Src/stm32f4xx_hal_rcc.o
 .comment       0x00000086       0x44 ./Drivers/STM32F4xx_HAL_Driver/Src/stm32f4xx_hal_rcc_ex.o
 .comment       0x00000086       0x44 ./Drivers/STM32F4xx_HAL_Driver/Src/stm32f4xx_hal_uart.o
 .comment       0x00000086       0x44 ./X-CUBE-AI/App/network.o
 .comment       0x00000086       0x44 ./X-CUBE-AI/App/network_data.o
 .comment       0x00000086       0x44 ./X-CUBE-AI/App/network_data_params.o
 .comment       0x00000086       0x44 ../Middlewares/ST/AI/Lib\NetworkRuntime1020_CM4_GCC.a(ai_platform.o)
 .comment       0x00000086       0x44 ../Middlewares/ST/AI/Lib\NetworkRuntime1020_CM4_GCC.a(ai_platform_interface.o)
 .comment       0x00000086       0x44 ../Middlewares/ST/AI/Lib\NetworkRuntime1020_CM4_GCC.a(core_common.o)
 .comment       0x00000086       0x44 ../Middlewares/ST/AI/Lib\NetworkRuntime1020_CM4_GCC.a(layers.o)
 .comment       0x00000086       0x44 ../Middlewares/ST/AI/Lib\NetworkRuntime1020_CM4_GCC.a(layers_conv2d_generic_float.o)
 .comment       0x00000086       0x44 ../Middlewares/ST/AI/Lib\NetworkRuntime1020_CM4_GCC.a(layers_nl_generic_float.o)
 .comment       0x00000086       0x44 ../Middlewares/ST/AI/Lib\NetworkRuntime1020_CM4_GCC.a(lite_nl_softmax_if32of32.o)
 .comment       0x00000086       0x44 ../Middlewares/ST/AI/Lib\NetworkRuntime1020_CM4_GCC.a(lite_nl_relu_if32of32.o)
 .comment       0x00000086       0x44 ../Middlewares/ST/AI/Lib\NetworkRuntime1020_CM4_GCC.a(lite_dense_if32.o)
 .comment       0x00000086       0x44 ../Middlewares/ST/AI/Lib\NetworkRuntime1020_CM4_GCC.a(lite_nl_generic_float.o)
 .comment       0x00000086       0x44 ../Middlewares/ST/AI/Lib\NetworkRuntime1020_CM4_GCC.a(st_int8_fill.o)
 .comment       0x00000086       0x44 ../Middlewares/ST/AI/Lib\NetworkRuntime1020_CM4_GCC.a(ai_datatypes_format.o)
 .comment       0x00000086       0x44 ../Middlewares/ST/AI/Lib\NetworkRuntime1020_CM4_GCC.a(ai_datatypes_internal.o)

.debug_frame    0x00000000     0x2604
 .debug_frame   0x00000000       0x44 ./Core/Src/hu_moments.o
 .debug_frame   0x00000044      0x110 ./Core/Src/main.o
 .debug_frame   0x00000154       0xcc ./Core/Src/stm32f4xx_hal_msp.o
 .debug_frame   0x00000220      0x104 ./Core/Src/stm32f4xx_it.o
 .debug_frame   0x00000324       0x58 ./Core/Src/system_stm32f4xx.o
 .debug_frame   0x0000037c      0x374 ./Drivers/STM32F4xx_HAL_Driver/Src/stm32f4xx_hal.o
 .debug_frame   0x000006f0      0x508 ./Drivers/STM32F4xx_HAL_Driver/Src/stm32f4xx_hal_cortex.o
 .debug_frame   0x00000bf8      0x120 ./Drivers/STM32F4xx_HAL_Driver/Src/stm32f4xx_hal_crc.o
 .debug_frame   0x00000d18      0x14c ./Drivers/STM32F4xx_HAL_Driver/Src/stm32f4xx_hal_gpio.o
 .debug_frame   0x00000e64      0x1f4 ./Drivers/STM32F4xx_HAL_Driver/Src/stm32f4xx_hal_rcc.o
 .debug_frame   0x00001058      0x1e8 ./Drivers/STM32F4xx_HAL_Driver/Src/stm32f4xx_hal_rcc_ex.o
 .debug_frame   0x00001240      0x954 ./Drivers/STM32F4xx_HAL_Driver/Src/stm32f4xx_hal_uart.o
 .debug_frame   0x00001b94      0x1ec ./X-CUBE-AI/App/network.o
 .debug_frame   0x00001d80       0xac ./X-CUBE-AI/App/network_data.o
 .debug_frame   0x00001e2c      0x144 C:/ST/STM32CubeIDE_1.19.0/STM32CubeIDE/plugins/com.st.stm32cube.ide.mcu.externaltools.gnu-tools-for-stm32.13.3.rel1.win32_1.0.0.202411081344/tools/bin/../lib/gcc/arm-none-eabi/13.3.1/../../../../arm-none-eabi/lib/thumb/v7e-m+fp/hard\libc_nano.a(libc_a-findfp.o)
 .debug_frame   0x00001f70       0x20 C:/ST/STM32CubeIDE_1.19.0/STM32CubeIDE/plugins/com.st.stm32cube.ide.mcu.externaltools.gnu-tools-for-stm32.13.3.rel1.win32_1.0.0.202411081344/tools/bin/../lib/gcc/arm-none-eabi/13.3.1/../../../../arm-none-eabi/lib/thumb/v7e-m+fp/hard\libc_nano.a(libc_a-memset.o)
 .debug_frame   0x00001f90       0x20 C:/ST/STM32CubeIDE_1.19.0/STM32CubeIDE/plugins/com.st.stm32cube.ide.mcu.externaltools.gnu-tools-for-stm32.13.3.rel1.win32_1.0.0.202411081344/tools/bin/../lib/gcc/arm-none-eabi/13.3.1/../../../../arm-none-eabi/lib/thumb/v7e-m+fp/hard\libc_nano.a(libc_a-errno.o)
 .debug_frame   0x00001fb0       0x2c C:/ST/STM32CubeIDE_1.19.0/STM32CubeIDE/plugins/com.st.stm32cube.ide.mcu.externaltools.gnu-tools-for-stm32.13.3.rel1.win32_1.0.0.202411081344/tools/bin/../lib/gcc/arm-none-eabi/13.3.1/../../../../arm-none-eabi/lib/thumb/v7e-m+fp/hard\libc_nano.a(libc_a-init.o)